 microtime

 Timestamp is 593188ae (Fri Jun  2 15:47:58 2017)

 Preferred load address is 0000000180000000

 Start         Length     Name                   Class
 0001:00000000 0000ae90H .text$mn                CODE
 0001:0000ae90 00000020H .text$mn$00             CODE
 0001:0000aeb0 00000260H .text$x                 CODE
 0002:00000000 00000240H .idata$5                DATA
 0002:00000240 00000010H .00cfg                  DATA
 0002:00000250 00000008H .CRT$XCA                DATA
 0002:00000258 00000008H .CRT$XCU                DATA
 0002:00000260 00000008H .CRT$XCZ                DATA
 0002:00000268 00000008H .CRT$XIA                DATA
 0002:00000270 00000018H .CRT$XIC                DATA
 0002:00000288 00000008H .CRT$XIZ                DATA
 0002:00000290 00000008H .CRT$XPA                DATA
 0002:00000298 00000010H .CRT$XPX                DATA
 0002:000002a8 00000008H .CRT$XPXA               DATA
 0002:000002b0 00000008H .CRT$XPZ                DATA
 0002:000002b8 00000008H .CRT$XTA                DATA
 0002:000002c0 00000010H .CRT$XTZ                DATA
 0002:000002d0 000070b8H .rdata                  DATA
 0002:00007388 00000000H .rdata$r                DATA
 0002:00007388 00000398H .rdata$zzzdbg           DATA
 0002:00007720 00000008H .rtc$IAA                DATA
 0002:00007728 00000008H .rtc$IZZ                DATA
 0002:00007730 00000008H .rtc$TAA                DATA
 0002:00007738 00000008H .rtc$TZZ                DATA
 0002:00007740 00000b0cH .xdata                  DATA
 0002:0000824c 00000020H .didat$2                DATA
 0002:0000826c 00000024H .didat$3                DATA
 0002:00008290 000000d8H .didat$4                DATA
 0002:00008368 00000738H .didat$6                DATA
 0002:00008aa0 000000e0H .didat$7                DATA
 0002:00008b80 00000058H .edata                  DATA
 0002:00008bd8 00000014H .idata$2                DATA
 0002:00008bec 00000014H .idata$3                DATA
 0002:00008c00 00000240H .idata$4                DATA
 0002:00008e40 0000053aH .idata$6                DATA
 0003:00000000 00000920H .data                   DATA
 0003:00000920 00000000H .data$r                 DATA
 0003:00000920 000000e0H .didat$5                DATA
 0003:00000a00 000011f8H .bss                    DATA
 0004:00000000 00000d80H .pdata                  DATA
 0005:00000000 00000080H .gfids$x                DATA
 0005:00000080 00000014H .gfids$y                DATA
 0006:00000000 00000060H .rsrc$01                DATA
 0006:00000060 00000180H .rsrc$02                DATA

  Address         Publics by Value              Rva+Base               Lib:Object

 0000:00000000       __guard_iat_count          0000000000000000     <absolute>
 0000:00000000       __dynamic_value_reloc_table 0000000000000000     <absolute>
 0000:00000000       __guard_iat_table          0000000000000000     <absolute>
 0000:00000000       __guard_longjmp_table      0000000000000000     <absolute>
 0000:00000000       __guard_longjmp_count      0000000000000000     <absolute>
 0000:00000000       __guard_fids_count         0000000000000000     <absolute>
 0000:00000000       ___safe_se_handler_table   0000000000000000     <absolute>
 0000:00000000       ___safe_se_handler_count   0000000000000000     <absolute>
 0000:00000000       __guard_fids_table         0000000000000000     <absolute>
 0000:00000100       __guard_flags              0000000000000100     <absolute>
 0000:00000000       __ImageBase                0000000180000000     <linker-defined>
 0001:000000b0       ?New@?$Factory@VFunctionTemplate@v8@@@imp@Nan@@SA?AV?$Local@VFunctionTemplate@v8@@@v8@@P6AXAEBV?$FunctionCallbackInfo@VValue@v8@@@3@@ZV?$Local@VValue@v8@@@5@V?$Local@VSignature@v8@@@5@@Z 00000001800010b0 f i microtime.obj
 0001:00000280       ?Export@Nan@@YAXV?$Local@VObject@v8@@@v8@@PEBDP6AXAEBV?$FunctionCallbackInfo@VValue@v8@@@1@@Z@Z 0000000180001280 f i microtime.obj
 0001:000003e0       ?Now@@YAXAEBV?$FunctionCallbackInfo@VValue@v8@@@Nan@@@Z 00000001800013e0 f   microtime.obj
 0001:000004b0       ?NowDouble@@YAXAEBV?$FunctionCallbackInfo@VValue@v8@@@Nan@@@Z 00000001800014b0 f   microtime.obj
 0001:00000580       ?NowStruct@@YAXAEBV?$FunctionCallbackInfo@VValue@v8@@@Nan@@@Z 0000000180001580 f   microtime.obj
 0001:000007d0       ?InitAll@@YAXV?$Local@VObject@v8@@@v8@@@Z 00000001800017d0 f   microtime.obj
 0001:000008ac       __imp_load_?Value@External@v8@@QEBAPEAXXZ 00000001800018ac f   node:node.exe
 0001:000008b8       __tailMerge_node_exe       00000001800018b8 f i node:node.exe
 0001:00000931       __imp_load_?New@External@v8@@SA?AV?$Local@VExternal@v8@@@2@PEAVIsolate@2@PEAX@Z 0000000180001931 f   node:node.exe
 0001:0000093d       __imp_load_?New@Integer@v8@@SA?AV?$Local@VInteger@v8@@@2@PEAVIsolate@2@H@Z 000000018000193d f   node:node.exe
 0001:00000949       __imp_load_?GetCurrentContext@Isolate@v8@@QEAA?AV?$Local@VContext@v8@@@2@XZ 0000000180001949 f   node:node.exe
 0001:00000955       __imp_load_?GetCurrent@Isolate@v8@@SAPEAV12@XZ 0000000180001955 f   node:node.exe
 0001:00000961       __imp_load_?CreateHandle@HandleScope@v8@@KAPEAPEAVObject@internal@2@PEAVIsolate@42@PEAV342@@Z 0000000180001961 f   node:node.exe
 0001:0000096d       __imp_load_?CreateHandle@HandleScope@v8@@CAPEAPEAVObject@internal@2@PEAVHeapObject@42@PEAV342@@Z 000000018000196d f   node:node.exe
 0001:00000979       __imp_load_??1HandleScope@v8@@QEAA@XZ 0000000180001979 f   node:node.exe
 0001:00000985       __imp_load_??0HandleScope@v8@@QEAA@PEAVIsolate@1@@Z 0000000180001985 f   node:node.exe
 0001:00000991       __imp_load_?New@Array@v8@@SA?AV?$Local@VArray@v8@@@2@PEAVIsolate@2@H@Z 0000000180001991 f   node:node.exe
 0001:0000099d       __imp_load_?GetFunction@FunctionTemplate@v8@@QEAA?AV?$MaybeLocal@VFunction@v8@@@2@V?$Local@VContext@v8@@@2@@Z 000000018000199d f   node:node.exe
 0001:000009a9       __imp_load_?New@FunctionTemplate@v8@@SA?AV?$Local@VFunctionTemplate@v8@@@2@PEAVIsolate@2@P6AXAEBV?$FunctionCallbackInfo@VValue@v8@@@2@@ZV?$Local@VValue@v8@@@2@V?$Local@VSignature@v8@@@2@H@Z 00000001800019a9 f   node:node.exe
 0001:000009b5       __imp_load_?ToLocalEmpty@V8@v8@@CAXXZ 00000001800019b5 f   node:node.exe
 0001:000009c1       __imp_load_?ToInteger@Value@v8@@QEBA?AV?$MaybeLocal@VInteger@v8@@@2@V?$Local@VContext@v8@@@2@@Z 00000001800019c1 f   node:node.exe
 0001:000009cd       __imp_load_?Escape@EscapableHandleScope@v8@@AEAAPEAPEAVObject@internal@2@PEAPEAV342@@Z 00000001800019cd f   node:node.exe
 0001:000009d9       __imp_load_??0EscapableHandleScope@v8@@QEAA@PEAVIsolate@1@@Z 00000001800019d9 f   node:node.exe
 0001:000009e5       __imp_load_?NewFromUtf8@String@v8@@SA?AV?$MaybeLocal@VString@v8@@@2@PEAVIsolate@2@PEBDW4NewStringType@2@H@Z 00000001800019e5 f   node:node.exe
 0001:000009f1       __imp_load_?New@Number@v8@@SA?AV?$Local@VNumber@v8@@@2@PEAVIsolate@2@N@Z 00000001800019f1 f   node:node.exe
 0001:000009fd       __imp_load_?SlowGetInternalField@Object@v8@@AEAA?AV?$Local@VValue@v8@@@2@H@Z 00000001800019fd f   node:node.exe
 0001:00000a09       __imp_load_?SetInternalField@Object@v8@@QEAAXHV?$Local@VValue@v8@@@2@@Z 0000000180001a09 f   node:node.exe
 0001:00000a15       __imp_load_?Set@Object@v8@@QEAA_NV?$Local@VValue@v8@@@2@0@Z 0000000180001a15 f   node:node.exe
 0001:00000a21       __imp_load_?Set@Object@v8@@QEAA?AV?$Maybe@_N@2@V?$Local@VContext@v8@@@2@V?$Local@VValue@v8@@@2@1@Z 0000000180001a21 f   node:node.exe
 0001:00000a2d       __imp_load_?SetInternalFieldCount@ObjectTemplate@v8@@QEAAXH@Z 0000000180001a2d f   node:node.exe
 0001:00000a39       __imp_load_?NewInstance@ObjectTemplate@v8@@QEAA?AV?$MaybeLocal@VObject@v8@@@2@V?$Local@VContext@v8@@@2@@Z 0000000180001a39 f   node:node.exe
 0001:00000a45       __imp_load_?New@ObjectTemplate@v8@@SA?AV?$Local@VObjectTemplate@v8@@@2@PEAVIsolate@2@V?$Local@VFunctionTemplate@v8@@@2@@Z 0000000180001a45 f   node:node.exe
 0001:00000a51       __imp_load_node_module_register 0000000180001a51 f   node:node.exe
 0001:00000a70       __security_check_cookie    0000000180001a70 f   LIBCMT:_amdsecgs_.obj
 0001:00000de0       _DllMainCRTStartup         0000000180001de0 f   LIBCMT:dll_dllmain.obj
 0001:00000e20       __raise_securityfailure    0000000180001e20 f   LIBCMT:gs_report.obj
 0001:00000e54       __report_gsfailure         0000000180001e54 f   LIBCMT:gs_report.obj
 0001:00000f28       __report_rangecheckfailure 0000000180001f28 f   LIBCMT:gs_report.obj
 0001:00000f3c       __report_securityfailure   0000000180001f3c f   LIBCMT:gs_report.obj
 0001:000010bc       __scrt_acquire_startup_lock 00000001800020bc f   LIBCMT:utility.obj
 0001:000010f8       __scrt_dllmain_after_initialize_c 00000001800020f8 f   LIBCMT:utility.obj
 0001:0000112c       __scrt_dllmain_before_initialize_c 000000018000212c f   LIBCMT:utility.obj
 0001:00001144       __scrt_dllmain_crt_thread_attach 0000000180002144 f   LIBCMT:utility.obj
 0001:0000116c       __scrt_dllmain_crt_thread_detach 000000018000216c f   LIBCMT:utility.obj
 0001:00001184       __scrt_dllmain_exception_filter 0000000180002184 f   LIBCMT:utility.obj
 0001:000011e8       __scrt_dllmain_uninitialize_c 00000001800021e8 f   LIBCMT:utility.obj
 0001:00001218       __scrt_dllmain_uninitialize_critical 0000000180002218 f   LIBCMT:utility.obj
 0001:0000122c       __scrt_initialize_crt      000000018000222c f   LIBCMT:utility.obj
 0001:00001278       __scrt_initialize_onexit_tables 0000000180002278 f   LIBCMT:utility.obj
 0001:00001344       __scrt_is_nonwritable_in_current_image 0000000180002344 f   LIBCMT:utility.obj
 0001:000013e0       __scrt_release_startup_lock 00000001800023e0 f   LIBCMT:utility.obj
 0001:00001404       __scrt_uninitialize_crt    0000000180002404 f   LIBCMT:utility.obj
 0001:00001430       _onexit                    0000000180002430 f   LIBCMT:utility.obj
 0001:00001480       atexit                     0000000180002480 f   LIBCMT:utility.obj
 0001:00001498       __security_init_cookie     0000000180002498 f   LIBCMT:gs_support.obj
 0001:00001544       ?__scrt_initialize_type_info@@YAXXZ 0000000180002544 f   LIBCMT:tncleanup.obj
 0001:00001554       ?__scrt_uninitialize_type_info@@YAXXZ 0000000180002554 f   LIBCMT:tncleanup.obj
 0001:00001560       __local_stdio_printf_options 0000000180002560 f i LIBCMT:default_local_stdio_options.obj
 0001:00001568       __local_stdio_scanf_options 0000000180002568 f i LIBCMT:default_local_stdio_options.obj
 0001:00001570       __scrt_initialize_default_local_stdio_options 0000000180002570 f   LIBCMT:default_local_stdio_options.obj
 0001:0000158c       __scrt_get_dyn_tls_init_callback 000000018000258c f   LIBCMT:dyn_tls_init.obj
 0001:00001594       __crt_debugger_hook        0000000180002594 f   LIBCMT:utility_desktop.obj
 0001:0000159c       __scrt_fastfail            000000018000259c f   LIBCMT:utility_desktop.obj
 0001:000016e4       _RTC_Initialize            00000001800026e4 f   LIBCMT:_initsect_.obj
 0001:00001730       _RTC_Terminate             0000000180002730 f   LIBCMT:_initsect_.obj
 0001:0000177c       _guard_check_icall         000000018000277c f i LIBCMT:checkcfg.obj
 0001:00001784       __isa_available_init       0000000180002784 f   LIBCMT:_cpu_disp_.obj
 0001:0000194c       _get_startup_argv_mode     000000018000294c f   LIBCMT:argv_mode.obj
 0001:0000194c       DllMain                    000000018000294c f   LIBCMT:dll_dllmain_stub.obj
 0001:00001954       __scrt_is_ucrt_dll_in_use  0000000180002954 f   LIBCMT:ucrt_detection.obj
 0001:00001960       _guard_check_icall_nop     0000000180002960 f i LIBCMT:guard_support.obj
 0001:00001960       __except_validate_context_record 0000000180002960 f i libvcruntime:jbcxrval.obj
 0001:00001970       __C_specific_handler       0000000180002970 f   libvcruntime:_chandler_.obj
 0001:00001b6c       __vcrt_initialize          0000000180002b6c f   libvcruntime:initialization.obj
 0001:00001ba0       __vcrt_thread_attach       0000000180002ba0 f   libvcruntime:initialization.obj
 0001:00001bb4       __vcrt_thread_detach       0000000180002bb4 f   libvcruntime:initialization.obj
 0001:00001bc8       __vcrt_uninitialize        0000000180002bc8 f   libvcruntime:initialization.obj
 0001:00001be8       __vcrt_uninitialize_critical 0000000180002be8 f   libvcruntime:initialization.obj
 0001:00001bf8       __std_type_info_destroy_list 0000000180002bf8 f   libvcruntime:std_type_info.obj
 0001:00001c40       memset                     0000000180002c40 f   libvcruntime:memset.obj
 0001:00001df0       _local_unwind              0000000180002df0 f   libvcruntime:_jmpuwind_.obj
 0001:00001e20       _NLG_Notify                0000000180002e20 f   libvcruntime:_jmpuwind_.obj
 0001:00001e40       __NLG_Dispatch2            0000000180002e40 f   libvcruntime:_jmpuwind_.obj
 0001:00001e50       __NLG_Return2              0000000180002e50 f   libvcruntime:_jmpuwind_.obj
 0001:00001e54       __vcrt_freefls             0000000180002e54 f   libvcruntime:per_thread_data.obj
 0001:00001e74       __vcrt_freeptd             0000000180002e74 f   libvcruntime:per_thread_data.obj
 0001:00001ec4       __vcrt_getptd_noexit       0000000180002ec4 f   libvcruntime:per_thread_data.obj
 0001:00001f7c       __vcrt_initialize_ptd      0000000180002f7c f   libvcruntime:per_thread_data.obj
 0001:00001fbc       __vcrt_uninitialize_ptd    0000000180002fbc f   libvcruntime:per_thread_data.obj
 0001:00001fe0       __vcrt_initialize_locks    0000000180002fe0 f   libvcruntime:locks.obj
 0001:00002028       __vcrt_uninitialize_locks  0000000180003028 f   libvcruntime:locks.obj
 0001:00002228       __vcrt_FlsAlloc            0000000180003228 f   libvcruntime:winapi_downlevel.obj
 0001:0000227c       __vcrt_FlsFree             000000018000327c f   libvcruntime:winapi_downlevel.obj
 0001:000022d0       __vcrt_FlsGetValue         00000001800032d0 f   libvcruntime:winapi_downlevel.obj
 0001:00002324       __vcrt_FlsSetValue         0000000180003324 f   libvcruntime:winapi_downlevel.obj
 0001:0000238c       __vcrt_InitializeCriticalSectionEx 000000018000338c f   libvcruntime:winapi_downlevel.obj
 0001:00002404       __vcrt_initialize_winapi_thunks 0000000180003404 f   libvcruntime:winapi_downlevel.obj
 0001:00002450       __vcrt_uninitialize_winapi_thunks 0000000180003450 f   libvcruntime:winapi_downlevel.obj
 0001:00002490       __vcrt_initialize_pure_virtual_call_handler 0000000180003490 f   libvcruntime:purevirt_data.obj
 0001:000024b4       __acrt_errno_from_os_error 00000001800034b4 f   libucrt:errno.obj
 0001:000024fc       __acrt_errno_map_os_error  00000001800034fc f   libucrt:errno.obj
 0001:0000254c       __doserrno                 000000018000354c f   libucrt:errno.obj
 0001:0000256c       _errno                     000000018000356c f   libucrt:errno.obj
 0001:0000258c       ??0_LocaleUpdate@@QEAA@QEAU__crt_locale_pointers@@@Z 000000018000358c f i libucrt:stricmp.obj
 0001:0000261c       __ascii_stricmp            000000018000361c f   libucrt:stricmp.obj
 0001:00002658       _stricmp                   0000000180003658 f   libucrt:stricmp.obj
 0001:000026a0       _stricmp_l                 00000001800036a0 f   libucrt:stricmp.obj
 0001:00002754       _initterm                  0000000180003754 f   libucrt:initterm.obj
 0001:000027cc       _initterm_e                00000001800037cc f   libucrt:initterm.obj
 0001:00002818       _seh_filter_dll            0000000180003818 f   libucrt:exception_filter.obj
 0001:0000282c       _seh_filter_exe            000000018000382c f   libucrt:exception_filter.obj
 0001:00002bec       __acrt_initialize_thread_local_exit_callback 0000000180003bec f   libucrt:exit.obj
 0001:00002bf4       _cexit                     0000000180003bf4 f   libucrt:exit.obj
 0001:00002c04       _exit                      0000000180003c04 f   libucrt:exit.obj
 0001:00002c10       _is_c_termination_complete 0000000180003c10 f   libucrt:exit.obj
 0001:00002dd4       __acrt_allocate_buffer_for_argv 0000000180003dd4 f   libucrt:argv_parsing.obj
 0001:00002e38       _configure_narrow_argv     0000000180003e38 f   libucrt:argv_parsing.obj
 0001:00003194       __dcrt_uninitialize_environments_nolock 0000000180004194 f   libucrt:environment_initialization.obj
 0001:000031cc       _initialize_narrow_environment 00000001800041cc f   libucrt:environment_initialization.obj
 0001:000031d4       ??$?RV<lambda_b8c45f8f788dd370798f47cfe8ac3a86>@@AEAV<lambda_4e60a939b0d047cfe11ddc22648dfba9>@@V<lambda_332c3edc96d0294ec56c57d38c1cdfd5>@@@?$__crt_seh_guarded_call@H@@QEAAH$$QEAV<lambda_b8c45f8f788dd370798f47cfe8ac3a86>@@AEAV<lambda_4e60a939b0d047cfe11ddc22648dfba9>@@$$QEAV<lambda_332c3edc96d0294ec56c57d38c1cdfd5>@@@Z 00000001800041d4 f i libucrt:onexit.obj
 0001:00003210       ??$?RV<lambda_e24bbb7b643b32fcea6fa61b31d4c984>@@AEAV<lambda_275893d493268fdec8709772e3fcec0e>@@V<lambda_9d71df4d7cf3f480f8d633942495c3b0>@@@?$__crt_seh_guarded_call@H@@QEAAH$$QEAV<lambda_e24bbb7b643b32fcea6fa61b31d4c984>@@AEAV<lambda_275893d493268fdec8709772e3fcec0e>@@$$QEAV<lambda_9d71df4d7cf3f480f8d633942495c3b0>@@@Z 0000000180004210 f i libucrt:onexit.obj
 0001:0000358c       _crt_atexit                000000018000458c f   libucrt:onexit.obj
 0001:0000359c       _execute_onexit_table      000000018000459c f   libucrt:onexit.obj
 0001:000035d8       _initialize_onexit_table   00000001800045d8 f   libucrt:onexit.obj
 0001:00003618       _register_onexit_function  0000000180004618 f   libucrt:onexit.obj
 0001:00003698       __acrt_uninitialize_command_line 0000000180004698 f   libucrt:argv_data.obj
 0001:00003798       __acrt_initialize          0000000180004798 f   libucrt:initialization.obj
 0001:000037ac       __acrt_thread_attach       00000001800047ac f   libucrt:initialization.obj
 0001:000037c0       __acrt_thread_detach       00000001800047c0 f   libucrt:initialization.obj
 0001:000037d0       __acrt_uninitialize        00000001800047d0 f   libucrt:initialization.obj
 0001:000037e4       __acrt_uninitialize_critical 00000001800047e4 f   libucrt:initialization.obj
 0001:000037f4       terminate                  00000001800047f4 f   libucrt:terminate.obj
 0001:0000381c       _free_base                 000000018000481c f   libucrt:free_base.obj
 0001:0000385c       _malloc_base               000000018000485c f   libucrt:malloc_base.obj
 0001:000038bc       strcpy_s                   00000001800048bc f   libucrt:strcpy_s.obj
 0001:0000391c       abort                      000000018000491c f   libucrt:abort.obj
 0001:00003974       _calloc_base               0000000180004974 f   libucrt:calloc_base.obj
 0001:000039ec       __acrt_call_reportfault    00000001800049ec f   libucrt:invalid_parameter.obj
 0001:00003b48       __acrt_initialize_invalid_parameter_handler 0000000180004b48 f   libucrt:invalid_parameter.obj
 0001:00003b50       _invalid_parameter         0000000180004b50 f   libucrt:invalid_parameter.obj
 0001:00003bf8       _invalid_parameter_noinfo  0000000180004bf8 f   libucrt:invalid_parameter.obj
 0001:00003c18       _invoke_watson             0000000180004c18 f   libucrt:invalid_parameter.obj
 0001:00003c60       ??$?RV<lambda_46352004c1216016012b18bd6f87e700>@@AEAV<lambda_3bd07e1a1191394380780325891bf33f>@@V<lambda_334532d3f185bcaa59b5be82d7d22bff>@@@?$__crt_seh_guarded_call@X@@QEAAX$$QEAV<lambda_46352004c1216016012b18bd6f87e700>@@AEAV<lambda_3bd07e1a1191394380780325891bf33f>@@$$QEAV<lambda_334532d3f185bcaa59b5be82d7d22bff>@@@Z 0000000180004c60 f i libucrt:per_thread_data.obj
 0001:00003cc0       ??$?RV<lambda_5e887d1dcbef67a5eb4283622ba103bf>@@AEAV<lambda_4466841279450cc726390878d4a41900>@@V<lambda_341c25c0346d94847f1f3c463c57e077>@@@?$__crt_seh_guarded_call@X@@QEAAX$$QEAV<lambda_5e887d1dcbef67a5eb4283622ba103bf>@@AEAV<lambda_4466841279450cc726390878d4a41900>@@$$QEAV<lambda_341c25c0346d94847f1f3c463c57e077>@@@Z 0000000180004cc0 f i libucrt:per_thread_data.obj
 0001:00003d08       ??$?RV<lambda_72d1df2b273a38828b1ce30cbf4cdab5>@@AEAV<lambda_876a65b173b8412d3a47c70a915b0cf4>@@V<lambda_41932305e351933ebe8f8be3ed8bb5dc>@@@?$__crt_seh_guarded_call@X@@QEAAX$$QEAV<lambda_72d1df2b273a38828b1ce30cbf4cdab5>@@AEAV<lambda_876a65b173b8412d3a47c70a915b0cf4>@@$$QEAV<lambda_41932305e351933ebe8f8be3ed8bb5dc>@@@Z 0000000180004d08 f i libucrt:per_thread_data.obj
 0001:00003d48       ??$?RV<lambda_fb3a7dec4e47f37f22dae91bb15c9095>@@AEAV<lambda_698284760c8add0bfb0756c19673e34b>@@V<lambda_dfb8eca1e75fef3034a8fb18dd509707>@@@?$__crt_seh_guarded_call@X@@QEAAX$$QEAV<lambda_fb3a7dec4e47f37f22dae91bb15c9095>@@AEAV<lambda_698284760c8add0bfb0756c19673e34b>@@$$QEAV<lambda_dfb8eca1e75fef3034a8fb18dd509707>@@@Z 0000000180004d48 f i libucrt:per_thread_data.obj
 0001:00003fd8       __acrt_freeptd             0000000180004fd8 f   libucrt:per_thread_data.obj
 0001:0000401c       __acrt_getptd              000000018000501c f   libucrt:per_thread_data.obj
 0001:000040b0       __acrt_getptd_noexit       00000001800050b0 f   libucrt:per_thread_data.obj
 0001:00004150       __acrt_initialize_ptd      0000000180005150 f   libucrt:per_thread_data.obj
 0001:0000418c       __acrt_uninitialize_ptd    000000018000518c f   libucrt:per_thread_data.obj
 0001:00004200       _tolower_l                 0000000180005200 f   libucrt:tolower_toupper.obj
 0001:00004340       __acrt_update_locale_info  0000000180005340 f   libucrt:locale_update.obj
 0001:00004374       __acrt_update_multibyte_info 0000000180005374 f   libucrt:locale_update.obj
 0001:000043a8       __acrt_set_locale_changed  00000001800053a8 f   libucrt:wsetlocale.obj
 0001:000043b4       __acrt_uninitialize_locale 00000001800053b4 f   libucrt:wsetlocale.obj
 0001:000043fc       __acrt_initialize_locks    00000001800053fc f   libucrt:locks.obj
 0001:00004444       __acrt_lock                0000000180005444 f   libucrt:locks.obj
 0001:00004460       __acrt_uninitialize_locks  0000000180005460 f   libucrt:locks.obj
 0001:00004498       __acrt_unlock              0000000180005498 f   libucrt:locks.obj
 0001:00004654       __acrt_FlsAlloc            0000000180005654 f   libucrt:winapi_thunks.obj
 0001:000046ac       __acrt_FlsFree             00000001800056ac f   libucrt:winapi_thunks.obj
 0001:00004704       __acrt_FlsGetValue         0000000180005704 f   libucrt:winapi_thunks.obj
 0001:0000475c       __acrt_FlsSetValue         000000018000575c f   libucrt:winapi_thunks.obj
 0001:000047c4       __acrt_InitializeCriticalSectionEx 00000001800057c4 f   libucrt:winapi_thunks.obj
 0001:0000483c       __acrt_LCMapStringEx       000000018000583c f   libucrt:winapi_thunks.obj
 0001:0000492c       __acrt_LocaleNameToLCID    000000018000592c f   libucrt:winapi_thunks.obj
 0001:00004994       __acrt_initialize_winapi_thunks 0000000180005994 f   libucrt:winapi_thunks.obj
 0001:000049cc       __acrt_is_packaged_app     00000001800059cc f   libucrt:winapi_thunks.obj
 0001:00004a54       __acrt_uninitialize_winapi_thunks 0000000180005a54 f   libucrt:winapi_thunks.obj
 0001:00004f74       ?expand_if_necessary@?$argument_list@D@?A0xca0879c4@@AEAAHXZ 0000000180005f74 f i libucrt:argv_wildcards.obj
 0001:0000503c       __acrt_expand_narrow_argv_wildcards 000000018000603c f   libucrt:argv_wildcards.obj
 0001:00005044       ??$?RV<lambda_99476a1ad63dd22509b5d3e65b0ffc95>@@AEAV<lambda_ad1ced32f4ac17aa236e5ef05d6b3b7c>@@V<lambda_f7424dd8d45958661754dc4f2697e9c3>@@@?$__crt_seh_guarded_call@X@@QEAAX$$QEAV<lambda_99476a1ad63dd22509b5d3e65b0ffc95>@@AEAV<lambda_ad1ced32f4ac17aa236e5ef05d6b3b7c>@@$$QEAV<lambda_f7424dd8d45958661754dc4f2697e9c3>@@@Z 0000000180006044 f i libucrt:mbctype.obj
 0001:00005740       __acrt_initialize_multibyte 0000000180006740 f   libucrt:mbctype.obj
 0001:00005768       __acrt_update_thread_multibyte_data 0000000180006768 f   libucrt:mbctype.obj
 0001:00005828       _setmbcp_nolock            0000000180006828 f   libucrt:mbctype.obj
 0001:00005b48       _ismbblead                 0000000180006b48 f   libucrt:ismbbyte.obj
 0001:00005b5c       __acrt_initialize_command_line 0000000180006b5c f   libucrt:argv_data.obj
 0001:00005b84       __dcrt_get_narrow_environment_from_os 0000000180006b84 f   libucrt:get_environment_from_os.obj
 0001:00005c88       _recalloc                  0000000180006c88 f   libucrt:recalloc.obj
 0001:00005c90       _recalloc_base             0000000180006c90 f   libucrt:recalloc.obj
 0001:00005d28       __acrt_initialize_heap     0000000180006d28 f   libucrt:heap_handle.obj
 0001:00005d44       __acrt_uninitialize_heap   0000000180006d44 f   libucrt:heap_handle.obj
 0001:00005f38       __acrt_initialize_lowio    0000000180006f38 f   libucrt:ioinit.obj
 0001:00005f74       __acrt_uninitialize_lowio  0000000180006f74 f   libucrt:ioinit.obj
 0001:00005fb4       __acrt_execute_initializers 0000000180006fb4 f   libucrt:shared_initialization.obj
 0001:00006048       __acrt_execute_uninitializers 0000000180007048 f   libucrt:shared_initialization.obj
 0001:00006098       __acrt_initialize_new_handler 0000000180007098 f   libucrt:new_handler.obj
 0001:000060a0       _callnewh                  00000001800070a0 f   libucrt:new_handler.obj
 0001:000060e0       _query_new_handler         00000001800070e0 f   libucrt:new_handler.obj
 0001:00006114       ??$?RV<lambda_c36588078e9f5dfd39652860aa6b3aaf>@@AEAV<lambda_ec61778202f4f5fc7e7711acc23c3bca>@@V<lambda_dc9d2797ccde5d239b4a0efae8ebd7db>@@@?$__crt_seh_guarded_call@P6AXH@Z@@QEAAP6AXH@Z$$QEAV<lambda_c36588078e9f5dfd39652860aa6b3aaf>@@AEAV<lambda_ec61778202f4f5fc7e7711acc23c3bca>@@$$QEAV<lambda_dc9d2797ccde5d239b4a0efae8ebd7db>@@@Z 0000000180007114 f i libucrt:signal.obj
 0001:0000615c       __acrt_get_sigabrt_handler 000000018000715c f   libucrt:signal.obj
 0001:0000618c       __acrt_initialize_signal_handlers 000000018000718c f   libucrt:signal.obj
 0001:000061ac       raise                      00000001800071ac f   libucrt:signal.obj
 0001:00006448       __acrt_has_user_matherr    0000000180007448 f   libucrt:matherr.obj
 0001:00006468       __acrt_initialize_user_matherr 0000000180007468 f   libucrt:matherr.obj
 0001:00006470       __acrt_invoke_user_matherr 0000000180007470 f   libucrt:matherr.obj
 0001:000064b8       _query_new_mode            00000001800074b8 f   libucrt:new_mode.obj
 0001:000064c0       _mbtowc_l                  00000001800074c0 f   libucrt:mbtowc.obj
 0001:00006608       mbtowc                     0000000180007608 f   libucrt:mbtowc.obj
 0001:00006610       _fileno                    0000000180007610 f   libucrt:fileno.obj
 0001:00006638       __acrt_initialize_stdio    0000000180007638 f   libucrt:_file.obj
 0001:00006758       __acrt_uninitialize_stdio  0000000180007758 f   libucrt:_file.obj
 0001:000067b4       _lock_file                 00000001800077b4 f   libucrt:_file.obj
 0001:000067c0       _unlock_file               00000001800077c0 f   libucrt:_file.obj
 0001:000067cc       __pctype_func              00000001800077cc f   libucrt:ctype.obj
 0001:000067fc       _isctype_l                 00000001800077fc f   libucrt:isctype.obj
 0001:0000690c       __acrt_add_locale_ref      000000018000790c f   libucrt:locale_refcounting.obj
 0001:00006998       __acrt_free_locale         0000000180007998 f   libucrt:locale_refcounting.obj
 0001:00006b10       __acrt_locale_add_lc_time_reference 0000000180007b10 f   libucrt:locale_refcounting.obj
 0001:00006b38       __acrt_locale_free_lc_time_if_unreferenced 0000000180007b38 f   libucrt:locale_refcounting.obj
 0001:00006b70       __acrt_locale_release_lc_time_reference 0000000180007b70 f   libucrt:locale_refcounting.obj
 0001:00006b98       __acrt_release_locale_ref  0000000180007b98 f   libucrt:locale_refcounting.obj
 0001:00006c40       __acrt_update_thread_locale_data 0000000180007c40 f   libucrt:locale_refcounting.obj
 0001:00006cb0       _updatetlocinfoEx_nolock   0000000180007cb0 f   libucrt:locale_refcounting.obj
 0001:00006d18       _isleadbyte_l              0000000180007d18 f i libucrt:_wctype.obj
 0001:000070b4       __acrt_LCMapStringA        00000001800080b4 f   libucrt:lcmapstringa.obj
 0001:0000714c       __acrt_locale_free_monetary 000000018000814c f   libucrt:initmon.obj
 0001:00007258       __acrt_locale_free_numeric 0000000180008258 f   libucrt:initnum.obj
 0001:0000731c       __acrt_locale_free_time    000000018000831c f   libucrt:inittime.obj
 0001:00007424       __acrt_GetStringTypeA      0000000180008424 f   libucrt:getstringtypea.obj
 0001:000076a0       __acrt_DownlevelLocaleNameToLCID 00000001800086a0 f   libucrt:lcidtoname_downlevel.obj
 0001:000077b0       qsort                      00000001800087b0 f   libucrt:qsort.obj
 0001:00007ae4       strncpy_s                  0000000180008ae4 f   libucrt:strncpy_s.obj
 0001:00007bb8       strpbrk                    0000000180008bb8 f   libucrt:strpbrk.obj
 0001:00007c58       _mbsdec                    0000000180008c58 f   libucrt:mbsdec.obj
 0001:00007c60       _mbsdec_l                  0000000180008c60 f   libucrt:mbsdec.obj
 0001:00007d10       _msize                     0000000180008d10 f   libucrt:msize.obj
 0001:00007d4c       _realloc_base              0000000180008d4c f   libucrt:realloc_base.obj
 0001:00007dd0       __acrt_lowio_create_handle_array 0000000180008dd0 f   libucrt:osfinfo.obj
 0001:00007e68       __acrt_lowio_destroy_handle_array 0000000180008e68 f   libucrt:osfinfo.obj
 0001:00007eb8       __acrt_lowio_ensure_fh_exists 0000000180008eb8 f   libucrt:osfinfo.obj
 0001:00007f70       __acrt_lowio_lock_fh       0000000180008f70 f   libucrt:osfinfo.obj
 0001:00007f94       __acrt_lowio_unlock_fh     0000000180008f94 f   libucrt:osfinfo.obj
 0001:00007fb8       _free_osfhnd               0000000180008fb8 f   libucrt:osfinfo.obj
 0001:00008074       _get_osfhandle             0000000180009074 f   libucrt:osfinfo.obj
 0001:000080ec       _isatty                    00000001800090ec f   libucrt:isatty.obj
 0001:0000814c       __acrt_stdio_flush_nolock  000000018000914c f   libucrt:fflush.obj
 0001:000081c4       _fflush_nolock             00000001800091c4 f   libucrt:fflush.obj
 0001:00008210       _flushall                  0000000180009210 f   libucrt:fflush.obj
 0001:00008300       _fcloseall                 0000000180009300 f   libucrt:closeall.obj
 0001:000083b4       __acrt_stdio_free_buffer_nolock 00000001800093b4 f   libucrt:_freebuf.obj
 0001:000083f4       __strncnt                  00000001800093f4 f   libucrt:strncnt.obj
 0001:0000840c       _query_app_type            000000018000940c f   libucrt:report_runtime_error.obj
 0001:00008414       ??$?RV<lambda_b521505b218e5242e90febf6bfebc422>@@AEAV<lambda_6978c1fb23f02e42e1d9e99668cc68aa>@@V<lambda_314360699dd331753a4119843814e9a7>@@@?$__crt_seh_guarded_call@H@@QEAAH$$QEAV<lambda_b521505b218e5242e90febf6bfebc422>@@AEAV<lambda_6978c1fb23f02e42e1d9e99668cc68aa>@@$$QEAV<lambda_314360699dd331753a4119843814e9a7>@@@Z 0000000180009414 f i libucrt:commit.obj
 0001:000084a0       _commit                    00000001800094a0 f   libucrt:commit.obj
 0001:00008ad4       _write                     0000000180009ad4 f   libucrt:write.obj
 0001:00008bc0       _write_nolock              0000000180009bc0 f   libucrt:write.obj
 0001:00008eb0       log10                      0000000180009eb0 f   libucrt:log10.obj
 0001:000094f8       _lseeki64_nolock           000000018000a4f8 f   libucrt:lseek.obj
 0001:00009500       _fclose_nolock             000000018000a500 f   libucrt:fclose.obj
 0001:00009584       fclose                     000000018000a584 f   libucrt:fclose.obj
 0001:000095f0       _putwch_nolock             000000018000a5f0 f   libucrt:putwch.obj
 0001:00009770       _handle_error              000000018000a770 f   libucrt:libm_error.obj
 0001:000098a0       __acrt_initialize_fma3     000000018000a8a0 f   libucrt:fma3_available.obj
 0001:00009910       _log10_special             000000018000a910 f   libucrt:log_special.obj
 0001:000099c8       ??$?RV<lambda_bfedae4ebbf01fab1bb6dcc6a9e276e0>@@AEAV<lambda_2fe9b910cf3cbf4a0ab98a02ba45b3ec>@@V<lambda_237c231691f317818eb88cc1d5d642d6>@@@?$__crt_seh_guarded_call@H@@QEAAH$$QEAV<lambda_bfedae4ebbf01fab1bb6dcc6a9e276e0>@@AEAV<lambda_2fe9b910cf3cbf4a0ab98a02ba45b3ec>@@$$QEAV<lambda_237c231691f317818eb88cc1d5d642d6>@@@Z 000000018000a9c8 f i libucrt:close.obj
 0001:00009a3c       _close                     000000018000aa3c f   libucrt:close.obj
 0001:00009ae0       _close_nolock              000000018000aae0 f   libucrt:close.obj
 0001:00009b9c       ?__acrt_stdio_free_stream@@YAXV__crt_stdio_stream@@@Z 000000018000ab9c f   libucrt:stream.obj
 0001:00009be0       __dcrt_lowio_initialize_console_output 000000018000abe0 f   libucrt:initcon.obj
 0001:00009c1c       __dcrt_terminate_console_output 000000018000ac1c f   libucrt:initcon.obj
 0001:00009c50       _get_fpsr                  000000018000ac50 f   libucrt:fpsr.obj
 0001:00009c60       _set_fpsr                  000000018000ac60 f   libucrt:fpsr.obj
 0001:00009c6a       _fclrf                     000000018000ac6a f   libucrt:fpsr.obj
 0001:00009c7e       _frnd                      000000018000ac7e f   libucrt:fpsr.obj
 0001:00009ca0       _raise_exc                 000000018000aca0 f   libucrt:fpexcept.obj
 0001:00009cc8       _raise_exc_ex              000000018000acc8 f   libucrt:fpexcept.obj
 0001:00009fd0       _set_errno_from_matherr    000000018000afd0 f   libucrt:fpexcept.obj
 0001:0000a000       _clrfp                     000000018000b000 f   libucrt:fpctrl.obj
 0001:0000a020       _ctrlfp                    000000018000b020 f   libucrt:fpctrl.obj
 0001:0000a09c       _set_statfp                000000018000b09c f   libucrt:fpctrl.obj
 0001:0000a0bc       _statfp                    000000018000b0bc f   libucrt:fpctrl.obj
 0001:0000a0ce       IsProcessorFeaturePresent  000000018000b0ce f   kernel32:KERNEL32.dll
 0001:0000a0d4       RtlUnwindEx                000000018000b0d4 f   kernel32:KERNEL32.dll
 0001:0000a0dc       ?DloadAcquireSectionWriteAccess@@YAXXZ 000000018000b0dc f i DelayImp:delayhlp.obj
 0001:0000a198       ?DloadGetSRWLockFunctionPointers@@YAEXZ 000000018000b198 f i DelayImp:delayhlp.obj
 0001:0000a234       ?DloadMakePermanentImageCommit@@YAXPEAX_K@Z 000000018000b234 f i DelayImp:delayhlp.obj
 0001:0000a2cc       ?DloadObtainSection@@YAPEAXPEAK0@Z 000000018000b2cc f i DelayImp:delayhlp.obj
 0001:0000a364       ?DloadProtectSection@@YAXKPEAK@Z 000000018000b364 f i DelayImp:delayhlp.obj
 0001:0000a3f4       ?DloadReleaseSectionWriteAccess@@YAXXZ 000000018000b3f4 f i DelayImp:delayhlp.obj
 0001:0000a498       __delayLoadHelper2         000000018000b498 f   DelayImp:delayhlp.obj
 0001:0000a7a0       _FindPESection             000000018000b7a0 f   LIBCMT:pesect.obj
 0001:0000a7f0       _IsNonwritableInCurrentImage 000000018000b7f0 f   LIBCMT:pesect.obj
 0001:0000a840       _ValidateImageBase         000000018000b840 f   LIBCMT:pesect.obj
 0001:0000a870       __GSHandlerCheck           000000018000b870 f   LIBCMT:_gshandler_.obj
 0001:0000a890       __GSHandlerCheckCommon     000000018000b890 f   LIBCMT:_gshandler_.obj
 0001:0000a900       _alloca_probe              000000018000b900 f   LIBCMT:_chkstk_.obj
 0001:0000a900       __chkstk                   000000018000b900 f   LIBCMT:_chkstk_.obj
 0001:0000a970       memmove                    000000018000b970 f   libvcruntime:memcpy.obj
 0001:0000a970       memcpy                     000000018000b970 f   libvcruntime:memcpy.obj
 0001:0000adc0       memcmp                     000000018000bdc0 f   libvcruntime:memcmp.obj
 0001:0000aea0       _guard_dispatch_icall_nop  000000018000bea0 f   LIBCMT:_guard_dispatch_.obj
 0002:00000000       __imp_GetModuleHandleA     000000018000d000     kernel32:KERNEL32.dll
 0002:00000008       __imp_GetProcAddress       000000018000d008     kernel32:KERNEL32.dll
 0002:00000010       __imp_GetSystemTimeAsFileTime 000000018000d010     kernel32:KERNEL32.dll
 0002:00000018       __imp_RtlCaptureContext    000000018000d018     kernel32:KERNEL32.dll
 0002:00000020       __imp_RtlLookupFunctionEntry 000000018000d020     kernel32:KERNEL32.dll
 0002:00000028       __imp_RtlVirtualUnwind     000000018000d028     kernel32:KERNEL32.dll
 0002:00000030       __imp_UnhandledExceptionFilter 000000018000d030     kernel32:KERNEL32.dll
 0002:00000038       __imp_SetUnhandledExceptionFilter 000000018000d038     kernel32:KERNEL32.dll
 0002:00000040       __imp_GetCurrentProcess    000000018000d040     kernel32:KERNEL32.dll
 0002:00000048       __imp_TerminateProcess     000000018000d048     kernel32:KERNEL32.dll
 0002:00000050       __imp_IsProcessorFeaturePresent 000000018000d050     kernel32:KERNEL32.dll
 0002:00000058       __imp_QueryPerformanceCounter 000000018000d058     kernel32:KERNEL32.dll
 0002:00000060       __imp_GetCurrentProcessId  000000018000d060     kernel32:KERNEL32.dll
 0002:00000068       __imp_GetCurrentThreadId   000000018000d068     kernel32:KERNEL32.dll
 0002:00000070       __imp_InitializeSListHead  000000018000d070     kernel32:KERNEL32.dll
 0002:00000078       __imp_IsDebuggerPresent    000000018000d078     kernel32:KERNEL32.dll
 0002:00000080       __imp_GetStartupInfoW      000000018000d080     kernel32:KERNEL32.dll
 0002:00000088       __imp_GetModuleHandleW     000000018000d088     kernel32:KERNEL32.dll
 0002:00000090       __imp_RtlUnwindEx          000000018000d090     kernel32:KERNEL32.dll
 0002:00000098       __imp_InterlockedFlushSList 000000018000d098     kernel32:KERNEL32.dll
 0002:000000a0       __imp_GetLastError         000000018000d0a0     kernel32:KERNEL32.dll
 0002:000000a8       __imp_SetLastError         000000018000d0a8     kernel32:KERNEL32.dll
 0002:000000b0       __imp_EnterCriticalSection 000000018000d0b0     kernel32:KERNEL32.dll
 0002:000000b8       __imp_LeaveCriticalSection 000000018000d0b8     kernel32:KERNEL32.dll
 0002:000000c0       __imp_DeleteCriticalSection 000000018000d0c0     kernel32:KERNEL32.dll
 0002:000000c8       __imp_InitializeCriticalSectionAndSpinCount 000000018000d0c8     kernel32:KERNEL32.dll
 0002:000000d0       __imp_TlsAlloc             000000018000d0d0     kernel32:KERNEL32.dll
 0002:000000d8       __imp_TlsGetValue          000000018000d0d8     kernel32:KERNEL32.dll
 0002:000000e0       __imp_TlsSetValue          000000018000d0e0     kernel32:KERNEL32.dll
 0002:000000e8       __imp_TlsFree              000000018000d0e8     kernel32:KERNEL32.dll
 0002:000000f0       __imp_FreeLibrary          000000018000d0f0     kernel32:KERNEL32.dll
 0002:000000f8       __imp_LoadLibraryExW       000000018000d0f8     kernel32:KERNEL32.dll
 0002:00000100       __imp_ExitProcess          000000018000d100     kernel32:KERNEL32.dll
 0002:00000108       __imp_GetModuleHandleExW   000000018000d108     kernel32:KERNEL32.dll
 0002:00000110       __imp_GetModuleFileNameA   000000018000d110     kernel32:KERNEL32.dll
 0002:00000118       __imp_MultiByteToWideChar  000000018000d118     kernel32:KERNEL32.dll
 0002:00000120       __imp_WideCharToMultiByte  000000018000d120     kernel32:KERNEL32.dll
 0002:00000128       __imp_HeapFree             000000018000d128     kernel32:KERNEL32.dll
 0002:00000130       __imp_HeapAlloc            000000018000d130     kernel32:KERNEL32.dll
 0002:00000138       __imp_GetACP               000000018000d138     kernel32:KERNEL32.dll
 0002:00000140       __imp_LCMapStringW         000000018000d140     kernel32:KERNEL32.dll
 0002:00000148       __imp_FindClose            000000018000d148     kernel32:KERNEL32.dll
 0002:00000150       __imp_FindFirstFileExA     000000018000d150     kernel32:KERNEL32.dll
 0002:00000158       __imp_FindNextFileA        000000018000d158     kernel32:KERNEL32.dll
 0002:00000160       __imp_IsValidCodePage      000000018000d160     kernel32:KERNEL32.dll
 0002:00000168       __imp_GetOEMCP             000000018000d168     kernel32:KERNEL32.dll
 0002:00000170       __imp_GetCPInfo            000000018000d170     kernel32:KERNEL32.dll
 0002:00000178       __imp_GetCommandLineA      000000018000d178     kernel32:KERNEL32.dll
 0002:00000180       __imp_GetCommandLineW      000000018000d180     kernel32:KERNEL32.dll
 0002:00000188       __imp_GetEnvironmentStringsW 000000018000d188     kernel32:KERNEL32.dll
 0002:00000190       __imp_FreeEnvironmentStringsW 000000018000d190     kernel32:KERNEL32.dll
 0002:00000198       __imp_GetProcessHeap       000000018000d198     kernel32:KERNEL32.dll
 0002:000001a0       __imp_GetStdHandle         000000018000d1a0     kernel32:KERNEL32.dll
 0002:000001a8       __imp_GetFileType          000000018000d1a8     kernel32:KERNEL32.dll
 0002:000001b0       __imp_GetStringTypeW       000000018000d1b0     kernel32:KERNEL32.dll
 0002:000001b8       __imp_HeapSize             000000018000d1b8     kernel32:KERNEL32.dll
 0002:000001c0       __imp_HeapReAlloc          000000018000d1c0     kernel32:KERNEL32.dll
 0002:000001c8       __imp_SetStdHandle         000000018000d1c8     kernel32:KERNEL32.dll
 0002:000001d0       __imp_WriteFile            000000018000d1d0     kernel32:KERNEL32.dll
 0002:000001d8       __imp_FlushFileBuffers     000000018000d1d8     kernel32:KERNEL32.dll
 0002:000001e0       __imp_GetConsoleCP         000000018000d1e0     kernel32:KERNEL32.dll
 0002:000001e8       __imp_GetConsoleMode       000000018000d1e8     kernel32:KERNEL32.dll
 0002:000001f0       __imp_SetFilePointerEx     000000018000d1f0     kernel32:KERNEL32.dll
 0002:000001f8       __imp_CloseHandle          000000018000d1f8     kernel32:KERNEL32.dll
 0002:00000200       __imp_WriteConsoleW        000000018000d200     kernel32:KERNEL32.dll
 0002:00000208       __imp_CreateFileW          000000018000d208     kernel32:KERNEL32.dll
 0002:00000210       __imp_RaiseException       000000018000d210     kernel32:KERNEL32.dll
 0002:00000218       __imp_GetSystemInfo        000000018000d218     kernel32:KERNEL32.dll
 0002:00000220       __imp_VirtualProtect       000000018000d220     kernel32:KERNEL32.dll
 0002:00000228       __imp_VirtualQuery         000000018000d228     kernel32:KERNEL32.dll
 0002:00000230       __imp_LoadLibraryExA       000000018000d230     kernel32:KERNEL32.dll
 0002:00000238       \177KERNEL32_NULL_THUNK_DATA 000000018000d238     kernel32:KERNEL32.dll
 0002:00000240       __guard_check_icall_fptr   000000018000d240     LIBCMT:guard_support.obj
 0002:00000248       __guard_dispatch_icall_fptr 000000018000d248     LIBCMT:guard_support.obj
 0002:00000250       __xc_a                     000000018000d250     LIBCMT:initializers.obj
 0002:00000258       _register_microtime_       000000018000d258     microtime.obj
 0002:00000260       __xc_z                     000000018000d260     LIBCMT:initializers.obj
 0002:00000268       __xi_a                     000000018000d268     LIBCMT:initializers.obj
 0002:00000270       __acrt_multibyte_initializer 000000018000d270     libucrt:multibyte_initializer.obj
 0002:00000278       __acrt_stdio_initializer   000000018000d278     libucrt:stdio_initializer.obj
 0002:00000280       __acrt_tran_fma3_initializer 000000018000d280     libucrt:fma3_initializer.obj
 0002:00000288       __xi_z                     000000018000d288     LIBCMT:initializers.obj
 0002:00000290       __xp_a                     000000018000d290     LIBCMT:initializers.obj
 0002:00000298       __acrt_locale_terminator   000000018000d298     libucrt:locale_initializer.obj
 0002:000002a0       __dcrt_console_output_terminator 000000018000d2a0     libucrt:console_output_initializer.obj
 0002:000002a8       __acrt_stdio_terminator    000000018000d2a8     libucrt:stdio_initializer.obj
 0002:000002b0       __xp_z                     000000018000d2b0     LIBCMT:initializers.obj
 0002:000002b8       __xt_a                     000000018000d2b8     LIBCMT:initializers.obj
 0002:000002c0       __xt_z                     000000018000d2c0     LIBCMT:initializers.obj
 0002:000002d0       __sz_node_exe              000000018000d2d0     node:node.exe
 0002:000002e0       _pDefaultRawDllMain        000000018000d2e0     LIBCMT:dll_dllmain.obj
 0002:000002e0       _pRawDllMain               000000018000d2e0     LIBCMT:dll_dllmain.obj
 0002:00000318       ??_C@_1BC@DNHGCMLG@?$AAa?$AAd?$AAv?$AAa?$AAp?$AAi?$AA3?$AA2?$AA?$AA@ 000000018000d318     libvcruntime:winapi_downlevel.obj
 0002:00000330       ??_C@_1DM@KHCHBNEB@?$AAa?$AAp?$AAi?$AA?9?$AAm?$AAs?$AA?9?$AAw?$AAi?$AAn?$AA?9?$AAc?$AAo?$AAr?$AAe?$AA?9?$AAf?$AAi?$AAb?$AAe?$AAr?$AAs?$AA?9?$AAl?$AA1?$AA?9?$AA1?$AA?9?$AA1?$AA?$AA@ 000000018000d330     libvcruntime:winapi_downlevel.obj
 0002:00000370       ??_C@_1DK@LPPGFMPP@?$AAa?$AAp?$AAi?$AA?9?$AAm?$AAs?$AA?9?$AAw?$AAi?$AAn?$AA?9?$AAc?$AAo?$AAr?$AAe?$AA?9?$AAs?$AAy?$AAn?$AAc?$AAh?$AA?9?$AAl?$AA1?$AA?9?$AA2?$AA?9?$AA0?$AA?$AA@ 000000018000d370     libvcruntime:winapi_downlevel.obj
 0002:000003b0       ??_C@_1BC@GDMECMAK@?$AAk?$AAe?$AAr?$AAn?$AAe?$AAl?$AA3?$AA2?$AA?$AA@ 000000018000d3b0     libvcruntime:winapi_downlevel.obj
 0002:000003d0       ??_C@_08KNHFBNJ@FlsAlloc?$AA@ 000000018000d3d0     libvcruntime:winapi_downlevel.obj
 0002:000003e8       ??_C@_07PEJMOBNF@FlsFree?$AA@ 000000018000d3e8     libvcruntime:winapi_downlevel.obj
 0002:000003f8       ??_C@_0M@GDNOONDI@FlsGetValue?$AA@ 000000018000d3f8     libvcruntime:winapi_downlevel.obj
 0002:00000410       ??_C@_0M@JCPCPOEF@FlsSetValue?$AA@ 000000018000d410     libvcruntime:winapi_downlevel.obj
 0002:00000428       ??_C@_0BM@HCFOFFN@InitializeCriticalSectionEx?$AA@ 000000018000d428     libvcruntime:winapi_downlevel.obj
 0002:00000770       ??_C@_08EHJDFFNH@__based?$CI?$AA@ 000000018000d770     libvcruntime:undname.obj
 0002:00000780       ??_C@_07KOLFKCDI@__cdecl?$AA@ 000000018000d780     libvcruntime:undname.obj
 0002:00000788       ??_C@_08GHMPAG@__pascal?$AA@ 000000018000d788     libvcruntime:undname.obj
 0002:00000798       ??_C@_09IFJBGAPI@__stdcall?$AA@ 000000018000d798     libvcruntime:undname.obj
 0002:000007a8       ??_C@_0L@NPHFGOKO@__thiscall?$AA@ 000000018000d7a8     libvcruntime:undname.obj
 0002:000007b8       ??_C@_0L@JMKHOMEK@__fastcall?$AA@ 000000018000d7b8     libvcruntime:undname.obj
 0002:000007c8       ??_C@_0N@BCKKPABJ@__vectorcall?$AA@ 000000018000d7c8     libvcruntime:undname.obj
 0002:000007d8       ??_C@_09HIJEGCPM@__clrcall?$AA@ 000000018000d7d8     libvcruntime:undname.obj
 0002:000007e4       ??_C@_06GHPCKEAG@__eabi?$AA@ 000000018000d7e4     libvcruntime:undname.obj
 0002:000007f0       ??_C@_07JOMMBBKO@__ptr64?$AA@ 000000018000d7f0     libvcruntime:undname.obj
 0002:000007f8       ??_C@_0L@PILCLIHE@__restrict?$AA@ 000000018000d7f8     libvcruntime:undname.obj
 0002:00000808       ??_C@_0M@GFIIJFMG@__unaligned?$AA@ 000000018000d808     libvcruntime:undname.obj
 0002:00000818       ??_C@_09DHDLOLLB@restrict?$CI?$AA@ 000000018000d818     libvcruntime:undname.obj
 0002:00000822       ??_C@_00CNPNBAHC@?$AA@     000000018000d822     libvcruntime:undname.obj
 0002:00000824       ??_C@_04NIHEBCM@?5new?$AA@ 000000018000d824     libvcruntime:undname.obj
 0002:00000830       ??_C@_07FPCDHGMM@?5delete?$AA@ 000000018000d830     libvcruntime:undname.obj
 0002:00000838       ??_C@_01NEMOKFLO@?$DN?$AA@ 000000018000d838     libvcruntime:undname.obj
 0002:0000083c       ??_C@_02GPIOPFAK@?$DO?$DO?$AA@ 000000018000d83c     libvcruntime:undname.obj
 0002:00000840       ??_C@_02FODMEDOG@?$DM?$DM?$AA@ 000000018000d840     libvcruntime:undname.obj
 0002:00000844       ??_C@_01DCLJPIOD@?$CB?$AA@ 000000018000d844     libvcruntime:undname.obj
 0002:00000848       ??_C@_02EGOFBIJA@?$DN?$DN?$AA@ 000000018000d848     libvcruntime:undname.obj
 0002:0000084c       ??_C@_02FDNJECIE@?$CB?$DN?$AA@ 000000018000d84c     libvcruntime:undname.obj
 0002:00000850       ??_C@_02GPECMEKF@?$FL?$FN?$AA@ 000000018000d850     libvcruntime:undname.obj
 0002:00000858       ??_C@_08LHJFAFGD@operator?$AA@ 000000018000d858     libvcruntime:undname.obj
 0002:00000864       ??_C@_02HBOOOICD@?9?$DO?$AA@ 000000018000d864     libvcruntime:undname.obj
 0002:00000868       ??_C@_01NBENCBCI@?$CK?$AA@ 000000018000d868     libvcruntime:undname.obj
 0002:0000086c       ??_C@_02ECNGHCIF@?$CL?$CL?$AA@ 000000018000d86c     libvcruntime:undname.obj
 0002:00000870       ??_C@_02BAABKJLB@?9?9?$AA@ 000000018000d870     libvcruntime:undname.obj
 0002:00000874       ??_C@_01JOAMLHOP@?9?$AA@   000000018000d874     libvcruntime:undname.obj
 0002:00000878       ??_C@_01MIFGBAGJ@?$CL?$AA@ 000000018000d878     libvcruntime:undname.obj
 0002:0000087c       ??_C@_01HNPIGOCE@?$CG?$AA@ 000000018000d87c     libvcruntime:undname.obj
 0002:00000880       ??_C@_03MNHNFDLC@?9?$DO?$CK?$AA@ 000000018000d880     libvcruntime:undname.obj
 0002:00000884       ??_C@_01KMDKNFGN@?1?$AA@   000000018000d884     libvcruntime:undname.obj
 0002:00000888       ??_C@_01FGNFDNOH@?$CF?$AA@ 000000018000d888     libvcruntime:undname.obj
 0002:0000088c       ??_C@_01MNNFJEPP@?$DM?$AA@ 000000018000d88c     libvcruntime:undname.obj
 0002:00000890       ??_C@_02EHCHHCKH@?$DM?$DN?$AA@ 000000018000d890     libvcruntime:undname.obj
 0002:00000894       ??_C@_01PPODPGHN@?$DO?$AA@ 000000018000d894     libvcruntime:undname.obj
 0002:00000898       ??_C@_02EEKDKGMJ@?$DO?$DN?$AA@ 000000018000d898     libvcruntime:undname.obj
 0002:0000089c       ??_C@_01IHBHIGKO@?0?$AA@   000000018000d89c     libvcruntime:undname.obj
 0002:000008a0       ??_C@_02HCKGKOFO@?$CI?$CJ?$AA@ 000000018000d8a0     libvcruntime:undname.obj
 0002:000008a4       ??_C@_01PJKLJHI@?$HO?$AA@  000000018000d8a4     libvcruntime:undname.obj
 0002:000008a8       ??_C@_01JKBOJNNK@?$FO?$AA@ 000000018000d8a8     libvcruntime:undname.obj
 0002:000008ac       ??_C@_01DNKMNLPK@?$HM?$AA@ 000000018000d8ac     libvcruntime:undname.obj
 0002:000008b0       ??_C@_02PPKAJPJL@?$CG?$CG?$AA@ 000000018000d8b0     libvcruntime:undname.obj
 0002:000008b4       ??_C@_02NONPIBCD@?$HM?$HM?$AA@ 000000018000d8b4     libvcruntime:undname.obj
 0002:000008b8       ??_C@_02FPIMKNGF@?$CK?$DN?$AA@ 000000018000d8b8     libvcruntime:undname.obj
 0002:000008bc       ??_C@_02FOEOMHFC@?$CL?$DN?$AA@ 000000018000d8bc     libvcruntime:undname.obj
 0002:000008c0       ??_C@_02FKMDLLOA@?9?$DN?$AA@ 000000018000d8c0     libvcruntime:undname.obj
 0002:000008c4       ??_C@_02FJEHGPIO@?1?$DN?$AA@ 000000018000d8c4     libvcruntime:undname.obj
 0002:000008c8       ??_C@_02FENAOKFI@?$CF?$DN?$AA@ 000000018000d8c8     libvcruntime:undname.obj
 0002:000008cc       ??_C@_03IKFCCPFF@?$DO?$DO?$DN?$AA@ 000000018000d8cc     libvcruntime:undname.obj
 0002:000008d0       ??_C@_03CDNPDDLA@?$DM?$DM?$DN?$AA@ 000000018000d8d0     libvcruntime:undname.obj
 0002:000008d4       ??_C@_02FGJGFEAB@?$CG?$DN?$AA@ 000000018000d8d4     libvcruntime:undname.obj
 0002:000008d8       ??_C@_02DHLNPPGH@?$HM?$DN?$AA@ 000000018000d8d8     libvcruntime:undname.obj
 0002:000008dc       ??_C@_02MHEGNOJ@?$FO?$DN?$AA@ 000000018000d8dc     libvcruntime:undname.obj
 0002:000008e0       ??_C@_09IFPLHPGF@?$GAvftable?8?$AA@ 000000018000d8e0     libvcruntime:undname.obj
 0002:000008f0       ??_C@_09BLBHBJP@?$GAvbtable?8?$AA@ 000000018000d8f0     libvcruntime:undname.obj
 0002:00000900       ??_C@_07FEEIOKP@?$GAvcall?8?$AA@ 000000018000d900     libvcruntime:undname.obj
 0002:00000908       ??_C@_08LLFFHHDJ@?$GAtypeof?8?$AA@ 000000018000d908     libvcruntime:undname.obj
 0002:00000918       ??_C@_0BF@KDPPACIK@?$GAlocal?5static?5guard?8?$AA@ 000000018000d918     libvcruntime:undname.obj
 0002:00000930       ??_C@_08OBABFOLI@?$GAstring?8?$AA@ 000000018000d930     libvcruntime:undname.obj
 0002:00000940       ??_C@_0BD@JDLKDPAB@?$GAvbase?5destructor?8?$AA@ 000000018000d940     libvcruntime:undname.obj
 0002:00000958       ??_C@_0BN@DEGPLNFK@?$GAvector?5deleting?5destructor?8?$AA@ 000000018000d958     libvcruntime:undname.obj
 0002:00000978       ??_C@_0BO@OBMKPJIG@?$GAdefault?5constructor?5closure?8?$AA@ 000000018000d978     libvcruntime:undname.obj
 0002:00000998       ??_C@_0BN@IMDCHIKM@?$GAscalar?5deleting?5destructor?8?$AA@ 000000018000d998     libvcruntime:undname.obj
 0002:000009b8       ??_C@_0BO@PFGOCPJJ@?$GAvector?5constructor?5iterator?8?$AA@ 000000018000d9b8     libvcruntime:undname.obj
 0002:000009d8       ??_C@_0BN@LFPFMEDL@?$GAvector?5destructor?5iterator?8?$AA@ 000000018000d9d8     libvcruntime:undname.obj
 0002:000009f8       ??_C@_0CE@IKBNEHA@?$GAvector?5vbase?5constructor?5iterat@ 000000018000d9f8     libvcruntime:undname.obj
 0002:00000a20       ??_C@_0BL@NILFHHPC@?$GAvirtual?5displacement?5map?8?$AA@ 000000018000da20     libvcruntime:undname.obj
 0002:00000a40       ??_C@_0CB@JONCMFFK@?$GAeh?5vector?5constructor?5iterator?8@ 000000018000da40     libvcruntime:undname.obj
 0002:00000a68       ??_C@_0CA@GCEOPDGL@?$GAeh?5vector?5destructor?5iterator?8?$AA@ 000000018000da68     libvcruntime:undname.obj
 0002:00000a88       ??_C@_0CH@OOJPLCPH@?$GAeh?5vector?5vbase?5constructor?5ite@ 000000018000da88     libvcruntime:undname.obj
 0002:00000ab0       ??_C@_0BL@LLKPOHJI@?$GAcopy?5constructor?5closure?8?$AA@ 000000018000dab0     libvcruntime:undname.obj
 0002:00000ad0       ??_C@_0BA@KBCDOMBN@?$GAudt?5returning?8?$AA@ 000000018000dad0     libvcruntime:undname.obj
 0002:00000ae0       ??_C@_03KLGMFNMG@?$GAEH?$AA@ 000000018000dae0     libvcruntime:undname.obj
 0002:00000ae4       ??_C@_05KHLCHHI@?$GARTTI?$AA@ 000000018000dae4     libvcruntime:undname.obj
 0002:00000af0       ??_C@_0BA@KKLDJDLB@?$GAlocal?5vftable?8?$AA@ 000000018000daf0     libvcruntime:undname.obj
 0002:00000b00       ??_C@_0CE@IIHCMGGL@?$GAlocal?5vftable?5constructor?5closu@ 000000018000db00     libvcruntime:undname.obj
 0002:00000b24       ??_C@_06FHBGPFGH@?5new?$FL?$FN?$AA@ 000000018000db24     libvcruntime:undname.obj
 0002:00000b30       ??_C@_09LBNFPBCA@?5delete?$FL?$FN?$AA@ 000000018000db30     libvcruntime:undname.obj
 0002:00000b40       ??_C@_0P@HJKNJFNN@?$GAomni?5callsig?8?$AA@ 000000018000db40     libvcruntime:undname.obj
 0002:00000b50       ??_C@_0BL@CNOONJFP@?$GAplacement?5delete?5closure?8?$AA@ 000000018000db50     libvcruntime:undname.obj
 0002:00000b70       ??_C@_0BN@CKNJLHMB@?$GAplacement?5delete?$FL?$FN?5closure?8?$AA@ 000000018000db70     libvcruntime:undname.obj
 0002:00000b90       ??_C@_0CG@CFDHKGGD@?$GAmanaged?5vector?5constructor?5iter@ 000000018000db90     libvcruntime:undname.obj
 0002:00000bb8       ??_C@_0CF@IMGKMJNO@?$GAmanaged?5vector?5destructor?5itera@ 000000018000dbb8     libvcruntime:undname.obj
 0002:00000be0       ??_C@_0CG@HLDDJMAG@?$GAeh?5vector?5copy?5constructor?5iter@ 000000018000dbe0     libvcruntime:undname.obj
 0002:00000c08       ??_C@_0CM@FCBBDIGB@?$GAeh?5vector?5vbase?5copy?5constructo@ 000000018000dc08     libvcruntime:undname.obj
 0002:00000c38       ??_C@_0BL@CLIPGLGB@?$GAdynamic?5initializer?5for?5?8?$AA@ 000000018000dc38     libvcruntime:undname.obj
 0002:00000c58       ??_C@_0CB@PDBIFEP@?$GAdynamic?5atexit?5destructor?5for?5?8@ 000000018000dc58     libvcruntime:undname.obj
 0002:00000c80       ??_C@_0CD@CGAJBKEJ@?$GAvector?5copy?5constructor?5iterato@ 000000018000dc80     libvcruntime:undname.obj
 0002:00000ca8       ??_C@_0CJ@GJELGAMM@?$GAvector?5vbase?5copy?5constructor?5i@ 000000018000dca8     libvcruntime:undname.obj
 0002:00000cd8       ??_C@_0CL@FGIJHLCE@?$GAmanaged?5vector?5copy?5constructor@ 000000018000dcd8     libvcruntime:undname.obj
 0002:00000d08       ??_C@_0BM@PMGGMLDN@?$GAlocal?5static?5thread?5guard?8?$AA@ 000000018000dd08     libvcruntime:undname.obj
 0002:00000d28       ??_C@_0N@BDNMDMOL@operator?5?$CC?$CC?5?$AA@ 000000018000dd28     libvcruntime:undname.obj
 0002:00000d38       ??_C@_0BC@DAFEJGAK@?5Type?5Descriptor?8?$AA@ 000000018000dd38     libvcruntime:undname.obj
 0002:00000d50       ??_C@_0BM@LDKODKLH@?5Base?5Class?5Descriptor?5at?5?$CI?$AA@ 000000018000dd50     libvcruntime:undname.obj
 0002:00000d70       ??_C@_0BD@LGICGFMM@?5Base?5Class?5Array?8?$AA@ 000000018000dd70     libvcruntime:undname.obj
 0002:00000d88       ??_C@_0BN@MECKDCOJ@?5Class?5Hierarchy?5Descriptor?8?$AA@ 000000018000dd88     libvcruntime:undname.obj
 0002:00000da8       ??_C@_0BK@CFCOFLF@?5Complete?5Object?5Locator?8?$AA@ 000000018000dda8     libvcruntime:undname.obj
 0002:00000f40       __acrt_exception_action_table 000000018000df40     libucrt:exception_filter.obj
 0002:00001000       __acrt_signal_action_table_count 000000018000e000     libucrt:exception_filter.obj
 0002:00001008       __acrt_signal_action_first_fpe_index 000000018000e008     libucrt:exception_filter.obj
 0002:00001010       __acrt_signal_action_fpe_count 000000018000e010     libucrt:exception_filter.obj
 0002:00001018       ??_C@_1BI@BGOHAHKC@?$AAm?$AAs?$AAc?$AAo?$AAr?$AAe?$AAe?$AA?4?$AAd?$AAl?$AAl?$AA?$AA@ 000000018000e018     libucrt:exit.obj
 0002:00001030       ??_C@_0P@MIGLKIOC@CorExitProcess?$AA@ 000000018000e030     libucrt:exit.obj
 0002:00001130       __lc_time_c                000000018000e130     libucrt:nlsdata.obj
 0002:000013f0       ??_C@_03KOEHGMDN@Sun?$AA@  000000018000e3f0     libucrt:nlsdata.obj
 0002:000013f4       ??_C@_03PDAGKDH@Mon?$AA@   000000018000e3f4     libucrt:nlsdata.obj
 0002:000013f8       ??_C@_03NAGEINEP@Tue?$AA@  000000018000e3f8     libucrt:nlsdata.obj
 0002:000013fc       ??_C@_03MHOMLAJA@Wed?$AA@  000000018000e3fc     libucrt:nlsdata.obj
 0002:00001400       ??_C@_03IOFIKPDN@Thu?$AA@  000000018000e400     libucrt:nlsdata.obj
 0002:00001404       ??_C@_03IDIOELNC@Fri?$AA@  000000018000e404     libucrt:nlsdata.obj
 0002:00001408       ??_C@_03FEFJNEK@Sat?$AA@   000000018000e408     libucrt:nlsdata.obj
 0002:0000140c       ??_C@_06OOPIFAJ@Sunday?$AA@ 000000018000e40c     libucrt:nlsdata.obj
 0002:00001414       ??_C@_06JLEDEDGH@Monday?$AA@ 000000018000e414     libucrt:nlsdata.obj
 0002:00001420       ??_C@_07BAAGCFCM@Tuesday?$AA@ 000000018000e420     libucrt:nlsdata.obj
 0002:00001428       ??_C@_09DLIGFAKA@Wednesday?$AA@ 000000018000e428     libucrt:nlsdata.obj
 0002:00001438       ??_C@_08HACCIKIA@Thursday?$AA@ 000000018000e438     libucrt:nlsdata.obj
 0002:00001444       ??_C@_06JECMNKMI@Friday?$AA@ 000000018000e444     libucrt:nlsdata.obj
 0002:00001450       ??_C@_08INBOOONO@Saturday?$AA@ 000000018000e450     libucrt:nlsdata.obj
 0002:0000145c       ??_C@_03JIHJHPIE@Jan?$AA@  000000018000e45c     libucrt:nlsdata.obj
 0002:00001460       ??_C@_03HJBDCHOM@Feb?$AA@  000000018000e460     libucrt:nlsdata.obj
 0002:00001464       ??_C@_03ODNJBKGA@Mar?$AA@  000000018000e464     libucrt:nlsdata.obj
 0002:00001468       ??_C@_03LEOLGMJP@Apr?$AA@  000000018000e468     libucrt:nlsdata.obj
 0002:0000146c       ??_C@_03CNMDKL@May?$AA@    000000018000e46c     libucrt:nlsdata.obj
 0002:00001470       ??_C@_03IDFGHECI@Jun?$AA@  000000018000e470     libucrt:nlsdata.obj
 0002:00001474       ??_C@_03LBGABGKK@Jul?$AA@  000000018000e474     libucrt:nlsdata.obj
 0002:00001478       ??_C@_03IFJFEIGA@Aug?$AA@  000000018000e478     libucrt:nlsdata.obj
 0002:0000147c       ??_C@_03GGCAPAJC@Sep?$AA@  000000018000e47c     libucrt:nlsdata.obj
 0002:00001480       ??_C@_03BMAOKBAD@Oct?$AA@  000000018000e480     libucrt:nlsdata.obj
 0002:00001484       ??_C@_03JPJOFNIA@Nov?$AA@  000000018000e484     libucrt:nlsdata.obj
 0002:00001488       ??_C@_03MKABNOCG@Dec?$AA@  000000018000e488     libucrt:nlsdata.obj
 0002:00001490       ??_C@_07CGJPFGJA@January?$AA@ 000000018000e490     libucrt:nlsdata.obj
 0002:00001498       ??_C@_08GNJGEPFN@February?$AA@ 000000018000e498     libucrt:nlsdata.obj
 0002:000014a4       ??_C@_05HPCKOFNC@March?$AA@ 000000018000e4a4     libucrt:nlsdata.obj
 0002:000014ac       ??_C@_05DMJDNLEJ@April?$AA@ 000000018000e4ac     libucrt:nlsdata.obj
 0002:000014b4       ??_C@_04CNLMGBGM@June?$AA@ 000000018000e4b4     libucrt:nlsdata.obj
 0002:000014bc       ??_C@_04MIEPOIFP@July?$AA@ 000000018000e4bc     libucrt:nlsdata.obj
 0002:000014c4       ??_C@_06LBBHFDDG@August?$AA@ 000000018000e4c4     libucrt:nlsdata.obj
 0002:000014d0       ??_C@_09BHHEALKD@September?$AA@ 000000018000e4d0     libucrt:nlsdata.obj
 0002:000014e0       ??_C@_07JJNFCEND@October?$AA@ 000000018000e4e0     libucrt:nlsdata.obj
 0002:000014e8       ??_C@_08HCHEGEOA@November?$AA@ 000000018000e4e8     libucrt:nlsdata.obj
 0002:000014f8       ??_C@_08EDHMEBNP@December?$AA@ 000000018000e4f8     libucrt:nlsdata.obj
 0002:00001504       ??_C@_02DEDBPAFC@AM?$AA@   000000018000e504     libucrt:nlsdata.obj
 0002:00001508       ??_C@_02CJNFDJBF@PM?$AA@   000000018000e508     libucrt:nlsdata.obj
 0002:00001510       ??_C@_08BPBNCDIB@MM?1dd?1yy?$AA@ 000000018000e510     libucrt:nlsdata.obj
 0002:00001520       ??_C@_0BE@CKGJFCPC@dddd?0?5MMMM?5dd?0?5yyyy?$AA@ 000000018000e520     libucrt:nlsdata.obj
 0002:00001538       ??_C@_08JCCMCCIL@HH?3mm?3ss?$AA@ 000000018000e538     libucrt:nlsdata.obj
 0002:00001548       ??_C@_17MBGCMIPB@?$AAS?$AAu?$AAn?$AA?$AA@ 000000018000e548     libucrt:nlsdata.obj
 0002:00001550       ??_C@_17KBOMKBF@?$AAM?$AAo?$AAn?$AA?$AA@ 000000018000e550     libucrt:nlsdata.obj
 0002:00001558       ??_C@_17BMKGEGOJ@?$AAT?$AAu?$AAe?$AA?$AA@ 000000018000e558     libucrt:nlsdata.obj
 0002:00001560       ??_C@_17CJEDCEPE@?$AAW?$AAe?$AAd?$AA?$AA@ 000000018000e560     libucrt:nlsdata.obj
 0002:00001568       ??_C@_17PDPHAADD@?$AAT?$AAh?$AAu?$AA?$AA@ 000000018000e568     libucrt:nlsdata.obj
 0002:00001570       ??_C@_17HFOLPPLP@?$AAF?$AAr?$AAi?$AA?$AA@ 000000018000e570     libucrt:nlsdata.obj
 0002:00001578       ??_C@_17GGIBDPIH@?$AAS?$AAa?$AAt?$AA?$AA@ 000000018000e578     libucrt:nlsdata.obj
 0002:00001580       ??_C@_1O@IHNHDHPB@?$AAS?$AAu?$AAn?$AAd?$AAa?$AAy?$AA?$AA@ 000000018000e580     libucrt:nlsdata.obj
 0002:00001590       ??_C@_1O@MMNBFLIA@?$AAM?$AAo?$AAn?$AAd?$AAa?$AAy?$AA?$AA@ 000000018000e590     libucrt:nlsdata.obj
 0002:000015a0       ??_C@_1BA@ENFBFFEK@?$AAT?$AAu?$AAe?$AAs?$AAd?$AAa?$AAy?$AA?$AA@ 000000018000e5a0     libucrt:nlsdata.obj
 0002:000015b0       ??_C@_1BE@EBOGMDOH@?$AAW?$AAe?$AAd?$AAn?$AAe?$AAs?$AAd?$AAa?$AAy?$AA?$AA@ 000000018000e5b0     libucrt:nlsdata.obj
 0002:000015c8       ??_C@_1BC@HHMNLIHE@?$AAT?$AAh?$AAu?$AAr?$AAs?$AAd?$AAa?$AAy?$AA?$AA@ 000000018000e5c8     libucrt:nlsdata.obj
 0002:000015e0       ??_C@_1O@PDICJHAG@?$AAF?$AAr?$AAi?$AAd?$AAa?$AAy?$AA?$AA@ 000000018000e5e0     libucrt:nlsdata.obj
 0002:000015f0       ??_C@_1BC@ENMNNPAJ@?$AAS?$AAa?$AAt?$AAu?$AAr?$AAd?$AAa?$AAy?$AA?$AA@ 000000018000e5f0     libucrt:nlsdata.obj
 0002:00001608       ??_C@_17DKNBKCHM@?$AAJ?$AAa?$AAn?$AA?$AA@ 000000018000e608     libucrt:nlsdata.obj
 0002:00001610       ??_C@_17LMDJEKJN@?$AAF?$AAe?$AAb?$AA?$AA@ 000000018000e610     libucrt:nlsdata.obj
 0002:00001618       ??_C@_17CKNLEDEC@?$AAM?$AAa?$AAr?$AA?$AA@ 000000018000e618     libucrt:nlsdata.obj
 0002:00001620       ??_C@_17LFPOIHDD@?$AAA?$AAp?$AAr?$AA?$AA@ 000000018000e620     libucrt:nlsdata.obj
 0002:00001628       ??_C@_17PNNKMEED@?$AAM?$AAa?$AAy?$AA?$AA@ 000000018000e628     libucrt:nlsdata.obj
 0002:00001630       ??_C@_17KCJGOCPB@?$AAJ?$AAu?$AAn?$AA?$AA@ 000000018000e630     libucrt:nlsdata.obj
 0002:00001638       ??_C@_17IJPCKHK@?$AAJ?$AAu?$AAl?$AA?$AA@ 000000018000e638     libucrt:nlsdata.obj
 0002:00001640       ??_C@_17ICPELBCN@?$AAA?$AAu?$AAg?$AA?$AA@ 000000018000e640     libucrt:nlsdata.obj
 0002:00001648       ??_C@_17HCHCOKMG@?$AAS?$AAe?$AAp?$AA?$AA@ 000000018000e648     libucrt:nlsdata.obj
 0002:00001650       ??_C@_17FNLKOI@?$AAO?$AAc?$AAt?$AA?$AA@ 000000018000e650     libucrt:nlsdata.obj
 0002:00001658       ??_C@_17BBDMLCIG@?$AAN?$AAo?$AAv?$AA?$AA@ 000000018000e658     libucrt:nlsdata.obj
 0002:00001660       ??_C@_17EGKACKIF@?$AAD?$AAe?$AAc?$AA?$AA@ 000000018000e660     libucrt:nlsdata.obj
 0002:00001668       ??_C@_1BA@EFMEIEBA@?$AAJ?$AAa?$AAn?$AAu?$AAa?$AAr?$AAy?$AA?$AA@ 000000018000e668     libucrt:nlsdata.obj
 0002:00001678       ??_C@_1BC@JGDDFFAM@?$AAF?$AAe?$AAb?$AAr?$AAu?$AAa?$AAr?$AAy?$AA?$AA@ 000000018000e678     libucrt:nlsdata.obj
 0002:00001690       ??_C@_1M@IKEENEDF@?$AAM?$AAa?$AAr?$AAc?$AAh?$AA?$AA@ 000000018000e690     libucrt:nlsdata.obj
 0002:000016a0       ??_C@_1M@GJNLMHFD@?$AAA?$AAp?$AAr?$AAi?$AAl?$AA?$AA@ 000000018000e6a0     libucrt:nlsdata.obj
 0002:000016b0       ??_C@_19EPFLPGAP@?$AAJ?$AAu?$AAn?$AAe?$AA?$AA@ 000000018000e6b0     libucrt:nlsdata.obj
 0002:000016c0       ??_C@_19BIFMLPCD@?$AAJ?$AAu?$AAl?$AAy?$AA?$AA@ 000000018000e6c0     libucrt:nlsdata.obj
 0002:000016d0       ??_C@_1O@PAHLKOAC@?$AAA?$AAu?$AAg?$AAu?$AAs?$AAt?$AA?$AA@ 000000018000e6d0     libucrt:nlsdata.obj
 0002:000016e0       ??_C@_1BE@DKAAMBJL@?$AAS?$AAe?$AAp?$AAt?$AAe?$AAm?$AAb?$AAe?$AAr?$AA?$AA@ 000000018000e6e0     libucrt:nlsdata.obj
 0002:000016f8       ??_C@_1BA@EPANDLNG@?$AAO?$AAc?$AAt?$AAo?$AAb?$AAe?$AAr?$AA?$AA@ 000000018000e6f8     libucrt:nlsdata.obj
 0002:00001708       ??_C@_1BC@BGLIFPF@?$AAN?$AAo?$AAv?$AAe?$AAm?$AAb?$AAe?$AAr?$AA?$AA@ 000000018000e708     libucrt:nlsdata.obj
 0002:00001720       ??_C@_1BC@FEMKIFH@?$AAD?$AAe?$AAc?$AAe?$AAm?$AAb?$AAe?$AAr?$AA?$AA@ 000000018000e720     libucrt:nlsdata.obj
 0002:00001734       ??_C@_15ODEHAHHF@?$AAA?$AAM?$AA?$AA@ 000000018000e734     libucrt:nlsdata.obj
 0002:0000173c       ??_C@_15CLMNNGEL@?$AAP?$AAM?$AA?$AA@ 000000018000e73c     libucrt:nlsdata.obj
 0002:00001748       ??_C@_1BC@IEBCMHCM@?$AAM?$AAM?$AA?1?$AAd?$AAd?$AA?1?$AAy?$AAy?$AA?$AA@ 000000018000e748     libucrt:nlsdata.obj
 0002:00001760       ??_C@_1CI@KNAKOEBC@?$AAd?$AAd?$AAd?$AAd?$AA?0?$AA?5?$AAM?$AAM?$AAM?$AAM?$AA?5?$AAd?$AAd?$AA?0?$AA?5?$AAy?$AAy?$AAy?$AAy?$AA?$AA@ 000000018000e760     libucrt:nlsdata.obj
 0002:00001788       ??_C@_1BC@GDGBMEMK@?$AAH?$AAH?$AA?3?$AAm?$AAm?$AA?3?$AAs?$AAs?$AA?$AA@ 000000018000e788     libucrt:nlsdata.obj
 0002:000017a0       ??_C@_1M@BMHNFIME@?$AAe?$AAn?$AA?9?$AAU?$AAS?$AA?$AA@ 000000018000e7a0     libucrt:nlsdata.obj
 0002:00001850       ??_C@_1EG@CNNIPFIM@?$AAa?$AAp?$AAi?$AA?9?$AAm?$AAs?$AA?9?$AAw?$AAi?$AAn?$AA?9?$AAa?$AAp?$AAp?$AAm?$AAo?$AAd?$AAe?$AAl?$AA?9?$AAr?$AAu?$AAn?$AAt?$AAi?$AAm?$AAe?$AA?9?$AAl?$AA1?$AA?9?$AA1@ 000000018000e850     libucrt:winapi_thunks.obj
 0002:000018a0       ??_C@_1EA@JGEFHKEI@?$AAa?$AAp?$AAi?$AA?9?$AAm?$AAs?$AA?9?$AAw?$AAi?$AAn?$AA?9?$AAc?$AAo?$AAr?$AAe?$AA?9?$AAd?$AAa?$AAt?$AAe?$AAt?$AAi?$AAm?$AAe?$AA?9?$AAl?$AA1?$AA?9?$AA1?$AA?9?$AA1?$AA?$AA@ 000000018000e8a0     libucrt:winapi_thunks.obj
 0002:000018e0       ??_C@_1DI@GCIAAENM@?$AAa?$AAp?$AAi?$AA?9?$AAm?$AAs?$AA?9?$AAw?$AAi?$AAn?$AA?9?$AAc?$AAo?$AAr?$AAe?$AA?9?$AAf?$AAi?$AAl?$AAe?$AA?9?$AAl?$AA2?$AA?9?$AA1?$AA?9?$AA1?$AA?$AA@ 000000018000e8e0     libucrt:winapi_thunks.obj
 0002:00001920       ??_C@_1EI@MPIAOHOC@?$AAa?$AAp?$AAi?$AA?9?$AAm?$AAs?$AA?9?$AAw?$AAi?$AAn?$AA?9?$AAc?$AAo?$AAr?$AAe?$AA?9?$AAl?$AAo?$AAc?$AAa?$AAl?$AAi?$AAz?$AAa?$AAt?$AAi?$AAo?$AAn?$AA?9?$AAl?$AA1?$AA?9@ 000000018000e920     libucrt:winapi_thunks.obj
 0002:00001970       ??_C@_1FK@FPHCKFIE@?$AAa?$AAp?$AAi?$AA?9?$AAm?$AAs?$AA?9?$AAw?$AAi?$AAn?$AA?9?$AAc?$AAo?$AAr?$AAe?$AA?9?$AAl?$AAo?$AAc?$AAa?$AAl?$AAi?$AAz?$AAa?$AAt?$AAi?$AAo?$AAn?$AA?9?$AAo?$AAb?$AAs@ 000000018000e970     libucrt:winapi_thunks.obj
 0002:000019d0       ??_C@_1EM@DILCGIIO@?$AAa?$AAp?$AAi?$AA?9?$AAm?$AAs?$AA?9?$AAw?$AAi?$AAn?$AA?9?$AAc?$AAo?$AAr?$AAe?$AA?9?$AAp?$AAr?$AAo?$AAc?$AAe?$AAs?$AAs?$AAt?$AAh?$AAr?$AAe?$AAa?$AAd?$AAs?$AA?9?$AAl@ 000000018000e9d0     libucrt:winapi_thunks.obj
 0002:00001a20       ??_C@_1DM@LNCGDDPN@?$AAa?$AAp?$AAi?$AA?9?$AAm?$AAs?$AA?9?$AAw?$AAi?$AAn?$AA?9?$AAc?$AAo?$AAr?$AAe?$AA?9?$AAs?$AAt?$AAr?$AAi?$AAn?$AAg?$AA?9?$AAl?$AA1?$AA?9?$AA1?$AA?9?$AA0?$AA?$AA@ 000000018000ea20     libucrt:winapi_thunks.obj
 0002:00001a60       ??_C@_1DO@FPAPJEMD@?$AAa?$AAp?$AAi?$AA?9?$AAm?$AAs?$AA?9?$AAw?$AAi?$AAn?$AA?9?$AAc?$AAo?$AAr?$AAe?$AA?9?$AAs?$AAy?$AAs?$AAi?$AAn?$AAf?$AAo?$AA?9?$AAl?$AA1?$AA?9?$AA2?$AA?9?$AA1?$AA?$AA@ 000000018000ea60     libucrt:winapi_thunks.obj
 0002:00001aa0       ??_C@_1DK@NDHNAHIO@?$AAa?$AAp?$AAi?$AA?9?$AAm?$AAs?$AA?9?$AAw?$AAi?$AAn?$AA?9?$AAc?$AAo?$AAr?$AAe?$AA?9?$AAw?$AAi?$AAn?$AAr?$AAt?$AA?9?$AAl?$AA1?$AA?9?$AA1?$AA?9?$AA0?$AA?$AA@ 000000018000eaa0     libucrt:winapi_thunks.obj
 0002:00001ae0       ??_C@_1DM@KGHDGBCM@?$AAa?$AAp?$AAi?$AA?9?$AAm?$AAs?$AA?9?$AAw?$AAi?$AAn?$AA?9?$AAc?$AAo?$AAr?$AAe?$AA?9?$AAx?$AAs?$AAt?$AAa?$AAt?$AAe?$AA?9?$AAl?$AA2?$AA?9?$AA1?$AA?9?$AA0?$AA?$AA@ 000000018000eae0     libucrt:winapi_thunks.obj
 0002:00001b20       ??_C@_1EO@IJIOEFOH@?$AAa?$AAp?$AAi?$AA?9?$AAm?$AAs?$AA?9?$AAw?$AAi?$AAn?$AA?9?$AAr?$AAt?$AAc?$AAo?$AAr?$AAe?$AA?9?$AAn?$AAt?$AAu?$AAs?$AAe?$AAr?$AA?9?$AAw?$AAi?$AAn?$AAd?$AAo?$AAw?$AA?9@ 000000018000eb20     libucrt:winapi_thunks.obj
 0002:00001b70       ??_C@_1FG@HHGEKANL@?$AAa?$AAp?$AAi?$AA?9?$AAm?$AAs?$AA?9?$AAw?$AAi?$AAn?$AA?9?$AAs?$AAe?$AAc?$AAu?$AAr?$AAi?$AAt?$AAy?$AA?9?$AAs?$AAy?$AAs?$AAt?$AAe?$AAm?$AAf?$AAu?$AAn?$AAc?$AAt?$AAi@ 000000018000eb70     libucrt:winapi_thunks.obj
 0002:00001bd0       ??_C@_1FG@NCKKOLKO@?$AAe?$AAx?$AAt?$AA?9?$AAm?$AAs?$AA?9?$AAw?$AAi?$AAn?$AA?9?$AAk?$AAe?$AAr?$AAn?$AAe?$AAl?$AA3?$AA2?$AA?9?$AAp?$AAa?$AAc?$AAk?$AAa?$AAg?$AAe?$AA?9?$AAc?$AAu?$AAr?$AAr@ 000000018000ebd0     libucrt:winapi_thunks.obj
 0002:00001c30       ??_C@_1EG@DBIOJECG@?$AAe?$AAx?$AAt?$AA?9?$AAm?$AAs?$AA?9?$AAw?$AAi?$AAn?$AA?9?$AAn?$AAt?$AAu?$AAs?$AAe?$AAr?$AA?9?$AAd?$AAi?$AAa?$AAl?$AAo?$AAg?$AAb?$AAo?$AAx?$AA?9?$AAl?$AA1?$AA?9?$AA1@ 000000018000ec30     libucrt:winapi_thunks.obj
 0002:00001c80       ??_C@_1EO@FIHMJCLF@?$AAe?$AAx?$AAt?$AA?9?$AAm?$AAs?$AA?9?$AAw?$AAi?$AAn?$AA?9?$AAn?$AAt?$AAu?$AAs?$AAe?$AAr?$AA?9?$AAw?$AAi?$AAn?$AAd?$AAo?$AAw?$AAs?$AAt?$AAa?$AAt?$AAi?$AAo?$AAn?$AA?9@ 000000018000ec80     libucrt:winapi_thunks.obj
 0002:00001cd0       ??_C@_1O@BCCLBEOE@?$AAu?$AAs?$AAe?$AAr?$AA3?$AA2?$AA?$AA@ 000000018000ecd0     libucrt:winapi_thunks.obj
 0002:00001d08       ??_C@_0BE@JOGNEJCI@GetCurrentPackageId?$AA@ 000000018000ed08     libucrt:winapi_thunks.obj
 0002:00001d30       ??_C@_0O@KKBNKAPF@LCMapStringEx?$AA@ 000000018000ed30     libucrt:winapi_thunks.obj
 0002:00001d48       ??_C@_0BB@HBDEELFH@LocaleNameToLCID?$AA@ 000000018000ed48     libucrt:winapi_thunks.obj
 0002:00001d80       ??_C@_1M@HPNHIDJI@?$AAj?$AAa?$AA?9?$AAJ?$AAP?$AA?$AA@ 000000018000ed80     libucrt:mbctype.obj
 0002:00001d90       ??_C@_1M@BIBDDEMK@?$AAz?$AAh?$AA?9?$AAC?$AAN?$AA?$AA@ 000000018000ed90     libucrt:mbctype.obj
 0002:00001da0       ??_C@_1M@JLOOOEGK@?$AAk?$AAo?$AA?9?$AAK?$AAR?$AA?$AA@ 000000018000eda0     libucrt:mbctype.obj
 0002:00001db0       ??_C@_1M@CLNBBOPM@?$AAz?$AAh?$AA?9?$AAT?$AAW?$AA?$AA@ 000000018000edb0     libucrt:mbctype.obj
 0002:00001dc0       __newctype                 000000018000edc0     libucrt:ctype.obj
 0002:000020c0       __newclmap                 000000018000f0c0     libucrt:ctype.obj
 0002:00002240       __newcumap                 000000018000f240     libucrt:ctype.obj
 0002:000023c0       ??_C@_15PJPFLCCM@?$AAu?$AAk?$AA?$AA@ 000000018000f3c0     libucrt:get_qualified_locale.obj
 0002:00003210       ??_C@_15EMKDOKLE@?$AAa?$AAr?$AA?$AA@ 0000000180010210     libucrt:lcidtoname_downlevel.obj
 0002:00003218       ??_C@_15KNPADPLH@?$AAb?$AAg?$AA?$AA@ 0000000180010218     libucrt:lcidtoname_downlevel.obj
 0002:00003220       ??_C@_15EDMHLDMO@?$AAc?$AAa?$AA?$AA@ 0000000180010220     libucrt:lcidtoname_downlevel.obj
 0002:00003228       ??_C@_1O@BPEAJADD@?$AAz?$AAh?$AA?9?$AAC?$AAH?$AAS?$AA?$AA@ 0000000180010228     libucrt:lcidtoname_downlevel.obj
 0002:00003238       ??_C@_15LJNHCMNK@?$AAc?$AAs?$AA?$AA@ 0000000180010238     libucrt:lcidtoname_downlevel.obj
 0002:00003240       ??_C@_15FOMCIDHG@?$AAd?$AAa?$AA?$AA@ 0000000180010240     libucrt:lcidtoname_downlevel.obj
 0002:00003248       ??_C@_15NBKABECB@?$AAd?$AAe?$AA?$AA@ 0000000180010248     libucrt:lcidtoname_downlevel.obj
 0002:00003250       ??_C@_15GHPEIIAO@?$AAe?$AAl?$AA?$AA@ 0000000180010250     libucrt:lcidtoname_downlevel.obj
 0002:00003258       ??_C@_15MNPNEAIF@?$AAe?$AAn?$AA?$AA@ 0000000180010258     libucrt:lcidtoname_downlevel.obj
 0002:00003260       ??_C@_15GPIOMPMH@?$AAe?$AAs?$AA?$AA@ 0000000180010260     libucrt:lcidtoname_downlevel.obj
 0002:00003268       ??_C@_15NGLOAKJC@?$AAf?$AAi?$AA?$AA@ 0000000180010268     libucrt:lcidtoname_downlevel.obj
 0002:00003270       ??_C@_15FBKGNKAM@?$AAf?$AAr?$AA?$AA@ 0000000180010270     libucrt:lcidtoname_downlevel.obj
 0002:00003278       ??_C@_15KGGCNEFK@?$AAh?$AAe?$AA?$AA@ 0000000180010278     libucrt:lcidtoname_downlevel.obj
 0002:00003280       ??_C@_15PGHLIDMF@?$AAh?$AAu?$AA?$AA@ 0000000180010280     libucrt:lcidtoname_downlevel.obj
 0002:00003288       ??_C@_15BIEMAPLM@?$AAi?$AAs?$AA?$AA@ 0000000180010288     libucrt:lcidtoname_downlevel.obj
 0002:00003290       ??_C@_15IFJLDHAF@?$AAi?$AAt?$AA?$AA@ 0000000180010290     libucrt:lcidtoname_downlevel.obj
 0002:00003298       ??_C@_15GEMIOCAG@?$AAj?$AAa?$AA?$AA@ 0000000180010298     libucrt:lcidtoname_downlevel.obj
 0002:000032a0       ??_C@_15EPELEGJA@?$AAk?$AAo?$AA?$AA@ 00000001800102a0     libucrt:lcidtoname_downlevel.obj
 0002:000032a8       ??_C@_15NDDHIMN@?$AAn?$AAl?$AA?$AA@ 00000001800102a8     libucrt:lcidtoname_downlevel.obj
 0002:000032b0       ??_C@_15BPIGNHCD@?$AAn?$AAo?$AA?$AA@ 00000001800102b0     libucrt:lcidtoname_downlevel.obj
 0002:000032b8       ??_C@_15DEOPBLCG@?$AAp?$AAl?$AA?$AA@ 00000001800102b8     libucrt:lcidtoname_downlevel.obj
 0002:000032c0       ??_C@_15KBECGEFG@?$AAp?$AAt?$AA?$AA@ 00000001800102c0     libucrt:lcidtoname_downlevel.obj
 0002:000032c8       ??_C@_15GLJCBFMD@?$AAr?$AAo?$AA?$AA@ 00000001800102c8     libucrt:lcidtoname_downlevel.obj
 0002:000032d0       ??_C@_15FEDGKCDI@?$AAr?$AAu?$AA?$AA@ 00000001800102d0     libucrt:lcidtoname_downlevel.obj
 0002:000032d8       ??_C@_15GLKMLLHM@?$AAh?$AAr?$AA?$AA@ 00000001800102d8     libucrt:lcidtoname_downlevel.obj
 0002:000032e0       ??_C@_15CPKMFBDB@?$AAs?$AAk?$AA?$AA@ 00000001800102e0     libucrt:lcidtoname_downlevel.obj
 0002:000032e8       ??_C@_15BAAIOGMK@?$AAs?$AAq?$AA?$AA@ 00000001800102e8     libucrt:lcidtoname_downlevel.obj
 0002:000032f0       ??_C@_15INNPNOHD@?$AAs?$AAv?$AA?$AA@ 00000001800102f0     libucrt:lcidtoname_downlevel.obj
 0002:000032f8       ??_C@_15CABMMOGH@?$AAt?$AAh?$AA?$AA@ 00000001800102f8     libucrt:lcidtoname_downlevel.obj
 0002:00003300       ??_C@_15BPLIHJJM@?$AAt?$AAr?$AA?$AA@ 0000000180010300     libucrt:lcidtoname_downlevel.obj
 0002:00003308       ??_C@_15NEOEKKDJ@?$AAu?$AAr?$AA?$AA@ 0000000180010308     libucrt:lcidtoname_downlevel.obj
 0002:00003310       ??_C@_15NFICGAJK@?$AAi?$AAd?$AA?$AA@ 0000000180010310     libucrt:lcidtoname_downlevel.obj
 0002:00003318       ??_C@_15HPJPHDM@?$AAb?$AAe?$AA?$AA@ 0000000180010318     libucrt:lcidtoname_downlevel.obj
 0002:00003320       ??_C@_15LCHLGJII@?$AAs?$AAl?$AA?$AA@ 0000000180010320     libucrt:lcidtoname_downlevel.obj
 0002:00003328       ??_C@_15PCFJPHHO@?$AAe?$AAt?$AA?$AA@ 0000000180010328     libucrt:lcidtoname_downlevel.obj
 0002:00003330       ??_C@_15HPFPGODN@?$AAl?$AAv?$AA?$AA@ 0000000180010330     libucrt:lcidtoname_downlevel.obj
 0002:00003338       ??_C@_15NFFGKGLG@?$AAl?$AAt?$AA?$AA@ 0000000180010338     libucrt:lcidtoname_downlevel.obj
 0002:00003340       ??_C@_15BDAKCCHN@?$AAf?$AAa?$AA?$AA@ 0000000180010340     libucrt:lcidtoname_downlevel.obj
 0002:00003348       ??_C@_15NFGIAIAJ@?$AAv?$AAi?$AA?$AA@ 0000000180010348     libucrt:lcidtoname_downlevel.obj
 0002:00003350       ??_C@_15LMKNDMHN@?$AAh?$AAy?$AA?$AA@ 0000000180010350     libucrt:lcidtoname_downlevel.obj
 0002:00003358       ??_C@_15IJBHMCFL@?$AAa?$AAz?$AA?$AA@ 0000000180010358     libucrt:lcidtoname_downlevel.obj
 0002:00003360       ??_C@_15EKOFJABL@?$AAe?$AAu?$AA?$AA@ 0000000180010360     libucrt:lcidtoname_downlevel.obj
 0002:00003368       ??_C@_15BGHADCNK@?$AAm?$AAk?$AA?$AA@ 0000000180010368     libucrt:lcidtoname_downlevel.obj
 0002:00003370       ??_C@_15JDNICKHM@?$AAa?$AAf?$AA?$AA@ 0000000180010370     libucrt:lcidtoname_downlevel.obj
 0002:00003378       ??_C@_15KPJEDBKD@?$AAk?$AAa?$AA?$AA@ 0000000180010378     libucrt:lcidtoname_downlevel.obj
 0002:00003380       ??_C@_15PDNFFFEO@?$AAf?$AAo?$AA?$AA@ 0000000180010380     libucrt:lcidtoname_downlevel.obj
 0002:00003388       ??_C@_15OMLEGLOC@?$AAh?$AAi?$AA?$AA@ 0000000180010388     libucrt:lcidtoname_downlevel.obj
 0002:00003390       ??_C@_15IDNNENKK@?$AAm?$AAs?$AA?$AA@ 0000000180010390     libucrt:lcidtoname_downlevel.obj
 0002:00003398       ??_C@_15MACJNBMH@?$AAk?$AAk?$AA?$AA@ 0000000180010398     libucrt:lcidtoname_downlevel.obj
 0002:000033a0       ??_C@_15DKDJEOND@?$AAk?$AAy?$AA?$AA@ 00000001800103a0     libucrt:lcidtoname_downlevel.obj
 0002:000033a8       ??_C@_15DFGDLJBG@?$AAs?$AAw?$AA?$AA@ 00000001800103a8     libucrt:lcidtoname_downlevel.obj
 0002:000033b0       ??_C@_15BBFAICNG@?$AAu?$AAz?$AA?$AA@ 00000001800103b0     libucrt:lcidtoname_downlevel.obj
 0002:000033b8       ??_C@_15DKNDCGEA@?$AAt?$AAt?$AA?$AA@ 00000001800103b8     libucrt:lcidtoname_downlevel.obj
 0002:000033c0       ??_C@_15MGIFMDPL@?$AAp?$AAa?$AA?$AA@ 00000001800103c0     libucrt:lcidtoname_downlevel.obj
 0002:000033c8       ??_C@_15HCNDBBA@?$AAg?$AAu?$AA?$AA@ 00000001800103c8     libucrt:lcidtoname_downlevel.obj
 0002:000033d0       ??_C@_15FNBEIBON@?$AAt?$AAa?$AA?$AA@ 00000001800103d0     libucrt:lcidtoname_downlevel.obj
 0002:000033d8       ??_C@_15NCHGBGLK@?$AAt?$AAe?$AA?$AA@ 00000001800103d8     libucrt:lcidtoname_downlevel.obj
 0002:000033e0       ??_C@_15PHPHCBPF@?$AAk?$AAn?$AA?$AA@ 00000001800103e0     libucrt:lcidtoname_downlevel.obj
 0002:000033e8       ??_C@_15DLGBCKMP@?$AAm?$AAr?$AA?$AA@ 00000001800103e8     libucrt:lcidtoname_downlevel.obj
 0002:000033f0       ??_C@_15EABBLBFF@?$AAs?$AAa?$AA?$AA@ 00000001800103f0     libucrt:lcidtoname_downlevel.obj
 0002:000033f8       ??_C@_15CBKOMCOI@?$AAm?$AAn?$AA?$AA@ 00000001800103f8     libucrt:lcidtoname_downlevel.obj
 0002:00003400       ??_C@_15CKDMCJAF@?$AAg?$AAl?$AA?$AA@ 0000000180010400     libucrt:lcidtoname_downlevel.obj
 0002:00003408       ??_C@_17CNJFBPG@?$AAk?$AAo?$AAk?$AA?$AA@ 0000000180010408     libucrt:lcidtoname_downlevel.obj
 0002:00003410       ??_C@_17FFBJICPL@?$AAs?$AAy?$AAr?$AA?$AA@ 0000000180010410     libucrt:lcidtoname_downlevel.obj
 0002:00003418       ??_C@_17KPNDCPAF@?$AAd?$AAi?$AAv?$AA?$AA@ 0000000180010418     libucrt:lcidtoname_downlevel.obj
 0002:00003420       ??_C@_11LOCGONAA@?$AA?$AA@ 0000000180010420     libucrt:lcidtoname_downlevel.obj
 0002:00003428       ??_C@_1M@OKAHONE@?$AAa?$AAr?$AA?9?$AAS?$AAA?$AA?$AA@ 0000000180010428     libucrt:lcidtoname_downlevel.obj
 0002:00003438       ??_C@_1M@FFFIGIGK@?$AAb?$AAg?$AA?9?$AAB?$AAG?$AA?$AA@ 0000000180010438     libucrt:lcidtoname_downlevel.obj
 0002:00003448       ??_C@_1M@BJNKEDC@?$AAc?$AAa?$AA?9?$AAE?$AAS?$AA?$AA@ 0000000180010448     libucrt:lcidtoname_downlevel.obj
 0002:00003458       ??_C@_1M@IJJHFJHA@?$AAc?$AAs?$AA?9?$AAC?$AAZ?$AA?$AA@ 0000000180010458     libucrt:lcidtoname_downlevel.obj
 0002:00003468       ??_C@_1M@CLPEOBGI@?$AAd?$AAa?$AA?9?$AAD?$AAK?$AA?$AA@ 0000000180010468     libucrt:lcidtoname_downlevel.obj
 0002:00003478       ??_C@_1M@MCMADGCB@?$AAd?$AAe?$AA?9?$AAD?$AAE?$AA?$AA@ 0000000180010478     libucrt:lcidtoname_downlevel.obj
 0002:00003488       ??_C@_1M@OOCKEMAM@?$AAe?$AAl?$AA?9?$AAG?$AAR?$AA?$AA@ 0000000180010488     libucrt:lcidtoname_downlevel.obj
 0002:00003498       ??_C@_1M@DDNJFGID@?$AAf?$AAi?$AA?9?$AAF?$AAI?$AA?$AA@ 0000000180010498     libucrt:lcidtoname_downlevel.obj
 0002:000034a8       ??_C@_1M@GLIPPMAC@?$AAf?$AAr?$AA?9?$AAF?$AAR?$AA?$AA@ 00000001800104a8     libucrt:lcidtoname_downlevel.obj
 0002:000034b8       ??_C@_1M@GFMCHPE@?$AAh?$AAe?$AA?9?$AAI?$AAL?$AA?$AA@ 00000001800104b8     libucrt:lcidtoname_downlevel.obj
 0002:000034c8       ??_C@_1M@MHLPGNKM@?$AAh?$AAu?$AA?9?$AAH?$AAU?$AA?$AA@ 00000001800104c8     libucrt:lcidtoname_downlevel.obj
 0002:000034d8       ??_C@_1M@LPDDNNPN@?$AAi?$AAs?$AA?9?$AAI?$AAS?$AA?$AA@ 00000001800104d8     libucrt:lcidtoname_downlevel.obj
 0002:000034e8       ??_C@_1M@MADIPODN@?$AAi?$AAt?$AA?9?$AAI?$AAT?$AA?$AA@ 00000001800104e8     libucrt:lcidtoname_downlevel.obj
 0002:000034f8       ??_C@_1M@IHBJJGG@?$AAn?$AAl?$AA?9?$AAN?$AAL?$AA?$AA@ 00000001800104f8     libucrt:lcidtoname_downlevel.obj
 0002:00003508       ??_C@_1M@EANAGDL@?$AAn?$AAb?$AA?9?$AAN?$AAO?$AA?$AA@ 0000000180010508     libucrt:lcidtoname_downlevel.obj
[...]
 0004:00000714       $pdata$??$?RV<lambda_99476a1ad63dd22509b5d3e65b0ffc95>@@AEAV<lambda_ad1ced32f4ac17aa236e5ef05d6b3b7c>@@V<lambda_f7424dd8d45958661754dc4f2697e9c3>@@@?$__crt_seh_guarded_call@X@@QEAAX$$QEAV<lambda_99476a1ad63dd22509b5d3e65b0ffc95>@@AEAV<lambda_ad1ced32f4ac17aa236e5ef05d6b3b7c>@@$$QEAV<lambda_f7424dd8d45958661754dc4f2697e9c3>@@@Z 0000000180019714     libucrt:mbctype.obj
 0004:00000720       $pdata$??R<lambda_ad1ced32f4ac17aa236e5ef05d6b3b7c>@@QEBAXXZ 0000000180019720     libucrt:mbctype.obj
 0004:0000072c       $pdata$?getSystemCP@@YAHH@Z 000000018001972c     libucrt:mbctype.obj
 0004:00000738       $pdata$?setSBCS@@YAXPEAU__crt_multibyte_data@@@Z 0000000180019738     libucrt:mbctype.obj
 0004:00000744       $pdata$?setSBUpLow@@YAXPEAU__crt_multibyte_data@@@Z 0000000180019744     libucrt:mbctype.obj
 0004:00000750       $pdata$?setmbcp_internal@@YAHH_N@Z 0000000180019750     libucrt:mbctype.obj
 0004:0000075c       $pdata$__acrt_initialize_multibyte 000000018001975c     libucrt:mbctype.obj
 0004:00000768       $pdata$__acrt_update_thread_multibyte_data 0000000180019768     libucrt:mbctype.obj
 0004:00000774       $pdata$_setmbcp_nolock     0000000180019774     libucrt:mbctype.obj
 0004:00000780       $pdata$?x_ismbbtype_l@@YAHPEAU__crt_locale_pointers@@IHH@Z 0000000180019780     libucrt:ismbbyte.obj
 0004:0000078c       $pdata$__acrt_initialize_command_line 000000018001978c     libucrt:argv_data.obj
 0004:00000798       $pdata$__dcrt_get_narrow_environment_from_os 0000000180019798     libucrt:get_environment_from_os.obj
 0004:000007a4       $pdata$_recalloc_base      00000001800197a4     libucrt:recalloc.obj
 0004:000007b0       $pdata$__acrt_initialize_heap 00000001800197b0     libucrt:heap_handle.obj
 0004:000007bc       $pdata$?initialize_inherited_file_handles_nolock@@YAXXZ 00000001800197bc     libucrt:ioinit.obj
 0004:000007c8       $pdata$?initialize_stdio_handles_nolock@@YAXXZ 00000001800197c8     libucrt:ioinit.obj
 0004:000007d4       $pdata$__acrt_initialize_lowio 00000001800197d4     libucrt:ioinit.obj
 0004:000007e0       $pdata$__acrt_uninitialize_lowio 00000001800197e0     libucrt:ioinit.obj
 0004:000007ec       $pdata$__acrt_execute_initializers 00000001800197ec     libucrt:shared_initialization.obj
 0004:000007f8       $pdata$__acrt_execute_uninitializers 00000001800197f8     libucrt:shared_initialization.obj
 0004:00000804       $pdata$_callnewh           0000000180019804     libucrt:new_handler.obj
 0004:00000810       $pdata$_query_new_handler  0000000180019810     libucrt:new_handler.obj
 0004:0000081c       $pdata$??$?RV<lambda_c36588078e9f5dfd39652860aa6b3aaf>@@AEAV<lambda_ec61778202f4f5fc7e7711acc23c3bca>@@V<lambda_dc9d2797ccde5d239b4a0efae8ebd7db>@@@?$__crt_seh_guarded_call@P6AXH@Z@@QEAAP6AXH@Z$$QEAV<lambda_c36588078e9f5dfd39652860aa6b3aaf>@@AEAV<lambda_ec61778202f4f5fc7e7711acc23c3bca>@@$$QEAV<lambda_dc9d2797ccde5d239b4a0efae8ebd7db>@@@Z 000000018001981c     libucrt:signal.obj
 0004:00000828       $pdata$__acrt_get_sigabrt_handler 0000000180019828     libucrt:signal.obj
 0004:00000834       $pdata$raise               0000000180019834     libucrt:signal.obj
 0004:00000840       $pdata$__acrt_invoke_user_matherr 0000000180019840     libucrt:matherr.obj
 0004:0000084c       $pdata$_mbtowc_l           000000018001984c     libucrt:mbtowc.obj
 0004:00000858       $pdata$_fileno             0000000180019858     libucrt:fileno.obj
 0004:00000864       $pdata$__acrt_initialize_stdio 0000000180019864     libucrt:_file.obj
 0004:00000870       $pdata$__acrt_uninitialize_stdio 0000000180019870     libucrt:_file.obj
 0004:0000087c       $pdata$__pctype_func       000000018001987c     libucrt:ctype.obj
 0004:00000888       $pdata$_isctype_l          0000000180019888     libucrt:isctype.obj
 0004:00000894       $pdata$__acrt_free_locale  0000000180019894     libucrt:locale_refcounting.obj
 0004:000008a0       $pdata$__acrt_locale_free_lc_time_if_unreferenced 00000001800198a0     libucrt:locale_refcounting.obj
 0004:000008ac       $pdata$__acrt_release_locale_ref 00000001800198ac     libucrt:locale_refcounting.obj
 0004:000008b8       $pdata$__acrt_update_thread_locale_data 00000001800198b8     libucrt:locale_refcounting.obj
 0004:000008c4       $pdata$_updatetlocinfoEx_nolock 00000001800198c4     libucrt:locale_refcounting.obj
 0004:000008d0       $pdata$_isleadbyte_l       00000001800198d0     libucrt:_wctype.obj
 0004:000008dc       $pdata$?__acrt_LCMapStringA_stat@@YAHPEAU__crt_locale_pointers@@PEB_WKPEBDHPEADHHH@Z 00000001800198dc     libucrt:lcmapstringa.obj
 0004:000008e8       $pdata$__acrt_LCMapStringA 00000001800198e8     libucrt:lcmapstringa.obj
 0004:000008f4       $pdata$__acrt_locale_free_monetary 00000001800198f4     libucrt:initmon.obj
 0004:00000900       $pdata$__acrt_locale_free_numeric 0000000180019900     libucrt:initnum.obj
 0004:0000090c       $pdata$?free_crt_array_internal@@YAXQEAPEBX_K@Z 000000018001990c     libucrt:inittime.obj
 0004:00000918       $pdata$__acrt_locale_free_time 0000000180019918     libucrt:inittime.obj
 0004:00000924       $pdata$__acrt_GetStringTypeA 0000000180019924     libucrt:getstringtypea.obj
 0004:00000930       $pdata$?GetTableIndexFromLocaleName@@YAHPEB_W@Z 0000000180019930     libucrt:lcidtoname_downlevel.obj
 0004:0000093c       $pdata$__acrt_DownlevelLocaleNameToLCID 000000018001993c     libucrt:lcidtoname_downlevel.obj
 0004:00000948       $pdata$?shortsort@@YAXPEAD0_KP6AHPEBX2@Z@Z 0000000180019948     libucrt:qsort.obj
 0004:00000954       $pdata$2$?shortsort@@YAXPEAD0_KP6AHPEBX2@Z@Z 0000000180019954     libucrt:qsort.obj
 0004:00000960       $pdata$3$?shortsort@@YAXPEAD0_KP6AHPEBX2@Z@Z 0000000180019960     libucrt:qsort.obj
 0004:0000096c       $pdata$qsort               000000018001996c     libucrt:qsort.obj
 0004:00000978       $pdata$4$qsort             0000000180019978     libucrt:qsort.obj
 0004:00000984       $pdata$5$qsort             0000000180019984     libucrt:qsort.obj
 0004:00000990       $pdata$strncpy_s           0000000180019990     libucrt:strncpy_s.obj
 0004:0000099c       $pdata$strpbrk             000000018001999c     libucrt:strpbrk.obj
 0004:000009a8       $pdata$_mbsdec_l           00000001800199a8     libucrt:mbsdec.obj
 0004:000009b4       $pdata$?initialize_multibyte@@YAHXZ 00000001800199b4     libucrt:multibyte_initializer.obj
 0004:000009c0       $pdata$_msize              00000001800199c0     libucrt:msize.obj
 0004:000009cc       $pdata$_realloc_base       00000001800199cc     libucrt:realloc_base.obj
 0004:000009d8       $pdata$__acrt_lowio_create_handle_array 00000001800199d8     libucrt:osfinfo.obj
 0004:000009e4       $pdata$__acrt_lowio_destroy_handle_array 00000001800199e4     libucrt:osfinfo.obj
 0004:000009f0       $pdata$__acrt_lowio_ensure_fh_exists 00000001800199f0     libucrt:osfinfo.obj
 0004:000009fc       $pdata$_free_osfhnd        00000001800199fc     libucrt:osfinfo.obj
 0004:00000a08       $pdata$_get_osfhandle      0000000180019a08     libucrt:osfinfo.obj
 0004:00000a14       $pdata$_isatty             0000000180019a14     libucrt:isatty.obj
 0004:00000a20       $pdata$__acrt_stdio_flush_nolock 0000000180019a20     libucrt:fflush.obj
 0004:00000a2c       $pdata$_fflush_nolock      0000000180019a2c     libucrt:fflush.obj
 0004:00000a38       $pdata$common_flush_all    0000000180019a38     libucrt:fflush.obj
 0004:00000a44       $pdata$_fcloseall          0000000180019a44     libucrt:closeall.obj
 0004:00000a50       $pdata$__acrt_stdio_free_buffer_nolock 0000000180019a50     libucrt:_freebuf.obj
 0004:00000a5c       $pdata$??$?RV<lambda_b521505b218e5242e90febf6bfebc422>@@AEAV<lambda_6978c1fb23f02e42e1d9e99668cc68aa>@@V<lambda_314360699dd331753a4119843814e9a7>@@@?$__crt_seh_guarded_call@H@@QEAAH$$QEAV<lambda_b521505b218e5242e90febf6bfebc422>@@AEAV<lambda_6978c1fb23f02e42e1d9e99668cc68aa>@@$$QEAV<lambda_314360699dd331753a4119843814e9a7>@@@Z 0000000180019a5c     libucrt:commit.obj
 0004:00000a68       $pdata$_commit             0000000180019a68     libucrt:commit.obj
 0004:00000a74       $pdata$?write_double_translated_ansi_nolock@@YA?AUwrite_result@?A0x9c548279@@HQEBDI@Z 0000000180019a74     libucrt:write.obj
 0004:00000a80       $pdata$?write_text_ansi_nolock@@YA?AUwrite_result@?A0x9c548279@@HQEBDI@Z 0000000180019a80     libucrt:write.obj
 0004:00000a8c       $pdata$?write_text_utf16le_nolock@@YA?AUwrite_result@?A0x9c548279@@HQEBDI@Z 0000000180019a8c     libucrt:write.obj
 0004:00000a98       $pdata$?write_text_utf8_nolock@@YA?AUwrite_result@?A0x9c548279@@HQEBDI@Z 0000000180019a98     libucrt:write.obj
 0004:00000aa4       $pdata$_write              0000000180019aa4     libucrt:write.obj
 0004:00000ab0       $pdata$_write_nolock       0000000180019ab0     libucrt:write.obj
 0004:00000ac8       $pdata$??$common_lseek_nolock@_J@@YA_JH_JH@Z 0000000180019ac8     libucrt:lseek.obj
 0004:00000ad4       $pdata$_fclose_nolock      0000000180019ad4     libucrt:fclose.obj
 0004:00000ae0       $pdata$fclose              0000000180019ae0     libucrt:fclose.obj
 0004:00000aec       $pdata$_putwch_nolock      0000000180019aec     libucrt:putwch.obj
 0004:00000af8       $pdata$_call_matherr       0000000180019af8     libucrt:libm_error.obj
 0004:00000b04       $pdata$_exception_enabled  0000000180019b04     libucrt:libm_error.obj
 0004:00000b10       $pdata$_handle_error       0000000180019b10     libucrt:libm_error.obj
 0004:00000b1c       $pdata$__acrt_initialize_fma3 0000000180019b1c     libucrt:fma3_available.obj
 0004:00000b28       $pdata$_log10_special      0000000180019b28     libucrt:log_special.obj
 0004:00000b34       $pdata$_log_special_common 0000000180019b34     libucrt:log_special.obj
 0004:00000b40       $pdata$??$?RV<lambda_bfedae4ebbf01fab1bb6dcc6a9e276e0>@@AEAV<lambda_2fe9b910cf3cbf4a0ab98a02ba45b3ec>@@V<lambda_237c231691f317818eb88cc1d5d642d6>@@@?$__crt_seh_guarded_call@H@@QEAAH$$QEAV<lambda_bfedae4ebbf01fab1bb6dcc6a9e276e0>@@AEAV<lambda_2fe9b910cf3cbf4a0ab98a02ba45b3ec>@@$$QEAV<lambda_237c231691f317818eb88cc1d5d642d6>@@@Z 0000000180019b40     libucrt:close.obj
 0004:00000b4c       $pdata$_close              0000000180019b4c     libucrt:close.obj
 0004:00000b58       $pdata$_close_nolock       0000000180019b58     libucrt:close.obj
 0004:00000b64       $pdata$__dcrt_lowio_initialize_console_output 0000000180019b64     libucrt:initcon.obj
 0004:00000b70       $pdata$__dcrt_terminate_console_output 0000000180019b70     libucrt:initcon.obj
 0004:00000b88       $pdata$_raise_exc          0000000180019b88     libucrt:fpexcept.obj
 0004:00000b94       $pdata$_raise_exc_ex       0000000180019b94     libucrt:fpexcept.obj
 0004:00000ba0       $pdata$_set_errno_from_matherr 0000000180019ba0     libucrt:fpexcept.obj
 0004:00000bac       $pdata$_clrfp              0000000180019bac     libucrt:fpctrl.obj
 0004:00000bb8       $pdata$_ctrlfp             0000000180019bb8     libucrt:fpctrl.obj
 0004:00000bc4       $pdata$_set_statfp         0000000180019bc4     libucrt:fpctrl.obj
 0004:00000bd0       $pdata$_statfp             0000000180019bd0     libucrt:fpctrl.obj
 0004:00000bdc       $pdata$?DloadAcquireSectionWriteAccess@@YAXXZ 0000000180019bdc     DelayImp:delayhlp.obj
 0004:00000be8       $pdata$?DloadGetSRWLockFunctionPointers@@YAEXZ 0000000180019be8     DelayImp:delayhlp.obj
 0004:00000bf4       $pdata$?DloadMakePermanentImageCommit@@YAXPEAX_K@Z 0000000180019bf4     DelayImp:delayhlp.obj
 0004:00000c00       $pdata$?DloadObtainSection@@YAPEAXPEAK0@Z 0000000180019c00     DelayImp:delayhlp.obj
 0004:00000c0c       $pdata$?DloadProtectSection@@YAXKPEAK@Z 0000000180019c0c     DelayImp:delayhlp.obj
 0004:00000c18       $pdata$?DloadReleaseSectionWriteAccess@@YAXXZ 0000000180019c18     DelayImp:delayhlp.obj
 0004:00000c24       $pdata$__delayLoadHelper2  0000000180019c24     DelayImp:delayhlp.obj
 0004:00000c30       $pdata$_IsNonwritableInCurrentImage 0000000180019c30     LIBCMT:pesect.obj
 0004:00000c3c       $pdata$__GSHandlerCheck    0000000180019c3c     LIBCMT:_gshandler_.obj
 0004:00000c48       $pdata$__GSHandlerCheckCommon 0000000180019c48     LIBCMT:_gshandler_.obj
 0004:00000c84       $pdata$?fin$0@?0??dllmain_crt_process_attach@@YAHQEAUHINSTANCE__@@QEAX@Z@4HA 0000000180019c84     LIBCMT:dll_dllmain.obj
 0004:00000c90       $pdata$?fin$0@?0??dllmain_crt_process_detach@@YAH_N@Z@4HA 0000000180019c90     LIBCMT:dll_dllmain.obj
 0004:00000c9c       $pdata$?filt$0@?0??dllmain_dispatch@@YAHQEAUHINSTANCE__@@KQEAX@Z@4HA 0000000180019c9c     LIBCMT:dll_dllmain.obj
 0004:00000ca8       $pdata$__scrt_is_nonwritable_in_current_image$filt$0 0000000180019ca8     LIBCMT:utility.obj
 0004:00000cb4       $pdata$?filt$0@?0??common_exit@@YAXHW4_crt_exit_cleanup_mode@@W4_crt_exit_return_mode@@@Z@4HA 0000000180019cb4     libucrt:exit.obj
 0004:00000cc0       $pdata$?fin$1@?0??common_exit@@YAXHW4_crt_exit_cleanup_mode@@W4_crt_exit_return_mode@@@Z@4HA 0000000180019cc0     libucrt:exit.obj
 0004:00000ccc       $pdata$?fin$0@?0???$?RV<lambda_e24bbb7b643b32fcea6fa61b31d4c984>@@AEAV<lambda_275893d493268fdec8709772e3fcec0e>@@V<lambda_9d71df4d7cf3f480f8d633942495c3b0>@@@?$__crt_seh_guarded_call@H@@QEAAH$$QEAV<lambda_e24bbb7b643b32fcea6fa61b31d4c984>@@AEAV<lambda_275893d493268fdec8709772e3fcec0e>@@$$QEAV<lambda_9d71df4d7cf3f480f8d633942495c3b0>@@@Z@4HA 0000000180019ccc     libucrt:onexit.obj
 0004:00000cd8       $pdata$?fin$0@?0???$?RV<lambda_72d1df2b273a38828b1ce30cbf4cdab5>@@AEAV<lambda_876a65b173b8412d3a47c70a915b0cf4>@@V<lambda_41932305e351933ebe8f8be3ed8bb5dc>@@@?$__crt_seh_guarded_call@X@@QEAAX$$QEAV<lambda_72d1df2b273a38828b1ce30cbf4cdab5>@@AEAV<lambda_876a65b173b8412d3a47c70a915b0cf4>@@$$QEAV<lambda_41932305e351933ebe8f8be3ed8bb5dc>@@@Z@4HA 0000000180019cd8     libucrt:per_thread_data.obj
 0004:00000cd8       $pdata$?fin$0@?0???$?RV<lambda_b8c45f8f788dd370798f47cfe8ac3a86>@@AEAV<lambda_4e60a939b0d047cfe11ddc22648dfba9>@@V<lambda_332c3edc96d0294ec56c57d38c1cdfd5>@@@?$__crt_seh_guarded_call@H@@QEAAH$$QEAV<lambda_b8c45f8f788dd370798f47cfe8ac3a86>@@AEAV<lambda_4e60a939b0d047cfe11ddc22648dfba9>@@$$QEAV<lambda_332c3edc96d0294ec56c57d38c1cdfd5>@@@Z@4HA 0000000180019cd8     libucrt:onexit.obj
 0004:00000cd8       $pdata$?fin$0@?0???$?RV<lambda_46352004c1216016012b18bd6f87e700>@@AEAV<lambda_3bd07e1a1191394380780325891bf33f>@@V<lambda_334532d3f185bcaa59b5be82d7d22bff>@@@?$__crt_seh_guarded_call@X@@QEAAX$$QEAV<lambda_46352004c1216016012b18bd6f87e700>@@AEAV<lambda_3bd07e1a1191394380780325891bf33f>@@$$QEAV<lambda_334532d3f185bcaa59b5be82d7d22bff>@@@Z@4HA 0000000180019cd8     libucrt:per_thread_data.obj
 0004:00000cd8       $pdata$?fin$0@?0???$?RV<lambda_99476a1ad63dd22509b5d3e65b0ffc95>@@AEAV<lambda_ad1ced32f4ac17aa236e5ef05d6b3b7c>@@V<lambda_f7424dd8d45958661754dc4f2697e9c3>@@@?$__crt_seh_guarded_call@X@@QEAAX$$QEAV<lambda_99476a1ad63dd22509b5d3e65b0ffc95>@@AEAV<lambda_ad1ced32f4ac17aa236e5ef05d6b3b7c>@@$$QEAV<lambda_f7424dd8d45958661754dc4f2697e9c3>@@@Z@4HA 0000000180019cd8     libucrt:mbctype.obj
 0004:00000cd8       $pdata$?fin$0@?0???$?RV<lambda_fb3a7dec4e47f37f22dae91bb15c9095>@@AEAV<lambda_698284760c8add0bfb0756c19673e34b>@@V<lambda_dfb8eca1e75fef3034a8fb18dd509707>@@@?$__crt_seh_guarded_call@X@@QEAAX$$QEAV<lambda_fb3a7dec4e47f37f22dae91bb15c9095>@@AEAV<lambda_698284760c8add0bfb0756c19673e34b>@@$$QEAV<lambda_dfb8eca1e75fef3034a8fb18dd509707>@@@Z@4HA 0000000180019cd8     libucrt:per_thread_data.obj
 0004:00000cd8       $pdata$?fin$0@?0???$?RV<lambda_c36588078e9f5dfd39652860aa6b3aaf>@@AEAV<lambda_ec61778202f4f5fc7e7711acc23c3bca>@@V<lambda_dc9d2797ccde5d239b4a0efae8ebd7db>@@@?$__crt_seh_guarded_call@P6AXH@Z@@QEAAP6AXH@Z$$QEAV<lambda_c36588078e9f5dfd39652860aa6b3aaf>@@AEAV<lambda_ec61778202f4f5fc7e7711acc23c3bca>@@$$QEAV<lambda_dc9d2797ccde5d239b4a0efae8ebd7db>@@@Z@4HA 0000000180019cd8     libucrt:signal.obj
 0004:00000cd8       $pdata$?fin$0@?0???$?RV<lambda_5e887d1dcbef67a5eb4283622ba103bf>@@AEAV<lambda_4466841279450cc726390878d4a41900>@@V<lambda_341c25c0346d94847f1f3c463c57e077>@@@?$__crt_seh_guarded_call@X@@QEAAX$$QEAV<lambda_5e887d1dcbef67a5eb4283622ba103bf>@@AEAV<lambda_4466841279450cc726390878d4a41900>@@$$QEAV<lambda_341c25c0346d94847f1f3c463c57e077>@@@Z@4HA 0000000180019cd8     libucrt:per_thread_data.obj
 0004:00000ce4       $pdata$__acrt_update_thread_multibyte_data$fin$0 0000000180019ce4     libucrt:mbctype.obj
 0004:00000cf0       $pdata$_query_new_handler$fin$0 0000000180019cf0     libucrt:new_handler.obj
 0004:00000cfc       $pdata$raise$fin$0         0000000180019cfc     libucrt:signal.obj
 0004:00000d08       $pdata$__acrt_uninitialize_locale$fin$0 0000000180019d08     libucrt:wsetlocale.obj
 0004:00000d08       $pdata$__acrt_update_thread_locale_data$fin$0 0000000180019d08     libucrt:locale_refcounting.obj
 0004:00000d14       $pdata$__acrt_initialize_lowio$fin$0 0000000180019d14     libucrt:ioinit.obj
 0004:00000d14       $pdata$__acrt_lowio_ensure_fh_exists$fin$0 0000000180019d14     libucrt:osfinfo.obj
 0004:00000d20       $pdata$common_flush_all$fin$0 0000000180019d20     libucrt:fflush.obj
 0004:00000d2c       $pdata$common_flush_all$fin$1 0000000180019d2c     libucrt:fflush.obj
 0004:00000d38       $pdata$_fcloseall$fin$0    0000000180019d38     libucrt:closeall.obj
 0004:00000d44       $pdata$_write$fin$0        0000000180019d44     libucrt:write.obj
 0004:00000d50       $pdata$fclose$fin$0        0000000180019d50     libucrt:fclose.obj
 0004:00000d5c       $pdata$?fin$0@?0???$?RV<lambda_b521505b218e5242e90febf6bfebc422>@@AEAV<lambda_6978c1fb23f02e42e1d9e99668cc68aa>@@V<lambda_314360699dd331753a4119843814e9a7>@@@?$__crt_seh_guarded_call@H@@QEAAH$$QEAV<lambda_b521505b218e5242e90febf6bfebc422>@@AEAV<lambda_6978c1fb23f02e42e1d9e99668cc68aa>@@$$QEAV<lambda_314360699dd331753a4119843814e9a7>@@@Z@4HA 0000000180019d5c     libucrt:commit.obj
 0004:00000d5c       $pdata$?fin$0@?0???$?RV<lambda_bfedae4ebbf01fab1bb6dcc6a9e276e0>@@AEAV<lambda_2fe9b910cf3cbf4a0ab98a02ba45b3ec>@@V<lambda_237c231691f317818eb88cc1d5d642d6>@@@?$__crt_seh_guarded_call@H@@QEAAH$$QEAV<lambda_bfedae4ebbf01fab1bb6dcc6a9e276e0>@@AEAV<lambda_2fe9b910cf3cbf4a0ab98a02ba45b3ec>@@$$QEAV<lambda_237c231691f317818eb88cc1d5d642d6>@@@Z@4HA 0000000180019d5c     libucrt:close.obj
 0004:00000d68       $pdata$_ctrlfp$filt$0      0000000180019d68     libucrt:fpctrl.obj
 0004:00000d74       $pdata$_IsNonwritableInCurrentImage$filt$0 0000000180019d74     LIBCMT:pesect.obj
 0005:00000000       __guard_fids__             000000018001a000     libucrt:initialization.obj
 0005:00000060       __guard_fids___acrt_initialize_ptd 000000018001a060     libucrt:per_thread_data.obj
 0005:00000064       __guard_fids_??$expand_argument_wildcards@D@@YAHQEAD0AEAV?$argument_list@D@?A0xca0879c4@@@Z 000000018001a064     libucrt:argv_wildcards.obj
 0005:00000068       __guard_fids__             000000018001a068     libucrt:locale_initializer.obj
 0005:0000006c       __guard_fids__             000000018001a06c     libucrt:multibyte_initializer.obj
 0005:00000070       __guard_fids__             000000018001a070     libucrt:stdio_initializer.obj
 0005:00000074       __guard_fids__             000000018001a074     libucrt:stdio_initializer.obj
 0005:00000078       __guard_fids__             000000018001a078     libucrt:fma3_initializer.obj
 0005:0000007c       __guard_fids__             000000018001a07c     libucrt:console_output_initializer.obj
 0005:00000080       __guard_fids_?dllmain_crt_process_attach@@YAHQEAUHINSTANCE__@@QEAX@Z 000000018001a080     LIBCMT:dll_dllmain.obj
 0005:00000088       __guard_fids_?dllmain_dispatch@@YAHQEAUHINSTANCE__@@KQEAX@Z 000000018001a088     LIBCMT:dll_dllmain.obj
 0005:0000008c       __guard_fids__             000000018001a08c     LIBCMT:guard_support.obj
 0005:00000090       __guard_fids___vcrt_initialize_ptd 000000018001a090     libvcruntime:per_thread_data.obj
 0006:00000060       $R000000                   000000018001b060     * linker generated manifest res *

 Exports

  ordinal    name

        1    _register_microtime_
