 microtime

 Timestamp is 58de6f07 (Fri Mar 31 10:00:23 2017)

 Preferred load address is 0000000180000000

 Start         Length     Name                   Class
 0001:00000000 0000ad60H .text$mn                CODE
 0001:0000ad60 00000020H .text$mn$00             CODE
 0001:0000ad80 00000260H .text$x                 CODE
 0002:00000000 00000240H .idata$5                DATA
 0002:00000240 00000010H .00cfg                  DATA
 0002:00000250 00000008H .CRT$XCA                DATA
 0002:00000258 00000008H .CRT$XCU                DATA
 0002:00000260 00000008H .CRT$XCZ                DATA
 0002:00000268 00000008H .CRT$XIA                DATA
 0002:00000270 00000018H .CRT$XIC                DATA
 0002:00000288 00000008H .CRT$XIZ                DATA
 0002:00000290 00000008H .CRT$XPA                DATA
 0002:00000298 00000010H .CRT$XPX                DATA
 0002:000002a8 00000008H .CRT$XPXA               DATA
 0002:000002b0 00000008H .CRT$XPZ                DATA
 0002:000002b8 00000008H .CRT$XTA                DATA
 0002:000002c0 00000010H .CRT$XTZ                DATA
 0002:000002d0 000070b8H .rdata                  DATA
 0002:00007388 00000000H .rdata$r                DATA
 0002:00007388 000003b0H .rdata$zzzdbg           DATA
 0002:00007738 00000008H .rtc$IAA                DATA
 0002:00007740 00000008H .rtc$IZZ                DATA
 0002:00007748 00000008H .rtc$TAA                DATA
 0002:00007750 00000008H .rtc$TZZ                DATA
 0002:00007758 00000adcH .xdata                  DATA
 0002:00008234 00000020H .didat$2                DATA
 0002:00008254 00000024H .didat$3                DATA
 0002:00008278 000000d0H .didat$4                DATA
 0002:00008348 00000710H .didat$6                DATA
 0002:00008a58 000000d8H .didat$7                DATA
 0002:00008b30 00000058H .edata                  DATA
 0002:00008b88 00000014H .idata$2                DATA
 0002:00008b9c 00000014H .idata$3                DATA
 0002:00008bb0 00000240H .idata$4                DATA
 0002:00008df0 0000053aH .idata$6                DATA
 0003:00000000 00000920H .data                   DATA
 0003:00000920 00000000H .data$r                 DATA
 0003:00000920 000000d0H .didat$5                DATA
 0003:000009f0 000011f8H .bss                    DATA
 0004:00000000 00000d68H .pdata                  DATA
 0005:00000000 00000080H .gfids$x                DATA
 0005:00000080 00000014H .gfids$y                DATA
 0006:00000000 00000060H .rsrc$01                DATA
 0006:00000060 00000180H .rsrc$02                DATA

  Address         Publics by Value              Rva+Base               Lib:Object

 0000:00000000       __guard_iat_count          0000000000000000     <absolute>
 0000:00000000       __dynamic_value_reloc_table 0000000000000000     <absolute>
 0000:00000000       __guard_iat_table          0000000000000000     <absolute>
 0000:00000000       __guard_longjmp_table      0000000000000000     <absolute>
 0000:00000000       __guard_longjmp_count      0000000000000000     <absolute>
 0000:00000000       __guard_fids_count         0000000000000000     <absolute>
 0000:00000000       ___safe_se_handler_table   0000000000000000     <absolute>
 0000:00000000       ___safe_se_handler_count   0000000000000000     <absolute>
 0000:00000000       __guard_fids_table         0000000000000000     <absolute>
 0000:00000100       __guard_flags              0000000000000100     <absolute>
 0000:00000000       __ImageBase                0000000180000000     <linker-defined>
 0001:000000b0       ?New@?$Factory@VFunctionTemplate@v8@@@imp@Nan@@SA?AV?$Local@VFunctionTemplate@v8@@@v8@@P6AXAEBV?$FunctionCallbackInfo@VValue@v8@@@3@@ZV?$Local@VValue@v8@@@5@V?$Local@VSignature@v8@@@5@@Z 00000001800010b0 f i microtime.obj
 0001:00000240       ?Export@Nan@@YAXV?$Local@VObject@v8@@@v8@@PEBDP6AXAEBV?$FunctionCallbackInfo@VValue@v8@@@1@@Z@Z 0000000180001240 f i microtime.obj
 0001:00000330       ?Now@@YAXAEBV?$FunctionCallbackInfo@VValue@v8@@@Nan@@@Z 0000000180001330 f   microtime.obj
 0001:00000400       ?NowDouble@@YAXAEBV?$FunctionCallbackInfo@VValue@v8@@@Nan@@@Z 0000000180001400 f   microtime.obj
 0001:000004d0       ?NowStruct@@YAXAEBV?$FunctionCallbackInfo@VValue@v8@@@Nan@@@Z 00000001800014d0 f   microtime.obj
 0001:000006a0       ?InitAll@@YAXV?$Local@VObject@v8@@@v8@@@Z 00000001800016a0 f   microtime.obj
 0001:0000077c       __imp_load_?Value@External@v8@@QEBAPEAXXZ 000000018000177c f   node:node.exe
 0001:00000788       __tailMerge_node_exe       0000000180001788 f i node:node.exe
 0001:00000801       __imp_load_?New@External@v8@@SA?AV?$Local@VExternal@v8@@@2@PEAVIsolate@2@PEAX@Z 0000000180001801 f   node:node.exe
 0001:0000080d       __imp_load_?New@Integer@v8@@SA?AV?$Local@VInteger@v8@@@2@PEAVIsolate@2@H@Z 000000018000180d f   node:node.exe
 0001:00000819       __imp_load_?GetCurrentContext@Isolate@v8@@QEAA?AV?$Local@VContext@v8@@@2@XZ 0000000180001819 f   node:node.exe
 0001:00000825       __imp_load_?GetCurrent@Isolate@v8@@SAPEAV12@XZ 0000000180001825 f   node:node.exe
 0001:00000831       __imp_load_?CreateHandle@HandleScope@v8@@KAPEAPEAVObject@internal@2@PEAVIsolate@42@PEAV342@@Z 0000000180001831 f   node:node.exe
 0001:0000083d       __imp_load_?CreateHandle@HandleScope@v8@@CAPEAPEAVObject@internal@2@PEAVHeapObject@42@PEAV342@@Z 000000018000183d f   node:node.exe
 0001:00000849       __imp_load_??1HandleScope@v8@@QEAA@XZ 0000000180001849 f   node:node.exe
 0001:00000855       __imp_load_?New@Array@v8@@SA?AV?$Local@VArray@v8@@@2@PEAVIsolate@2@H@Z 0000000180001855 f   node:node.exe
 0001:00000861       __imp_load_?GetFunction@FunctionTemplate@v8@@QEAA?AV?$MaybeLocal@VFunction@v8@@@2@V?$Local@VContext@v8@@@2@@Z 0000000180001861 f   node:node.exe
 0001:0000086d       __imp_load_?New@FunctionTemplate@v8@@SA?AV?$Local@VFunctionTemplate@v8@@@2@PEAVIsolate@2@P6AXAEBV?$FunctionCallbackInfo@VValue@v8@@@2@@ZV?$Local@VValue@v8@@@2@V?$Local@VSignature@v8@@@2@H@Z 000000018000186d f   node:node.exe
 0001:00000879       __imp_load_?ToLocalEmpty@V8@v8@@CAXXZ 0000000180001879 f   node:node.exe
 0001:00000885       __imp_load_?ToInteger@Value@v8@@QEBA?AV?$MaybeLocal@VInteger@v8@@@2@V?$Local@VContext@v8@@@2@@Z 0000000180001885 f   node:node.exe
 0001:00000891       __imp_load_?Escape@EscapableHandleScope@v8@@AEAAPEAPEAVObject@internal@2@PEAPEAV342@@Z 0000000180001891 f   node:node.exe
 0001:0000089d       __imp_load_??0EscapableHandleScope@v8@@QEAA@PEAVIsolate@1@@Z 000000018000189d f   node:node.exe
 0001:000008a9       __imp_load_?NewFromUtf8@String@v8@@SA?AV?$MaybeLocal@VString@v8@@@2@PEAVIsolate@2@PEBDW4NewStringType@2@H@Z 00000001800018a9 f   node:node.exe
 0001:000008b5       __imp_load_?New@Number@v8@@SA?AV?$Local@VNumber@v8@@@2@PEAVIsolate@2@N@Z 00000001800018b5 f   node:node.exe
 0001:000008c1       __imp_load_?SlowGetInternalField@Object@v8@@AEAA?AV?$Local@VValue@v8@@@2@H@Z 00000001800018c1 f   node:node.exe
 0001:000008cd       __imp_load_?SetInternalField@Object@v8@@QEAAXHV?$Local@VValue@v8@@@2@@Z 00000001800018cd f   node:node.exe
 0001:000008d9       __imp_load_?Set@Object@v8@@QEAA_NV?$Local@VValue@v8@@@2@0@Z 00000001800018d9 f   node:node.exe
 0001:000008e5       __imp_load_?Set@Object@v8@@QEAA?AV?$Maybe@_N@2@V?$Local@VContext@v8@@@2@V?$Local@VValue@v8@@@2@1@Z 00000001800018e5 f   node:node.exe
 0001:000008f1       __imp_load_?SetInternalFieldCount@ObjectTemplate@v8@@QEAAXH@Z 00000001800018f1 f   node:node.exe
 0001:000008fd       __imp_load_?NewInstance@ObjectTemplate@v8@@QEAA?AV?$MaybeLocal@VObject@v8@@@2@V?$Local@VContext@v8@@@2@@Z 00000001800018fd f   node:node.exe
 0001:00000909       __imp_load_?New@ObjectTemplate@v8@@SA?AV?$Local@VObjectTemplate@v8@@@2@PEAVIsolate@2@V?$Local@VFunctionTemplate@v8@@@2@@Z 0000000180001909 f   node:node.exe
 0001:00000915       __imp_load_node_module_register 0000000180001915 f   node:node.exe
 0001:00000940       __security_check_cookie    0000000180001940 f   LIBCMT:_amdsecgs_.obj
 0001:00000cb0       _DllMainCRTStartup         0000000180001cb0 f   LIBCMT:dll_dllmain.obj
 0001:00000cf0       __raise_securityfailure    0000000180001cf0 f   LIBCMT:gs_report.obj
 0001:00000d24       __report_gsfailure         0000000180001d24 f   LIBCMT:gs_report.obj
 0001:00000df8       __report_rangecheckfailure 0000000180001df8 f   LIBCMT:gs_report.obj
 0001:00000e0c       __report_securityfailure   0000000180001e0c f   LIBCMT:gs_report.obj
 0001:00000f8c       __scrt_acquire_startup_lock 0000000180001f8c f   LIBCMT:utility.obj
 0001:00000fc8       __scrt_dllmain_after_initialize_c 0000000180001fc8 f   LIBCMT:utility.obj
 0001:00000ffc       __scrt_dllmain_before_initialize_c 0000000180001ffc f   LIBCMT:utility.obj
 0001:00001014       __scrt_dllmain_crt_thread_attach 0000000180002014 f   LIBCMT:utility.obj
 0001:0000103c       __scrt_dllmain_crt_thread_detach 000000018000203c f   LIBCMT:utility.obj
 0001:00001054       __scrt_dllmain_exception_filter 0000000180002054 f   LIBCMT:utility.obj
 0001:000010b8       __scrt_dllmain_uninitialize_c 00000001800020b8 f   LIBCMT:utility.obj
 0001:000010e8       __scrt_dllmain_uninitialize_critical 00000001800020e8 f   LIBCMT:utility.obj
 0001:000010fc       __scrt_initialize_crt      00000001800020fc f   LIBCMT:utility.obj
 0001:00001148       __scrt_initialize_onexit_tables 0000000180002148 f   LIBCMT:utility.obj
 0001:00001214       __scrt_is_nonwritable_in_current_image 0000000180002214 f   LIBCMT:utility.obj
 0001:000012b0       __scrt_release_startup_lock 00000001800022b0 f   LIBCMT:utility.obj
 0001:000012d4       __scrt_uninitialize_crt    00000001800022d4 f   LIBCMT:utility.obj
 0001:00001300       _onexit                    0000000180002300 f   LIBCMT:utility.obj
 0001:00001350       atexit                     0000000180002350 f   LIBCMT:utility.obj
 0001:00001368       __security_init_cookie     0000000180002368 f   LIBCMT:gs_support.obj
 0001:00001414       ?__scrt_initialize_type_info@@YAXXZ 0000000180002414 f   LIBCMT:tncleanup.obj
 0001:00001424       ?__scrt_uninitialize_type_info@@YAXXZ 0000000180002424 f   LIBCMT:tncleanup.obj
 0001:00001430       __local_stdio_printf_options 0000000180002430 f i LIBCMT:default_local_stdio_options.obj
 0001:00001438       __local_stdio_scanf_options 0000000180002438 f i LIBCMT:default_local_stdio_options.obj
 0001:00001440       __scrt_initialize_default_local_stdio_options 0000000180002440 f   LIBCMT:default_local_stdio_options.obj
 0001:0000145c       __scrt_get_dyn_tls_init_callback 000000018000245c f   LIBCMT:dyn_tls_init.obj
 0001:00001464       __crt_debugger_hook        0000000180002464 f   LIBCMT:utility_desktop.obj
 0001:0000146c       __scrt_fastfail            000000018000246c f   LIBCMT:utility_desktop.obj
 0001:000015b4       _RTC_Initialize            00000001800025b4 f   LIBCMT:_initsect_.obj
 0001:00001600       _RTC_Terminate             0000000180002600 f   LIBCMT:_initsect_.obj
 0001:0000164c       _guard_check_icall         000000018000264c f i LIBCMT:checkcfg.obj
 0001:00001654       __isa_available_init       0000000180002654 f   LIBCMT:_cpu_disp_.obj
 0001:0000181c       DllMain                    000000018000281c f   LIBCMT:dll_dllmain_stub.obj
 0001:0000181c       _get_startup_argv_mode     000000018000281c f   LIBCMT:argv_mode.obj
 0001:00001824       __scrt_is_ucrt_dll_in_use  0000000180002824 f   LIBCMT:ucrt_detection.obj
 0001:00001830       _guard_check_icall_nop     0000000180002830 f i LIBCMT:guard_support.obj
 0001:00001830       __except_validate_context_record 0000000180002830 f i libvcruntime:jbcxrval.obj
 0001:00001840       __C_specific_handler       0000000180002840 f   libvcruntime:_chandler_.obj
 0001:00001a3c       __vcrt_initialize          0000000180002a3c f   libvcruntime:initialization.obj
 0001:00001a70       __vcrt_thread_attach       0000000180002a70 f   libvcruntime:initialization.obj
 0001:00001a84       __vcrt_thread_detach       0000000180002a84 f   libvcruntime:initialization.obj
 0001:00001a98       __vcrt_uninitialize        0000000180002a98 f   libvcruntime:initialization.obj
 0001:00001ab8       __vcrt_uninitialize_critical 0000000180002ab8 f   libvcruntime:initialization.obj
 0001:00001ac8       __std_type_info_destroy_list 0000000180002ac8 f   libvcruntime:std_type_info.obj
 0001:00001b10       memset                     0000000180002b10 f   libvcruntime:memset.obj
 0001:00001cc0       _local_unwind              0000000180002cc0 f   libvcruntime:_jmpuwind_.obj
 0001:00001cf0       _NLG_Notify                0000000180002cf0 f   libvcruntime:_jmpuwind_.obj
 0001:00001d10       __NLG_Dispatch2            0000000180002d10 f   libvcruntime:_jmpuwind_.obj
 0001:00001d20       __NLG_Return2              0000000180002d20 f   libvcruntime:_jmpuwind_.obj
 0001:00001d24       __vcrt_freefls             0000000180002d24 f   libvcruntime:per_thread_data.obj
 0001:00001d44       __vcrt_freeptd             0000000180002d44 f   libvcruntime:per_thread_data.obj
 0001:00001d94       __vcrt_getptd_noexit       0000000180002d94 f   libvcruntime:per_thread_data.obj
 0001:00001e4c       __vcrt_initialize_ptd      0000000180002e4c f   libvcruntime:per_thread_data.obj
 0001:00001e8c       __vcrt_uninitialize_ptd    0000000180002e8c f   libvcruntime:per_thread_data.obj
 0001:00001eb0       __vcrt_initialize_locks    0000000180002eb0 f   libvcruntime:locks.obj
 0001:00001ef8       __vcrt_uninitialize_locks  0000000180002ef8 f   libvcruntime:locks.obj
 0001:000020f8       __vcrt_FlsAlloc            00000001800030f8 f   libvcruntime:winapi_downlevel.obj
 0001:0000214c       __vcrt_FlsFree             000000018000314c f   libvcruntime:winapi_downlevel.obj
 0001:000021a0       __vcrt_FlsGetValue         00000001800031a0 f   libvcruntime:winapi_downlevel.obj
 0001:000021f4       __vcrt_FlsSetValue         00000001800031f4 f   libvcruntime:winapi_downlevel.obj
 0001:0000225c       __vcrt_InitializeCriticalSectionEx 000000018000325c f   libvcruntime:winapi_downlevel.obj
 0001:000022d4       __vcrt_initialize_winapi_thunks 00000001800032d4 f   libvcruntime:winapi_downlevel.obj
 0001:00002320       __vcrt_uninitialize_winapi_thunks 0000000180003320 f   libvcruntime:winapi_downlevel.obj
 0001:00002360       __vcrt_initialize_pure_virtual_call_handler 0000000180003360 f   libvcruntime:purevirt_data.obj
 0001:00002384       __acrt_errno_from_os_error 0000000180003384 f   libucrt:errno.obj
 0001:000023cc       __acrt_errno_map_os_error  00000001800033cc f   libucrt:errno.obj
 0001:0000241c       __doserrno                 000000018000341c f   libucrt:errno.obj
 0001:0000243c       _errno                     000000018000343c f   libucrt:errno.obj
 0001:0000245c       ??0_LocaleUpdate@@QEAA@QEAU__crt_locale_pointers@@@Z 000000018000345c f i libucrt:stricmp.obj
 0001:000024ec       __ascii_stricmp            00000001800034ec f   libucrt:stricmp.obj
 0001:00002528       _stricmp                   0000000180003528 f   libucrt:stricmp.obj
 0001:00002570       _stricmp_l                 0000000180003570 f   libucrt:stricmp.obj
 0001:00002624       _initterm                  0000000180003624 f   libucrt:initterm.obj
 0001:0000269c       _initterm_e                000000018000369c f   libucrt:initterm.obj
 0001:000026e8       _seh_filter_dll            00000001800036e8 f   libucrt:exception_filter.obj
 0001:000026fc       _seh_filter_exe            00000001800036fc f   libucrt:exception_filter.obj
 0001:00002abc       __acrt_initialize_thread_local_exit_callback 0000000180003abc f   libucrt:exit.obj
 0001:00002ac4       _cexit                     0000000180003ac4 f   libucrt:exit.obj
 0001:00002ad4       _exit                      0000000180003ad4 f   libucrt:exit.obj
 0001:00002ae0       _is_c_termination_complete 0000000180003ae0 f   libucrt:exit.obj
 0001:00002ca4       __acrt_allocate_buffer_for_argv 0000000180003ca4 f   libucrt:argv_parsing.obj
 0001:00002d08       _configure_narrow_argv     0000000180003d08 f   libucrt:argv_parsing.obj
 0001:00003064       __dcrt_uninitialize_environments_nolock 0000000180004064 f   libucrt:environment_initialization.obj
 0001:0000309c       _initialize_narrow_environment 000000018000409c f   libucrt:environment_initialization.obj
 0001:000030a4       ??$?RV<lambda_b8c45f8f788dd370798f47cfe8ac3a86>@@AEAV<lambda_4e60a939b0d047cfe11ddc22648dfba9>@@V<lambda_332c3edc96d0294ec56c57d38c1cdfd5>@@@?$__crt_seh_guarded_call@H@@QEAAH$$QEAV<lambda_b8c45f8f788dd370798f47cfe8ac3a86>@@AEAV<lambda_4e60a939b0d047cfe11ddc22648dfba9>@@$$QEAV<lambda_332c3edc96d0294ec56c57d38c1cdfd5>@@@Z 00000001800040a4 f i libucrt:onexit.obj
 0001:000030e0       ??$?RV<lambda_e24bbb7b643b32fcea6fa61b31d4c984>@@AEAV<lambda_275893d493268fdec8709772e3fcec0e>@@V<lambda_9d71df4d7cf3f480f8d633942495c3b0>@@@?$__crt_seh_guarded_call@H@@QEAAH$$QEAV<lambda_e24bbb7b643b32fcea6fa61b31d4c984>@@AEAV<lambda_275893d493268fdec8709772e3fcec0e>@@$$QEAV<lambda_9d71df4d7cf3f480f8d633942495c3b0>@@@Z 00000001800040e0 f i libucrt:onexit.obj
 0001:0000345c       _crt_atexit                000000018000445c f   libucrt:onexit.obj
 0001:0000346c       _execute_onexit_table      000000018000446c f   libucrt:onexit.obj
 0001:000034a8       _initialize_onexit_table   00000001800044a8 f   libucrt:onexit.obj
 0001:000034e8       _register_onexit_function  00000001800044e8 f   libucrt:onexit.obj
 0001:00003568       __acrt_uninitialize_command_line 0000000180004568 f   libucrt:argv_data.obj
 0001:00003668       __acrt_initialize          0000000180004668 f   libucrt:initialization.obj
 0001:0000367c       __acrt_thread_attach       000000018000467c f   libucrt:initialization.obj
 0001:00003690       __acrt_thread_detach       0000000180004690 f   libucrt:initialization.obj
 0001:000036a0       __acrt_uninitialize        00000001800046a0 f   libucrt:initialization.obj
 0001:000036b4       __acrt_uninitialize_critical 00000001800046b4 f   libucrt:initialization.obj
 0001:000036c4       terminate                  00000001800046c4 f   libucrt:terminate.obj
 0001:000036ec       _free_base                 00000001800046ec f   libucrt:free_base.obj
 0001:0000372c       _malloc_base               000000018000472c f   libucrt:malloc_base.obj
 0001:0000378c       strcpy_s                   000000018000478c f   libucrt:strcpy_s.obj
 0001:000037ec       abort                      00000001800047ec f   libucrt:abort.obj
 0001:00003844       _calloc_base               0000000180004844 f   libucrt:calloc_base.obj
 0001:000038bc       __acrt_call_reportfault    00000001800048bc f   libucrt:invalid_parameter.obj
 0001:00003a18       __acrt_initialize_invalid_parameter_handler 0000000180004a18 f   libucrt:invalid_parameter.obj
 0001:00003a20       _invalid_parameter         0000000180004a20 f   libucrt:invalid_parameter.obj
 0001:00003ac8       _invalid_parameter_noinfo  0000000180004ac8 f   libucrt:invalid_parameter.obj
 0001:00003ae8       _invoke_watson             0000000180004ae8 f   libucrt:invalid_parameter.obj
 0001:00003b30       ??$?RV<lambda_46352004c1216016012b18bd6f87e700>@@AEAV<lambda_3bd07e1a1191394380780325891bf33f>@@V<lambda_334532d3f185bcaa59b5be82d7d22bff>@@@?$__crt_seh_guarded_call@X@@QEAAX$$QEAV<lambda_46352004c1216016012b18bd6f87e700>@@AEAV<lambda_3bd07e1a1191394380780325891bf33f>@@$$QEAV<lambda_334532d3f185bcaa59b5be82d7d22bff>@@@Z 0000000180004b30 f i libucrt:per_thread_data.obj
 0001:00003b90       ??$?RV<lambda_5e887d1dcbef67a5eb4283622ba103bf>@@AEAV<lambda_4466841279450cc726390878d4a41900>@@V<lambda_341c25c0346d94847f1f3c463c57e077>@@@?$__crt_seh_guarded_call@X@@QEAAX$$QEAV<lambda_5e887d1dcbef67a5eb4283622ba103bf>@@AEAV<lambda_4466841279450cc726390878d4a41900>@@$$QEAV<lambda_341c25c0346d94847f1f3c463c57e077>@@@Z 0000000180004b90 f i libucrt:per_thread_data.obj
 0001:00003bd8       ??$?RV<lambda_72d1df2b273a38828b1ce30cbf4cdab5>@@AEAV<lambda_876a65b173b8412d3a47c70a915b0cf4>@@V<lambda_41932305e351933ebe8f8be3ed8bb5dc>@@@?$__crt_seh_guarded_call@X@@QEAAX$$QEAV<lambda_72d1df2b273a38828b1ce30cbf4cdab5>@@AEAV<lambda_876a65b173b8412d3a47c70a915b0cf4>@@$$QEAV<lambda_41932305e351933ebe8f8be3ed8bb5dc>@@@Z 0000000180004bd8 f i libucrt:per_thread_data.obj
 0001:00003c18       ??$?RV<lambda_fb3a7dec4e47f37f22dae91bb15c9095>@@AEAV<lambda_698284760c8add0bfb0756c19673e34b>@@V<lambda_dfb8eca1e75fef3034a8fb18dd509707>@@@?$__crt_seh_guarded_call@X@@QEAAX$$QEAV<lambda_fb3a7dec4e47f37f22dae91bb15c9095>@@AEAV<lambda_698284760c8add0bfb0756c19673e34b>@@$$QEAV<lambda_dfb8eca1e75fef3034a8fb18dd509707>@@@Z 0000000180004c18 f i libucrt:per_thread_data.obj
 0001:00003ea8       __acrt_freeptd             0000000180004ea8 f   libucrt:per_thread_data.obj
 0001:00003eec       __acrt_getptd              0000000180004eec f   libucrt:per_thread_data.obj
 0001:00003f80       __acrt_getptd_noexit       0000000180004f80 f   libucrt:per_thread_data.obj
 0001:00004020       __acrt_initialize_ptd      0000000180005020 f   libucrt:per_thread_data.obj
 0001:0000405c       __acrt_uninitialize_ptd    000000018000505c f   libucrt:per_thread_data.obj
 0001:000040d0       _tolower_l                 00000001800050d0 f   libucrt:tolower_toupper.obj
 0001:00004210       __acrt_update_locale_info  0000000180005210 f   libucrt:locale_update.obj
 0001:00004244       __acrt_update_multibyte_info 0000000180005244 f   libucrt:locale_update.obj
 0001:00004278       __acrt_set_locale_changed  0000000180005278 f   libucrt:wsetlocale.obj
 0001:00004284       __acrt_uninitialize_locale 0000000180005284 f   libucrt:wsetlocale.obj
 0001:000042cc       __acrt_initialize_locks    00000001800052cc f   libucrt:locks.obj
 0001:00004314       __acrt_lock                0000000180005314 f   libucrt:locks.obj
 0001:00004330       __acrt_uninitialize_locks  0000000180005330 f   libucrt:locks.obj
 0001:00004368       __acrt_unlock              0000000180005368 f   libucrt:locks.obj
 0001:00004524       __acrt_FlsAlloc            0000000180005524 f   libucrt:winapi_thunks.obj
 0001:0000457c       __acrt_FlsFree             000000018000557c f   libucrt:winapi_thunks.obj
 0001:000045d4       __acrt_FlsGetValue         00000001800055d4 f   libucrt:winapi_thunks.obj
 0001:0000462c       __acrt_FlsSetValue         000000018000562c f   libucrt:winapi_thunks.obj
 0001:00004694       __acrt_InitializeCriticalSectionEx 0000000180005694 f   libucrt:winapi_thunks.obj
 0001:0000470c       __acrt_LCMapStringEx       000000018000570c f   libucrt:winapi_thunks.obj
 0001:000047fc       __acrt_LocaleNameToLCID    00000001800057fc f   libucrt:winapi_thunks.obj
 0001:00004864       __acrt_initialize_winapi_thunks 0000000180005864 f   libucrt:winapi_thunks.obj
 0001:0000489c       __acrt_is_packaged_app     000000018000589c f   libucrt:winapi_thunks.obj
 0001:00004924       __acrt_uninitialize_winapi_thunks 0000000180005924 f   libucrt:winapi_thunks.obj
 0001:00004e44       ?expand_if_necessary@?$argument_list@D@?A0xca0879c4@@AEAAHXZ 0000000180005e44 f i libucrt:argv_wildcards.obj
 0001:00004f0c       __acrt_expand_narrow_argv_wildcards 0000000180005f0c f   libucrt:argv_wildcards.obj
 0001:00004f14       ??$?RV<lambda_99476a1ad63dd22509b5d3e65b0ffc95>@@AEAV<lambda_ad1ced32f4ac17aa236e5ef05d6b3b7c>@@V<lambda_f7424dd8d45958661754dc4f2697e9c3>@@@?$__crt_seh_guarded_call@X@@QEAAX$$QEAV<lambda_99476a1ad63dd22509b5d3e65b0ffc95>@@AEAV<lambda_ad1ced32f4ac17aa236e5ef05d6b3b7c>@@$$QEAV<lambda_f7424dd8d45958661754dc4f2697e9c3>@@@Z 0000000180005f14 f i libucrt:mbctype.obj
 0001:00005610       __acrt_initialize_multibyte 0000000180006610 f   libucrt:mbctype.obj
 0001:00005638       __acrt_update_thread_multibyte_data 0000000180006638 f   libucrt:mbctype.obj
 0001:000056f8       _setmbcp_nolock            00000001800066f8 f   libucrt:mbctype.obj
 0001:00005a18       _ismbblead                 0000000180006a18 f   libucrt:ismbbyte.obj
 0001:00005a2c       __acrt_initialize_command_line 0000000180006a2c f   libucrt:argv_data.obj
 0001:00005a54       __dcrt_get_narrow_environment_from_os 0000000180006a54 f   libucrt:get_environment_from_os.obj
 0001:00005b58       _recalloc                  0000000180006b58 f   libucrt:recalloc.obj
 0001:00005b60       _recalloc_base             0000000180006b60 f   libucrt:recalloc.obj
 0001:00005bf8       __acrt_initialize_heap     0000000180006bf8 f   libucrt:heap_handle.obj
 0001:00005c14       __acrt_uninitialize_heap   0000000180006c14 f   libucrt:heap_handle.obj
 0001:00005e08       __acrt_initialize_lowio    0000000180006e08 f   libucrt:ioinit.obj
 0001:00005e44       __acrt_uninitialize_lowio  0000000180006e44 f   libucrt:ioinit.obj
 0001:00005e84       __acrt_execute_initializers 0000000180006e84 f   libucrt:shared_initialization.obj
 0001:00005f18       __acrt_execute_uninitializers 0000000180006f18 f   libucrt:shared_initialization.obj
 0001:00005f68       __acrt_initialize_new_handler 0000000180006f68 f   libucrt:new_handler.obj
 0001:00005f70       _callnewh                  0000000180006f70 f   libucrt:new_handler.obj
 0001:00005fb0       _query_new_handler         0000000180006fb0 f   libucrt:new_handler.obj
 0001:00005fe4       ??$?RV<lambda_c36588078e9f5dfd39652860aa6b3aaf>@@AEAV<lambda_ec61778202f4f5fc7e7711acc23c3bca>@@V<lambda_dc9d2797ccde5d239b4a0efae8ebd7db>@@@?$__crt_seh_guarded_call@P6AXH@Z@@QEAAP6AXH@Z$$QEAV<lambda_c36588078e9f5dfd39652860aa6b3aaf>@@AEAV<lambda_ec61778202f4f5fc7e7711acc23c3bca>@@$$QEAV<lambda_dc9d2797ccde5d239b4a0efae8ebd7db>@@@Z 0000000180006fe4 f i libucrt:signal.obj
 0001:0000602c       __acrt_get_sigabrt_handler 000000018000702c f   libucrt:signal.obj
 0001:0000605c       __acrt_initialize_signal_handlers 000000018000705c f   libucrt:signal.obj
 0001:0000607c       raise                      000000018000707c f   libucrt:signal.obj
 0001:00006318       __acrt_has_user_matherr    0000000180007318 f   libucrt:matherr.obj
 0001:00006338       __acrt_initialize_user_matherr 0000000180007338 f   libucrt:matherr.obj
 0001:00006340       __acrt_invoke_user_matherr 0000000180007340 f   libucrt:matherr.obj
 0001:00006388       _query_new_mode            0000000180007388 f   libucrt:new_mode.obj
 0001:00006390       _mbtowc_l                  0000000180007390 f   libucrt:mbtowc.obj
 0001:000064d8       mbtowc                     00000001800074d8 f   libucrt:mbtowc.obj
 0001:000064e0       _fileno                    00000001800074e0 f   libucrt:fileno.obj
 0001:00006508       __acrt_initialize_stdio    0000000180007508 f   libucrt:_file.obj
 0001:00006628       __acrt_uninitialize_stdio  0000000180007628 f   libucrt:_file.obj
 0001:00006684       _lock_file                 0000000180007684 f   libucrt:_file.obj
 0001:00006690       _unlock_file               0000000180007690 f   libucrt:_file.obj
 0001:0000669c       __pctype_func              000000018000769c f   libucrt:ctype.obj
 0001:000066cc       _isctype_l                 00000001800076cc f   libucrt:isctype.obj
 0001:000067dc       __acrt_add_locale_ref      00000001800077dc f   libucrt:locale_refcounting.obj
 0001:00006868       __acrt_free_locale         0000000180007868 f   libucrt:locale_refcounting.obj
 0001:000069e0       __acrt_locale_add_lc_time_reference 00000001800079e0 f   libucrt:locale_refcounting.obj
 0001:00006a08       __acrt_locale_free_lc_time_if_unreferenced 0000000180007a08 f   libucrt:locale_refcounting.obj
 0001:00006a40       __acrt_locale_release_lc_time_reference 0000000180007a40 f   libucrt:locale_refcounting.obj
 0001:00006a68       __acrt_release_locale_ref  0000000180007a68 f   libucrt:locale_refcounting.obj
 0001:00006b10       __acrt_update_thread_locale_data 0000000180007b10 f   libucrt:locale_refcounting.obj
 0001:00006b80       _updatetlocinfoEx_nolock   0000000180007b80 f   libucrt:locale_refcounting.obj
 0001:00006be8       _isleadbyte_l              0000000180007be8 f i libucrt:_wctype.obj
 0001:00006f84       __acrt_LCMapStringA        0000000180007f84 f   libucrt:lcmapstringa.obj
 0001:0000701c       __acrt_locale_free_monetary 000000018000801c f   libucrt:initmon.obj
 0001:00007128       __acrt_locale_free_numeric 0000000180008128 f   libucrt:initnum.obj
 0001:000071ec       __acrt_locale_free_time    00000001800081ec f   libucrt:inittime.obj
 0001:000072f4       __acrt_GetStringTypeA      00000001800082f4 f   libucrt:getstringtypea.obj
 0001:00007570       __acrt_DownlevelLocaleNameToLCID 0000000180008570 f   libucrt:lcidtoname_downlevel.obj
 0001:00007680       qsort                      0000000180008680 f   libucrt:qsort.obj
 0001:000079b4       strncpy_s                  00000001800089b4 f   libucrt:strncpy_s.obj
 0001:00007a88       strpbrk                    0000000180008a88 f   libucrt:strpbrk.obj
 0001:00007b28       _mbsdec                    0000000180008b28 f   libucrt:mbsdec.obj
 0001:00007b30       _mbsdec_l                  0000000180008b30 f   libucrt:mbsdec.obj
 0001:00007be0       _msize                     0000000180008be0 f   libucrt:msize.obj
 0001:00007c1c       _realloc_base              0000000180008c1c f   libucrt:realloc_base.obj
 0001:00007ca0       __acrt_lowio_create_handle_array 0000000180008ca0 f   libucrt:osfinfo.obj
 0001:00007d38       __acrt_lowio_destroy_handle_array 0000000180008d38 f   libucrt:osfinfo.obj
 0001:00007d88       __acrt_lowio_ensure_fh_exists 0000000180008d88 f   libucrt:osfinfo.obj
 0001:00007e40       __acrt_lowio_lock_fh       0000000180008e40 f   libucrt:osfinfo.obj
 0001:00007e64       __acrt_lowio_unlock_fh     0000000180008e64 f   libucrt:osfinfo.obj
 0001:00007e88       _free_osfhnd               0000000180008e88 f   libucrt:osfinfo.obj
 0001:00007f44       _get_osfhandle             0000000180008f44 f   libucrt:osfinfo.obj
 0001:00007fbc       _isatty                    0000000180008fbc f   libucrt:isatty.obj
 0001:0000801c       __acrt_stdio_flush_nolock  000000018000901c f   libucrt:fflush.obj
 0001:00008094       _fflush_nolock             0000000180009094 f   libucrt:fflush.obj
 0001:000080e0       _flushall                  00000001800090e0 f   libucrt:fflush.obj
 0001:000081d0       _fcloseall                 00000001800091d0 f   libucrt:closeall.obj
 0001:00008284       __acrt_stdio_free_buffer_nolock 0000000180009284 f   libucrt:_freebuf.obj
 0001:000082c4       __strncnt                  00000001800092c4 f   libucrt:strncnt.obj
 0001:000082dc       _query_app_type            00000001800092dc f   libucrt:report_runtime_error.obj
 0001:000082e4       ??$?RV<lambda_b521505b218e5242e90febf6bfebc422>@@AEAV<lambda_6978c1fb23f02e42e1d9e99668cc68aa>@@V<lambda_314360699dd331753a4119843814e9a7>@@@?$__crt_seh_guarded_call@H@@QEAAH$$QEAV<lambda_b521505b218e5242e90febf6bfebc422>@@AEAV<lambda_6978c1fb23f02e42e1d9e99668cc68aa>@@$$QEAV<lambda_314360699dd331753a4119843814e9a7>@@@Z 00000001800092e4 f i libucrt:commit.obj
 0001:00008370       _commit                    0000000180009370 f   libucrt:commit.obj
 0001:000089a4       _write                     00000001800099a4 f   libucrt:write.obj
 0001:00008a90       _write_nolock              0000000180009a90 f   libucrt:write.obj
 0001:00008d80       log10                      0000000180009d80 f   libucrt:log10.obj
 0001:000093c8       _lseeki64_nolock           000000018000a3c8 f   libucrt:lseek.obj
 0001:000093d0       _fclose_nolock             000000018000a3d0 f   libucrt:fclose.obj
 0001:00009454       fclose                     000000018000a454 f   libucrt:fclose.obj
 0001:000094c0       _putwch_nolock             000000018000a4c0 f   libucrt:putwch.obj
 0001:00009640       _handle_error              000000018000a640 f   libucrt:libm_error.obj
 0001:00009770       __acrt_initialize_fma3     000000018000a770 f   libucrt:fma3_available.obj
 0001:000097e0       _log10_special             000000018000a7e0 f   libucrt:log_special.obj
 0001:00009898       ??$?RV<lambda_bfedae4ebbf01fab1bb6dcc6a9e276e0>@@AEAV<lambda_2fe9b910cf3cbf4a0ab98a02ba45b3ec>@@V<lambda_237c231691f317818eb88cc1d5d642d6>@@@?$__crt_seh_guarded_call@H@@QEAAH$$QEAV<lambda_bfedae4ebbf01fab1bb6dcc6a9e276e0>@@AEAV<lambda_2fe9b910cf3cbf4a0ab98a02ba45b3ec>@@$$QEAV<lambda_237c231691f317818eb88cc1d5d642d6>@@@Z 000000018000a898 f i libucrt:close.obj
 0001:0000990c       _close                     000000018000a90c f   libucrt:close.obj
 0001:000099b0       _close_nolock              000000018000a9b0 f   libucrt:close.obj
 0001:00009a6c       ?__acrt_stdio_free_stream@@YAXV__crt_stdio_stream@@@Z 000000018000aa6c f   libucrt:stream.obj
 0001:00009ab0       __dcrt_lowio_initialize_console_output 000000018000aab0 f   libucrt:initcon.obj
 0001:00009aec       __dcrt_terminate_console_output 000000018000aaec f   libucrt:initcon.obj
 0001:00009b20       _get_fpsr                  000000018000ab20 f   libucrt:fpsr.obj
 0001:00009b30       _set_fpsr                  000000018000ab30 f   libucrt:fpsr.obj
 0001:00009b3a       _fclrf                     000000018000ab3a f   libucrt:fpsr.obj
 0001:00009b4e       _frnd                      000000018000ab4e f   libucrt:fpsr.obj
 0001:00009b70       _raise_exc                 000000018000ab70 f   libucrt:fpexcept.obj
 0001:00009b98       _raise_exc_ex              000000018000ab98 f   libucrt:fpexcept.obj
 0001:00009ea0       _set_errno_from_matherr    000000018000aea0 f   libucrt:fpexcept.obj
 0001:00009ed0       _clrfp                     000000018000aed0 f   libucrt:fpctrl.obj
 0001:00009ef0       _ctrlfp                    000000018000aef0 f   libucrt:fpctrl.obj
 0001:00009f6c       _set_statfp                000000018000af6c f   libucrt:fpctrl.obj
 0001:00009f8c       _statfp                    000000018000af8c f   libucrt:fpctrl.obj
 0001:00009f9e       IsProcessorFeaturePresent  000000018000af9e f   kernel32:KERNEL32.dll
 0001:00009fa4       RtlUnwindEx                000000018000afa4 f   kernel32:KERNEL32.dll
 0001:00009fac       ?DloadAcquireSectionWriteAccess@@YAXXZ 000000018000afac f i DelayImp:delayhlp.obj
 0001:0000a068       ?DloadGetSRWLockFunctionPointers@@YAEXZ 000000018000b068 f i DelayImp:delayhlp.obj
 0001:0000a104       ?DloadMakePermanentImageCommit@@YAXPEAX_K@Z 000000018000b104 f i DelayImp:delayhlp.obj
 0001:0000a19c       ?DloadObtainSection@@YAPEAXPEAK0@Z 000000018000b19c f i DelayImp:delayhlp.obj
 0001:0000a234       ?DloadProtectSection@@YAXKPEAK@Z 000000018000b234 f i DelayImp:delayhlp.obj
 0001:0000a2c4       ?DloadReleaseSectionWriteAccess@@YAXXZ 000000018000b2c4 f i DelayImp:delayhlp.obj
 0001:0000a368       __delayLoadHelper2         000000018000b368 f   DelayImp:delayhlp.obj
 0001:0000a670       _FindPESection             000000018000b670 f   LIBCMT:pesect.obj
 0001:0000a6c0       _IsNonwritableInCurrentImage 000000018000b6c0 f   LIBCMT:pesect.obj
 0001:0000a710       _ValidateImageBase         000000018000b710 f   LIBCMT:pesect.obj
 0001:0000a740       __GSHandlerCheck           000000018000b740 f   LIBCMT:_gshandler_.obj
 0001:0000a760       __GSHandlerCheckCommon     000000018000b760 f   LIBCMT:_gshandler_.obj
 0001:0000a7d0       _alloca_probe              000000018000b7d0 f   LIBCMT:_chkstk_.obj
 0001:0000a7d0       __chkstk                   000000018000b7d0 f   LIBCMT:_chkstk_.obj
 0001:0000a840       memmove                    000000018000b840 f   libvcruntime:memcpy.obj
 0001:0000a840       memcpy                     000000018000b840 f   libvcruntime:memcpy.obj
 0001:0000ac90       memcmp                     000000018000bc90 f   libvcruntime:memcmp.obj
 0001:0000ad70       _guard_dispatch_icall_nop  000000018000bd70 f   LIBCMT:_guard_dispatch_.obj
 0002:00000000       __imp_GetModuleHandleA     000000018000c000     kernel32:KERNEL32.dll
 0002:00000008       __imp_GetProcAddress       000000018000c008     kernel32:KERNEL32.dll
 0002:00000010       __imp_GetSystemTimeAsFileTime 000000018000c010     kernel32:KERNEL32.dll
 0002:00000018       __imp_RtlCaptureContext    000000018000c018     kernel32:KERNEL32.dll
 0002:00000020       __imp_RtlLookupFunctionEntry 000000018000c020     kernel32:KERNEL32.dll
 0002:00000028       __imp_RtlVirtualUnwind     000000018000c028     kernel32:KERNEL32.dll
 0002:00000030       __imp_UnhandledExceptionFilter 000000018000c030     kernel32:KERNEL32.dll
 0002:00000038       __imp_SetUnhandledExceptionFilter 000000018000c038     kernel32:KERNEL32.dll
 0002:00000040       __imp_GetCurrentProcess    000000018000c040     kernel32:KERNEL32.dll
 0002:00000048       __imp_TerminateProcess     000000018000c048     kernel32:KERNEL32.dll
 0002:00000050       __imp_IsProcessorFeaturePresent 000000018000c050     kernel32:KERNEL32.dll
 0002:00000058       __imp_QueryPerformanceCounter 000000018000c058     kernel32:KERNEL32.dll
 0002:00000060       __imp_GetCurrentProcessId  000000018000c060     kernel32:KERNEL32.dll
 0002:00000068       __imp_GetCurrentThreadId   000000018000c068     kernel32:KERNEL32.dll
 0002:00000070       __imp_InitializeSListHead  000000018000c070     kernel32:KERNEL32.dll
 0002:00000078       __imp_IsDebuggerPresent    000000018000c078     kernel32:KERNEL32.dll
 0002:00000080       __imp_GetStartupInfoW      000000018000c080     kernel32:KERNEL32.dll
 0002:00000088       __imp_GetModuleHandleW     000000018000c088     kernel32:KERNEL32.dll
 0002:00000090       __imp_RtlUnwindEx          000000018000c090     kernel32:KERNEL32.dll
 0002:00000098       __imp_InterlockedFlushSList 000000018000c098     kernel32:KERNEL32.dll
 0002:000000a0       __imp_GetLastError         000000018000c0a0     kernel32:KERNEL32.dll
 0002:000000a8       __imp_SetLastError         000000018000c0a8     kernel32:KERNEL32.dll
 0002:000000b0       __imp_EnterCriticalSection 000000018000c0b0     kernel32:KERNEL32.dll
 0002:000000b8       __imp_LeaveCriticalSection 000000018000c0b8     kernel32:KERNEL32.dll
 0002:000000c0       __imp_DeleteCriticalSection 000000018000c0c0     kernel32:KERNEL32.dll
 0002:000000c8       __imp_InitializeCriticalSectionAndSpinCount 000000018000c0c8     kernel32:KERNEL32.dll
 0002:000000d0       __imp_TlsAlloc             000000018000c0d0     kernel32:KERNEL32.dll
 0002:000000d8       __imp_TlsGetValue          000000018000c0d8     kernel32:KERNEL32.dll
 0002:000000e0       __imp_TlsSetValue          000000018000c0e0     kernel32:KERNEL32.dll
 0002:000000e8       __imp_TlsFree              000000018000c0e8     kernel32:KERNEL32.dll
 0002:000000f0       __imp_FreeLibrary          000000018000c0f0     kernel32:KERNEL32.dll
 0002:000000f8       __imp_LoadLibraryExW       000000018000c0f8     kernel32:KERNEL32.dll
 0002:00000100       __imp_ExitProcess          000000018000c100     kernel32:KERNEL32.dll
 0002:00000108       __imp_GetModuleHandleExW   000000018000c108     kernel32:KERNEL32.dll
 0002:00000110       __imp_GetModuleFileNameA   000000018000c110     kernel32:KERNEL32.dll
 0002:00000118       __imp_MultiByteToWideChar  000000018000c118     kernel32:KERNEL32.dll
 0002:00000120       __imp_WideCharToMultiByte  000000018000c120     kernel32:KERNEL32.dll
 0002:00000128       __imp_HeapFree             000000018000c128     kernel32:KERNEL32.dll
 0002:00000130       __imp_HeapAlloc            000000018000c130     kernel32:KERNEL32.dll
 0002:00000138       __imp_GetACP               000000018000c138     kernel32:KERNEL32.dll
 0002:00000140       __imp_LCMapStringW         000000018000c140     kernel32:KERNEL32.dll
 0002:00000148       __imp_FindClose            000000018000c148     kernel32:KERNEL32.dll
 0002:00000150       __imp_FindFirstFileExA     000000018000c150     kernel32:KERNEL32.dll
 0002:00000158       __imp_FindNextFileA        000000018000c158     kernel32:KERNEL32.dll
 0002:00000160       __imp_IsValidCodePage      000000018000c160     kernel32:KERNEL32.dll
 0002:00000168       __imp_GetOEMCP             000000018000c168     kernel32:KERNEL32.dll
 0002:00000170       __imp_GetCPInfo            000000018000c170     kernel32:KERNEL32.dll
 0002:00000178       __imp_GetCommandLineA      000000018000c178     kernel32:KERNEL32.dll
 0002:00000180       __imp_GetCommandLineW      000000018000c180     kernel32:KERNEL32.dll
 0002:00000188       __imp_GetEnvironmentStringsW 000000018000c188     kernel32:KERNEL32.dll
 0002:00000190       __imp_FreeEnvironmentStringsW 000000018000c190     kernel32:KERNEL32.dll
 0002:00000198       __imp_GetProcessHeap       000000018000c198     kernel32:KERNEL32.dll
 0002:000001a0       __imp_GetStdHandle         000000018000c1a0     kernel32:KERNEL32.dll
 0002:000001a8       __imp_GetFileType          000000018000c1a8     kernel32:KERNEL32.dll
 0002:000001b0       __imp_GetStringTypeW       000000018000c1b0     kernel32:KERNEL32.dll
 0002:000001b8       __imp_HeapSize             000000018000c1b8     kernel32:KERNEL32.dll
 0002:000001c0       __imp_HeapReAlloc          000000018000c1c0     kernel32:KERNEL32.dll
 0002:000001c8       __imp_SetStdHandle         000000018000c1c8     kernel32:KERNEL32.dll
 0002:000001d0       __imp_WriteFile            000000018000c1d0     kernel32:KERNEL32.dll
 0002:000001d8       __imp_FlushFileBuffers     000000018000c1d8     kernel32:KERNEL32.dll
 0002:000001e0       __imp_GetConsoleCP         000000018000c1e0     kernel32:KERNEL32.dll
 0002:000001e8       __imp_GetConsoleMode       000000018000c1e8     kernel32:KERNEL32.dll
 0002:000001f0       __imp_SetFilePointerEx     000000018000c1f0     kernel32:KERNEL32.dll
 0002:000001f8       __imp_CloseHandle          000000018000c1f8     kernel32:KERNEL32.dll
 0002:00000200       __imp_WriteConsoleW        000000018000c200     kernel32:KERNEL32.dll
 0002:00000208       __imp_CreateFileW          000000018000c208     kernel32:KERNEL32.dll
 0002:00000210       __imp_RaiseException       000000018000c210     kernel32:KERNEL32.dll
 0002:00000218       __imp_GetSystemInfo        000000018000c218     kernel32:KERNEL32.dll
 0002:00000220       __imp_VirtualProtect       000000018000c220     kernel32:KERNEL32.dll
 0002:00000228       __imp_VirtualQuery         000000018000c228     kernel32:KERNEL32.dll
 0002:00000230       __imp_LoadLibraryExA       000000018000c230     kernel32:KERNEL32.dll
 0002:00000238       \177KERNEL32_NULL_THUNK_DATA 000000018000c238     kernel32:KERNEL32.dll
 0002:00000240       __guard_check_icall_fptr   000000018000c240     LIBCMT:guard_support.obj
 0002:00000248       __guard_dispatch_icall_fptr 000000018000c248     LIBCMT:guard_support.obj
 0002:00000250       __xc_a                     000000018000c250     LIBCMT:initializers.obj
 0002:00000258       _register_microtime_       000000018000c258     microtime.obj
 0002:00000260       __xc_z                     000000018000c260     LIBCMT:initializers.obj
 0002:00000268       __xi_a                     000000018000c268     LIBCMT:initializers.obj
 0002:00000270       __acrt_multibyte_initializer 000000018000c270     libucrt:multibyte_initializer.obj
 0002:00000278       __acrt_stdio_initializer   000000018000c278     libucrt:stdio_initializer.obj
 0002:00000280       __acrt_tran_fma3_initializer 000000018000c280     libucrt:fma3_initializer.obj
 0002:00000288       __xi_z                     000000018000c288     LIBCMT:initializers.obj
 0002:00000290       __xp_a                     000000018000c290     LIBCMT:initializers.obj
 0002:00000298       __acrt_locale_terminator   000000018000c298     libucrt:locale_initializer.obj
 0002:000002a0       __dcrt_console_output_terminator 000000018000c2a0     libucrt:console_output_initializer.obj
 0002:000002a8       __acrt_stdio_terminator    000000018000c2a8     libucrt:stdio_initializer.obj
 0002:000002b0       __xp_z                     000000018000c2b0     LIBCMT:initializers.obj
 0002:000002b8       __xt_a                     000000018000c2b8     LIBCMT:initializers.obj
 0002:000002c0       __xt_z                     000000018000c2c0     LIBCMT:initializers.obj
 0002:000002d0       __sz_node_exe              000000018000c2d0     node:node.exe
 0002:000002e0       _pDefaultRawDllMain        000000018000c2e0     LIBCMT:dll_dllmain.obj
 0002:000002e0       _pRawDllMain               000000018000c2e0     LIBCMT:dll_dllmain.obj
 0002:00000318       ??_C@_1BC@DNHGCMLG@?$AAa?$AAd?$AAv?$AAa?$AAp?$AAi?$AA3?$AA2?$AA?$AA@ 000000018000c318     libvcruntime:winapi_downlevel.obj
 0002:00000330       ??_C@_1DM@KHCHBNEB@?$AAa?$AAp?$AAi?$AA?9?$AAm?$AAs?$AA?9?$AAw?$AAi?$AAn?$AA?9?$AAc?$AAo?$AAr?$AAe?$AA?9?$AAf?$AAi?$AAb?$AAe?$AAr?$AAs?$AA?9?$AAl?$AA1?$AA?9?$AA1?$AA?9?$AA1?$AA?$AA@ 000000018000c330     libvcruntime:winapi_downlevel.obj
 0002:00000370       ??_C@_1DK@LPPGFMPP@?$AAa?$AAp?$AAi?$AA?9?$AAm?$AAs?$AA?9?$AAw?$AAi?$AAn?$AA?9?$AAc?$AAo?$AAr?$AAe?$AA?9?$AAs?$AAy?$AAn?$AAc?$AAh?$AA?9?$AAl?$AA1?$AA?9?$AA2?$AA?9?$AA0?$AA?$AA@ 000000018000c370     libvcruntime:winapi_downlevel.obj
 0002:000003b0       ??_C@_1BC@GDMECMAK@?$AAk?$AAe?$AAr?$AAn?$AAe?$AAl?$AA3?$AA2?$AA?$AA@ 000000018000c3b0     libvcruntime:winapi_downlevel.obj
 0002:000003d0       ??_C@_08KNHFBNJ@FlsAlloc?$AA@ 000000018000c3d0     libvcruntime:winapi_downlevel.obj
 0002:000003e8       ??_C@_07PEJMOBNF@FlsFree?$AA@ 000000018000c3e8     libvcruntime:winapi_downlevel.obj
 0002:000003f8       ??_C@_0M@GDNOONDI@FlsGetValue?$AA@ 000000018000c3f8     libvcruntime:winapi_downlevel.obj
 0002:00000410       ??_C@_0M@JCPCPOEF@FlsSetValue?$AA@ 000000018000c410     libvcruntime:winapi_downlevel.obj
 0002:00000428       ??_C@_0BM@HCFOFFN@InitializeCriticalSectionEx?$AA@ 000000018000c428     libvcruntime:winapi_downlevel.obj
 0002:00000770       ??_C@_08EHJDFFNH@__based?$CI?$AA@ 000000018000c770     libvcruntime:undname.obj
 0002:00000780       ??_C@_07KOLFKCDI@__cdecl?$AA@ 000000018000c780     libvcruntime:undname.obj
 0002:00000788       ??_C@_08GHMPAG@__pascal?$AA@ 000000018000c788     libvcruntime:undname.obj
 0002:00000798       ??_C@_09IFJBGAPI@__stdcall?$AA@ 000000018000c798     libvcruntime:undname.obj
 0002:000007a8       ??_C@_0L@NPHFGOKO@__thiscall?$AA@ 000000018000c7a8     libvcruntime:undname.obj
 0002:000007b8       ??_C@_0L@JMKHOMEK@__fastcall?$AA@ 000000018000c7b8     libvcruntime:undname.obj
 0002:000007c8       ??_C@_0N@BCKKPABJ@__vectorcall?$AA@ 000000018000c7c8     libvcruntime:undname.obj
 0002:000007d8       ??_C@_09HIJEGCPM@__clrcall?$AA@ 000000018000c7d8     libvcruntime:undname.obj
 0002:000007e4       ??_C@_06GHPCKEAG@__eabi?$AA@ 000000018000c7e4     libvcruntime:undname.obj
 0002:000007f0       ??_C@_07JOMMBBKO@__ptr64?$AA@ 000000018000c7f0     libvcruntime:undname.obj
 0002:000007f8       ??_C@_0L@PILCLIHE@__restrict?$AA@ 000000018000c7f8     libvcruntime:undname.obj
 0002:00000808       ??_C@_0M@GFIIJFMG@__unaligned?$AA@ 000000018000c808     libvcruntime:undname.obj
 0002:00000818       ??_C@_09DHDLOLLB@restrict?$CI?$AA@ 000000018000c818     libvcruntime:undname.obj
 0002:00000822       ??_C@_00CNPNBAHC@?$AA@     000000018000c822     libvcruntime:undname.obj
 0002:00000824       ??_C@_04NIHEBCM@?5new?$AA@ 000000018000c824     libvcruntime:undname.obj
 0002:00000830       ??_C@_07FPCDHGMM@?5delete?$AA@ 000000018000c830     libvcruntime:undname.obj
 0002:00000838       ??_C@_01NEMOKFLO@?$DN?$AA@ 000000018000c838     libvcruntime:undname.obj
 0002:0000083c       ??_C@_02GPIOPFAK@?$DO?$DO?$AA@ 000000018000c83c     libvcruntime:undname.obj
 0002:00000840       ??_C@_02FODMEDOG@?$DM?$DM?$AA@ 000000018000c840     libvcruntime:undname.obj
 0002:00000844       ??_C@_01DCLJPIOD@?$CB?$AA@ 000000018000c844     libvcruntime:undname.obj
 0002:00000848       ??_C@_02EGOFBIJA@?$DN?$DN?$AA@ 000000018000c848     libvcruntime:undname.obj
 0002:0000084c       ??_C@_02FDNJECIE@?$CB?$DN?$AA@ 000000018000c84c     libvcruntime:undname.obj
 0002:00000850       ??_C@_02GPECMEKF@?$FL?$FN?$AA@ 000000018000c850     libvcruntime:undname.obj
 0002:00000858       ??_C@_08LHJFAFGD@operator?$AA@ 000000018000c858     libvcruntime:undname.obj
 0002:00000864       ??_C@_02HBOOOICD@?9?$DO?$AA@ 000000018000c864     libvcruntime:undname.obj
 0002:00000868       ??_C@_01NBENCBCI@?$CK?$AA@ 000000018000c868     libvcruntime:undname.obj
 0002:0000086c       ??_C@_02ECNGHCIF@?$CL?$CL?$AA@ 000000018000c86c     libvcruntime:undname.obj
 0002:00000870       ??_C@_02BAABKJLB@?9?9?$AA@ 000000018000c870     libvcruntime:undname.obj
 0002:00000874       ??_C@_01JOAMLHOP@?9?$AA@   000000018000c874     libvcruntime:undname.obj
 0002:00000878       ??_C@_01MIFGBAGJ@?$CL?$AA@ 000000018000c878     libvcruntime:undname.obj
 0002:0000087c       ??_C@_01HNPIGOCE@?$CG?$AA@ 000000018000c87c     libvcruntime:undname.obj
 0002:00000880       ??_C@_03MNHNFDLC@?9?$DO?$CK?$AA@ 000000018000c880     libvcruntime:undname.obj
 0002:00000884       ??_C@_01KMDKNFGN@?1?$AA@   000000018000c884     libvcruntime:undname.obj
 0002:00000888       ??_C@_01FGNFDNOH@?$CF?$AA@ 000000018000c888     libvcruntime:undname.obj
 0002:0000088c       ??_C@_01MNNFJEPP@?$DM?$AA@ 000000018000c88c     libvcruntime:undname.obj
 0002:00000890       ??_C@_02EHCHHCKH@?$DM?$DN?$AA@ 000000018000c890     libvcruntime:undname.obj
 0002:00000894       ??_C@_01PPODPGHN@?$DO?$AA@ 000000018000c894     libvcruntime:undname.obj
 0002:00000898       ??_C@_02EEKDKGMJ@?$DO?$DN?$AA@ 000000018000c898     libvcruntime:undname.obj
 0002:0000089c       ??_C@_01IHBHIGKO@?0?$AA@   000000018000c89c     libvcruntime:undname.obj
 0002:000008a0       ??_C@_02HCKGKOFO@?$CI?$CJ?$AA@ 000000018000c8a0     libvcruntime:undname.obj
 0002:000008a4       ??_C@_01PJKLJHI@?$HO?$AA@  000000018000c8a4     libvcruntime:undname.obj
 0002:000008a8       ??_C@_01JKBOJNNK@?$FO?$AA@ 000000018000c8a8     libvcruntime:undname.obj
 0002:000008ac       ??_C@_01DNKMNLPK@?$HM?$AA@ 000000018000c8ac     libvcruntime:undname.obj
 0002:000008b0       ??_C@_02PPKAJPJL@?$CG?$CG?$AA@ 000000018000c8b0     libvcruntime:undname.obj
 0002:000008b4       ??_C@_02NONPIBCD@?$HM?$HM?$AA@ 000000018000c8b4     libvcruntime:undname.obj
 0002:000008b8       ??_C@_02FPIMKNGF@?$CK?$DN?$AA@ 000000018000c8b8     libvcruntime:undname.obj
 0002:000008bc       ??_C@_02FOEOMHFC@?$CL?$DN?$AA@ 000000018000c8bc     libvcruntime:undname.obj
 0002:000008c0       ??_C@_02FKMDLLOA@?9?$DN?$AA@ 000000018000c8c0     libvcruntime:undname.obj
 0002:000008c4       ??_C@_02FJEHGPIO@?1?$DN?$AA@ 000000018000c8c4     libvcruntime:undname.obj
 0002:000008c8       ??_C@_02FENAOKFI@?$CF?$DN?$AA@ 000000018000c8c8     libvcruntime:undname.obj
 0002:000008cc       ??_C@_03IKFCCPFF@?$DO?$DO?$DN?$AA@ 000000018000c8cc     libvcruntime:undname.obj
 0002:000008d0       ??_C@_03CDNPDDLA@?$DM?$DM?$DN?$AA@ 000000018000c8d0     libvcruntime:undname.obj
 0002:000008d4       ??_C@_02FGJGFEAB@?$CG?$DN?$AA@ 000000018000c8d4     libvcruntime:undname.obj
 0002:000008d8       ??_C@_02DHLNPPGH@?$HM?$DN?$AA@ 000000018000c8d8     libvcruntime:undname.obj
 0002:000008dc       ??_C@_02MHEGNOJ@?$FO?$DN?$AA@ 000000018000c8dc     libvcruntime:undname.obj
 0002:000008e0       ??_C@_09IFPLHPGF@?$GAvftable?8?$AA@ 000000018000c8e0     libvcruntime:undname.obj
 0002:000008f0       ??_C@_09BLBHBJP@?$GAvbtable?8?$AA@ 000000018000c8f0     libvcruntime:undname.obj
 0002:00000900       ??_C@_07FEEIOKP@?$GAvcall?8?$AA@ 000000018000c900     libvcruntime:undname.obj
 0002:00000908       ??_C@_08LLFFHHDJ@?$GAtypeof?8?$AA@ 000000018000c908     libvcruntime:undname.obj
 0002:00000918       ??_C@_0BF@KDPPACIK@?$GAlocal?5static?5guard?8?$AA@ 000000018000c918     libvcruntime:undname.obj
 0002:00000930       ??_C@_08OBABFOLI@?$GAstring?8?$AA@ 000000018000c930     libvcruntime:undname.obj
 0002:00000940       ??_C@_0BD@JDLKDPAB@?$GAvbase?5destructor?8?$AA@ 000000018000c940     libvcruntime:undname.obj
 0002:00000958       ??_C@_0BN@DEGPLNFK@?$GAvector?5deleting?5destructor?8?$AA@ 000000018000c958     libvcruntime:undname.obj
 0002:00000978       ??_C@_0BO@OBMKPJIG@?$GAdefault?5constructor?5closure?8?$AA@ 000000018000c978     libvcruntime:undname.obj
 0002:00000998       ??_C@_0BN@IMDCHIKM@?$GAscalar?5deleting?5destructor?8?$AA@ 000000018000c998     libvcruntime:undname.obj
 0002:000009b8       ??_C@_0BO@PFGOCPJJ@?$GAvector?5constructor?5iterator?8?$AA@ 000000018000c9b8     libvcruntime:undname.obj
 0002:000009d8       ??_C@_0BN@LFPFMEDL@?$GAvector?5destructor?5iterator?8?$AA@ 000000018000c9d8     libvcruntime:undname.obj
 0002:000009f8       ??_C@_0CE@IKBNEHA@?$GAvector?5vbase?5constructor?5iterat@ 000000018000c9f8     libvcruntime:undname.obj
 0002:00000a20       ??_C@_0BL@NILFHHPC@?$GAvirtual?5displacement?5map?8?$AA@ 000000018000ca20     libvcruntime:undname.obj
 0002:00000a40       ??_C@_0CB@JONCMFFK@?$GAeh?5vector?5constructor?5iterator?8@ 000000018000ca40     libvcruntime:undname.obj
 0002:00000a68       ??_C@_0CA@GCEOPDGL@?$GAeh?5vector?5destructor?5iterator?8?$AA@ 000000018000ca68     libvcruntime:undname.obj
 0002:00000a88       ??_C@_0CH@OOJPLCPH@?$GAeh?5vector?5vbase?5constructor?5ite@ 000000018000ca88     libvcruntime:undname.obj
 0002:00000ab0       ??_C@_0BL@LLKPOHJI@?$GAcopy?5constructor?5closure?8?$AA@ 000000018000cab0     libvcruntime:undname.obj
 0002:00000ad0       ??_C@_0BA@KBCDOMBN@?$GAudt?5returning?8?$AA@ 000000018000cad0     libvcruntime:undname.obj
 0002:00000ae0       ??_C@_03KLGMFNMG@?$GAEH?$AA@ 000000018000cae0     libvcruntime:undname.obj
 0002:00000ae4       ??_C@_05KHLCHHI@?$GARTTI?$AA@ 000000018000cae4     libvcruntime:undname.obj
 0002:00000af0       ??_C@_0BA@KKLDJDLB@?$GAlocal?5vftable?8?$AA@ 000000018000caf0     libvcruntime:undname.obj
 0002:00000b00       ??_C@_0CE@IIHCMGGL@?$GAlocal?5vftable?5constructor?5closu@ 000000018000cb00     libvcruntime:undname.obj
 0002:00000b24       ??_C@_06FHBGPFGH@?5new?$FL?$FN?$AA@ 000000018000cb24     libvcruntime:undname.obj
 0002:00000b30       ??_C@_09LBNFPBCA@?5delete?$FL?$FN?$AA@ 000000018000cb30     libvcruntime:undname.obj
 0002:00000b40       ??_C@_0P@HJKNJFNN@?$GAomni?5callsig?8?$AA@ 000000018000cb40     libvcruntime:undname.obj
 0002:00000b50       ??_C@_0BL@CNOONJFP@?$GAplacement?5delete?5closure?8?$AA@ 000000018000cb50     libvcruntime:undname.obj
 0002:00000b70       ??_C@_0BN@CKNJLHMB@?$GAplacement?5delete?$FL?$FN?5closure?8?$AA@ 000000018000cb70     libvcruntime:undname.obj
 0002:00000b90       ??_C@_0CG@CFDHKGGD@?$GAmanaged?5vector?5constructor?5iter@ 000000018000cb90     libvcruntime:undname.obj
 0002:00000bb8       ??_C@_0CF@IMGKMJNO@?$GAmanaged?5vector?5destructor?5itera@ 000000018000cbb8     libvcruntime:undname.obj
 0002:00000be0       ??_C@_0CG@HLDDJMAG@?$GAeh?5vector?5copy?5constructor?5iter@ 000000018000cbe0     libvcruntime:undname.obj
 0002:00000c08       ??_C@_0CM@FCBBDIGB@?$GAeh?5vector?5vbase?5copy?5constructo@ 000000018000cc08     libvcruntime:undname.obj
 0002:00000c38       ??_C@_0BL@CLIPGLGB@?$GAdynamic?5initializer?5for?5?8?$AA@ 000000018000cc38     libvcruntime:undname.obj
 0002:00000c58       ??_C@_0CB@PDBIFEP@?$GAdynamic?5atexit?5destructor?5for?5?8@ 000000018000cc58     libvcruntime:undname.obj
 0002:00000c80       ??_C@_0CD@CGAJBKEJ@?$GAvector?5copy?5constructor?5iterato@ 000000018000cc80     libvcruntime:undname.obj
 0002:00000ca8       ??_C@_0CJ@GJELGAMM@?$GAvector?5vbase?5copy?5constructor?5i@ 000000018000cca8     libvcruntime:undname.obj
 0002:00000cd8       ??_C@_0CL@FGIJHLCE@?$GAmanaged?5vector?5copy?5constructor@ 000000018000ccd8     libvcruntime:undname.obj
 0002:00000d08       ??_C@_0BM@PMGGMLDN@?$GAlocal?5static?5thread?5guard?8?$AA@ 000000018000cd08     libvcruntime:undname.obj
 0002:00000d28       ??_C@_0N@BDNMDMOL@operator?5?$CC?$CC?5?$AA@ 000000018000cd28     libvcruntime:undname.obj
 0002:00000d38       ??_C@_0BC@DAFEJGAK@?5Type?5Descriptor?8?$AA@ 000000018000cd38     libvcruntime:undname.obj
 0002:00000d50       ??_C@_0BM@LDKODKLH@?5Base?5Class?5Descriptor?5at?5?$CI?$AA@ 000000018000cd50     libvcruntime:undname.obj
 0002:00000d70       ??_C@_0BD@LGICGFMM@?5Base?5Class?5Array?8?$AA@ 000000018000cd70     libvcruntime:undname.obj
 0002:00000d88       ??_C@_0BN@MECKDCOJ@?5Class?5Hierarchy?5Descriptor?8?$AA@ 000000018000cd88     libvcruntime:undname.obj
 0002:00000da8       ??_C@_0BK@CFCOFLF@?5Complete?5Object?5Locator?8?$AA@ 000000018000cda8     libvcruntime:undname.obj
 0002:00000f40       __acrt_exception_action_table 000000018000cf40     libucrt:exception_filter.obj
 0002:00001000       __acrt_signal_action_table_count 000000018000d000     libucrt:exception_filter.obj
 0002:00001008       __acrt_signal_action_first_fpe_index 000000018000d008     libucrt:exception_filter.obj
 0002:00001010       __acrt_signal_action_fpe_count 000000018000d010     libucrt:exception_filter.obj
 0002:00001018       ??_C@_1BI@BGOHAHKC@?$AAm?$AAs?$AAc?$AAo?$AAr?$AAe?$AAe?$AA?4?$AAd?$AAl?$AAl?$AA?$AA@ 000000018000d018     libucrt:exit.obj
 0002:00001030       ??_C@_0P@MIGLKIOC@CorExitProcess?$AA@ 000000018000d030     libucrt:exit.obj
 0002:00001130       __lc_time_c                000000018000d130     libucrt:nlsdata.obj
 0002:000013f0       ??_C@_03KOEHGMDN@Sun?$AA@  000000018000d3f0     libucrt:nlsdata.obj
 0002:000013f4       ??_C@_03PDAGKDH@Mon?$AA@   000000018000d3f4     libucrt:nlsdata.obj
 0002:000013f8       ??_C@_03NAGEINEP@Tue?$AA@  000000018000d3f8     libucrt:nlsdata.obj
 0002:000013fc       ??_C@_03MHOMLAJA@Wed?$AA@  000000018000d3fc     libucrt:nlsdata.obj
 0002:00001400       ??_C@_03IOFIKPDN@Thu?$AA@  000000018000d400     libucrt:nlsdata.obj
 0002:00001404       ??_C@_03IDIOELNC@Fri?$AA@  000000018000d404     libucrt:nlsdata.obj
 0002:00001408       ??_C@_03FEFJNEK@Sat?$AA@   000000018000d408     libucrt:nlsdata.obj
 0002:0000140c       ??_C@_06OOPIFAJ@Sunday?$AA@ 000000018000d40c     libucrt:nlsdata.obj
 0002:00001414       ??_C@_06JLEDEDGH@Monday?$AA@ 000000018000d414     libucrt:nlsdata.obj
 0002:00001420       ??_C@_07BAAGCFCM@Tuesday?$AA@ 000000018000d420     libucrt:nlsdata.obj
 0002:00001428       ??_C@_09DLIGFAKA@Wednesday?$AA@ 000000018000d428     libucrt:nlsdata.obj
 0002:00001438       ??_C@_08HACCIKIA@Thursday?$AA@ 000000018000d438     libucrt:nlsdata.obj
 0002:00001444       ??_C@_06JECMNKMI@Friday?$AA@ 000000018000d444     libucrt:nlsdata.obj
 0002:00001450       ??_C@_08INBOOONO@Saturday?$AA@ 000000018000d450     libucrt:nlsdata.obj
 0002:0000145c       ??_C@_03JIHJHPIE@Jan?$AA@  000000018000d45c     libucrt:nlsdata.obj
 0002:00001460       ??_C@_03HJBDCHOM@Feb?$AA@  000000018000d460     libucrt:nlsdata.obj
 0002:00001464       ??_C@_03ODNJBKGA@Mar?$AA@  000000018000d464     libucrt:nlsdata.obj
 0002:00001468       ??_C@_03LEOLGMJP@Apr?$AA@  000000018000d468     libucrt:nlsdata.obj
 0002:0000146c       ??_C@_03CNMDKL@May?$AA@    000000018000d46c     libucrt:nlsdata.obj
 0002:00001470       ??_C@_03IDFGHECI@Jun?$AA@  000000018000d470     libucrt:nlsdata.obj
 0002:00001474       ??_C@_03LBGABGKK@Jul?$AA@  000000018000d474     libucrt:nlsdata.obj
 0002:00001478       ??_C@_03IFJFEIGA@Aug?$AA@  000000018000d478     libucrt:nlsdata.obj
 0002:0000147c       ??_C@_03GGCAPAJC@Sep?$AA@  000000018000d47c     libucrt:nlsdata.obj
 0002:00001480       ??_C@_03BMAOKBAD@Oct?$AA@  000000018000d480     libucrt:nlsdata.obj
 0002:00001484       ??_C@_03JPJOFNIA@Nov?$AA@  000000018000d484     libucrt:nlsdata.obj
 0002:00001488       ??_C@_03MKABNOCG@Dec?$AA@  000000018000d488     libucrt:nlsdata.obj
 0002:00001490       ??_C@_07CGJPFGJA@January?$AA@ 000000018000d490     libucrt:nlsdata.obj
 0002:00001498       ??_C@_08GNJGEPFN@February?$AA@ 000000018000d498     libucrt:nlsdata.obj
 0002:000014a4       ??_C@_05HPCKOFNC@March?$AA@ 000000018000d4a4     libucrt:nlsdata.obj
 0002:000014ac       ??_C@_05DMJDNLEJ@April?$AA@ 000000018000d4ac     libucrt:nlsdata.obj
 0002:000014b4       ??_C@_04CNLMGBGM@June?$AA@ 000000018000d4b4     libucrt:nlsdata.obj
 0002:000014bc       ??_C@_04MIEPOIFP@July?$AA@ 000000018000d4bc     libucrt:nlsdata.obj
 0002:000014c4       ??_C@_06LBBHFDDG@August?$AA@ 000000018000d4c4     libucrt:nlsdata.obj
 0002:000014d0       ??_C@_09BHHEALKD@September?$AA@ 000000018000d4d0     libucrt:nlsdata.obj
 0002:000014e0       ??_C@_07JJNFCEND@October?$AA@ 000000018000d4e0     libucrt:nlsdata.obj
 0002:000014e8       ??_C@_08HCHEGEOA@November?$AA@ 000000018000d4e8     libucrt:nlsdata.obj
 0002:000014f8       ??_C@_08EDHMEBNP@December?$AA@ 000000018000d4f8     libucrt:nlsdata.obj
 0002:00001504       ??_C@_02DEDBPAFC@AM?$AA@   000000018000d504     libucrt:nlsdata.obj
 0002:00001508       ??_C@_02CJNFDJBF@PM?$AA@   000000018000d508     libucrt:nlsdata.obj
 0002:00001510       ??_C@_08BPBNCDIB@MM?1dd?1yy?$AA@ 000000018000d510     libucrt:nlsdata.obj
 0002:00001520       ??_C@_0BE@CKGJFCPC@dddd?0?5MMMM?5dd?0?5yyyy?$AA@ 000000018000d520     libucrt:nlsdata.obj
 0002:00001538       ??_C@_08JCCMCCIL@HH?3mm?3ss?$AA@ 000000018000d538     libucrt:nlsdata.obj
 0002:00001548       ??_C@_17MBGCMIPB@?$AAS?$AAu?$AAn?$AA?$AA@ 000000018000d548     libucrt:nlsdata.obj
 0002:00001550       ??_C@_17KBOMKBF@?$AAM?$AAo?$AAn?$AA?$AA@ 000000018000d550     libucrt:nlsdata.obj
 0002:00001558       ??_C@_17BMKGEGOJ@?$AAT?$AAu?$AAe?$AA?$AA@ 000000018000d558     libucrt:nlsdata.obj
 0002:00001560       ??_C@_17CJEDCEPE@?$AAW?$AAe?$AAd?$AA?$AA@ 000000018000d560     libucrt:nlsdata.obj
 0002:00001568       ??_C@_17PDPHAADD@?$AAT?$AAh?$AAu?$AA?$AA@ 000000018000d568     libucrt:nlsdata.obj
 0002:00001570       ??_C@_17HFOLPPLP@?$AAF?$AAr?$AAi?$AA?$AA@ 000000018000d570     libucrt:nlsdata.obj
 0002:00001578       ??_C@_17GGIBDPIH@?$AAS?$AAa?$AAt?$AA?$AA@ 000000018000d578     libucrt:nlsdata.obj
 0002:00001580       ??_C@_1O@IHNHDHPB@?$AAS?$AAu?$AAn?$AAd?$AAa?$AAy?$AA?$AA@ 000000018000d580     libucrt:nlsdata.obj
 0002:00001590       ??_C@_1O@MMNBFLIA@?$AAM?$AAo?$AAn?$AAd?$AAa?$AAy?$AA?$AA@ 000000018000d590     libucrt:nlsdata.obj
 0002:000015a0       ??_C@_1BA@ENFBFFEK@?$AAT?$AAu?$AAe?$AAs?$AAd?$AAa?$AAy?$AA?$AA@ 000000018000d5a0     libucrt:nlsdata.obj
 0002:000015b0       ??_C@_1BE@EBOGMDOH@?$AAW?$AAe?$AAd?$AAn?$AAe?$AAs?$AAd?$AAa?$AAy?$AA?$AA@ 000000018000d5b0     libucrt:nlsdata.obj
 0002:000015c8       ??_C@_1BC@HHMNLIHE@?$AAT?$AAh?$AAu?$AAr?$AAs?$AAd?$AAa?$AAy?$AA?$AA@ 000000018000d5c8     libucrt:nlsdata.obj
 0002:000015e0       ??_C@_1O@PDICJHAG@?$AAF?$AAr?$AAi?$AAd?$AAa?$AAy?$AA?$AA@ 000000018000d5e0     libucrt:nlsdata.obj
 0002:000015f0       ??_C@_1BC@ENMNNPAJ@?$AAS?$AAa?$AAt?$AAu?$AAr?$AAd?$AAa?$AAy?$AA?$AA@ 000000018000d5f0     libucrt:nlsdata.obj
 0002:00001608       ??_C@_17DKNBKCHM@?$AAJ?$AAa?$AAn?$AA?$AA@ 000000018000d608     libucrt:nlsdata.obj
 0002:00001610       ??_C@_17LMDJEKJN@?$AAF?$AAe?$AAb?$AA?$AA@ 000000018000d610     libucrt:nlsdata.obj
 0002:00001618       ??_C@_17CKNLEDEC@?$AAM?$AAa?$AAr?$AA?$AA@ 000000018000d618     libucrt:nlsdata.obj
 0002:00001620       ??_C@_17LFPOIHDD@?$AAA?$AAp?$AAr?$AA?$AA@ 000000018000d620     libucrt:nlsdata.obj
 0002:00001628       ??_C@_17PNNKMEED@?$AAM?$AAa?$AAy?$AA?$AA@ 000000018000d628     libucrt:nlsdata.obj
 0002:00001630       ??_C@_17KCJGOCPB@?$AAJ?$AAu?$AAn?$AA?$AA@ 000000018000d630     libucrt:nlsdata.obj
 0002:00001638       ??_C@_17IJPCKHK@?$AAJ?$AAu?$AAl?$AA?$AA@ 000000018000d638     libucrt:nlsdata.obj
 0002:00001640       ??_C@_17ICPELBCN@?$AAA?$AAu?$AAg?$AA?$AA@ 000000018000d640     libucrt:nlsdata.obj
 0002:00001648       ??_C@_17HCHCOKMG@?$AAS?$AAe?$AAp?$AA?$AA@ 000000018000d648     libucrt:nlsdata.obj
 0002:00001650       ??_C@_17FNLKOI@?$AAO?$AAc?$AAt?$AA?$AA@ 000000018000d650     libucrt:nlsdata.obj
 0002:00001658       ??_C@_17BBDMLCIG@?$AAN?$AAo?$AAv?$AA?$AA@ 000000018000d658     libucrt:nlsdata.obj
 0002:00001660       ??_C@_17EGKACKIF@?$AAD?$AAe?$AAc?$AA?$AA@ 000000018000d660     libucrt:nlsdata.obj
 0002:00001668       ??_C@_1BA@EFMEIEBA@?$AAJ?$AAa?$AAn?$AAu?$AAa?$AAr?$AAy?$AA?$AA@ 000000018000d668     libucrt:nlsdata.obj
 0002:00001678       ??_C@_1BC@JGDDFFAM@?$AAF?$AAe?$AAb?$AAr?$AAu?$AAa?$AAr?$AAy?$AA?$AA@ 000000018000d678     libucrt:nlsdata.obj
 0002:00001690       ??_C@_1M@IKEENEDF@?$AAM?$AAa?$AAr?$AAc?$AAh?$AA?$AA@ 000000018000d690     libucrt:nlsdata.obj
 0002:000016a0       ??_C@_1M@GJNLMHFD@?$AAA?$AAp?$AAr?$AAi?$AAl?$AA?$AA@ 000000018000d6a0     libucrt:nlsdata.obj
 0002:000016b0       ??_C@_19EPFLPGAP@?$AAJ?$AAu?$AAn?$AAe?$AA?$AA@ 000000018000d6b0     libucrt:nlsdata.obj
 0002:000016c0       ??_C@_19BIFMLPCD@?$AAJ?$AAu?$AAl?$AAy?$AA?$AA@ 000000018000d6c0     libucrt:nlsdata.obj
 0002:000016d0       ??_C@_1O@PAHLKOAC@?$AAA?$AAu?$AAg?$AAu?$AAs?$AAt?$AA?$AA@ 000000018000d6d0     libucrt:nlsdata.obj
 0002:000016e0       ??_C@_1BE@DKAAMBJL@?$AAS?$AAe?$AAp?$AAt?$AAe?$AAm?$AAb?$AAe?$AAr?$AA?$AA@ 000000018000d6e0     libucrt:nlsdata.obj
 0002:000016f8       ??_C@_1BA@EPANDLNG@?$AAO?$AAc?$AAt?$AAo?$AAb?$AAe?$AAr?$AA?$AA@ 000000018000d6f8     libucrt:nlsdata.obj
 0002:00001708       ??_C@_1BC@BGLIFPF@?$AAN?$AAo?$AAv?$AAe?$AAm?$AAb?$AAe?$AAr?$AA?$AA@ 000000018000d708     libucrt:nlsdata.obj
 0002:00001720       ??_C@_1BC@FEMKIFH@?$AAD?$AAe?$AAc?$AAe?$AAm?$AAb?$AAe?$AAr?$AA?$AA@ 000000018000d720     libucrt:nlsdata.obj
 0002:00001734       ??_C@_15ODEHAHHF@?$AAA?$AAM?$AA?$AA@ 000000018000d734     libucrt:nlsdata.obj
 0002:0000173c       ??_C@_15CLMNNGEL@?$AAP?$AAM?$AA?$AA@ 000000018000d73c     libucrt:nlsdata.obj
 0002:00001748       ??_C@_1BC@IEBCMHCM@?$AAM?$AAM?$AA?1?$AAd?$AAd?$AA?1?$AAy?$AAy?$AA?$AA@ 000000018000d748     libucrt:nlsdata.obj
 0002:00001760       ??_C@_1CI@KNAKOEBC@?$AAd?$AAd?$AAd?$AAd?$AA?0?$AA?5?$AAM?$AAM?$AAM?$AAM?$AA?5?$AAd?$AAd?$AA?0?$AA?5?$AAy?$AAy?$AAy?$AAy?$AA?$AA@ 000000018000d760     libucrt:nlsdata.obj
 0002:00001788       ??_C@_1BC@GDGBMEMK@?$AAH?$AAH?$AA?3?$AAm?$AAm?$AA?3?$AAs?$AAs?$AA?$AA@ 000000018000d788     libucrt:nlsdata.obj
 0002:000017a0       ??_C@_1M@BMHNFIME@?$AAe?$AAn?$AA?9?$AAU?$AAS?$AA?$AA@ 000000018000d7a0     libucrt:nlsdata.obj
 0002:00001850       ??_C@_1EG@CNNIPFIM@?$AAa?$AAp?$AAi?$AA?9?$AAm?$AAs?$AA?9?$AAw?$AAi?$AAn?$AA?9?$AAa?$AAp?$AAp?$AAm?$AAo?$AAd?$AAe?$AAl?$AA?9?$AAr?$AAu?$AAn?$AAt?$AAi?$AAm?$AAe?$AA?9?$AAl?$AA1?$AA?9?$AA1@ 000000018000d850     libucrt:winapi_thunks.obj
 0002:000018a0       ??_C@_1EA@JGEFHKEI@?$AAa?$AAp?$AAi?$AA?9?$AAm?$AAs?$AA?9?$AAw?$AAi?$AAn?$AA?9?$AAc?$AAo?$AAr?$AAe?$AA?9?$AAd?$AAa?$AAt?$AAe?$AAt?$AAi?$AAm?$AAe?$AA?9?$AAl?$AA1?$AA?9?$AA1?$AA?9?$AA1?$AA?$AA@ 000000018000d8a0     libucrt:winapi_thunks.obj
 0002:000018e0       ??_C@_1DI@GCIAAENM@?$AAa?$AAp?$AAi?$AA?9?$AAm?$AAs?$AA?9?$AAw?$AAi?$AAn?$AA?9?$AAc?$AAo?$AAr?$AAe?$AA?9?$AAf?$AAi?$AAl?$AAe?$AA?9?$AAl?$AA2?$AA?9?$AA1?$AA?9?$AA1?$AA?$AA@ 000000018000d8e0     libucrt:winapi_thunks.obj
 0002:00001920       ??_C@_1EI@MPIAOHOC@?$AAa?$AAp?$AAi?$AA?9?$AAm?$AAs?$AA?9?$AAw?$AAi?$AAn?$AA?9?$AAc?$AAo?$AAr?$AAe?$AA?9?$AAl?$AAo?$AAc?$AAa?$AAl?$AAi?$AAz?$AAa?$AAt?$AAi?$AAo?$AAn?$AA?9?$AAl?$AA1?$AA?9@ 000000018000d920     libucrt:winapi_thunks.obj
 0002:00001970       ??_C@_1FK@FPHCKFIE@?$AAa?$AAp?$AAi?$AA?9?$AAm?$AAs?$AA?9?$AAw?$AAi?$AAn?$AA?9?$AAc?$AAo?$AAr?$AAe?$AA?9?$AAl?$AAo?$AAc?$AAa?$AAl?$AAi?$AAz?$AAa?$AAt?$AAi?$AAo?$AAn?$AA?9?$AAo?$AAb?$AAs@ 000000018000d970     libucrt:winapi_thunks.obj
 0002:000019d0       ??_C@_1EM@DILCGIIO@?$AAa?$AAp?$AAi?$AA?9?$AAm?$AAs?$AA?9?$AAw?$AAi?$AAn?$AA?9?$AAc?$AAo?$AAr?$AAe?$AA?9?$AAp?$AAr?$AAo?$AAc?$AAe?$AAs?$AAs?$AAt?$AAh?$AAr?$AAe?$AAa?$AAd?$AAs?$AA?9?$AAl@ 000000018000d9d0     libucrt:winapi_thunks.obj
 0002:00001a20       ??_C@_1DM@LNCGDDPN@?$AAa?$AAp?$AAi?$AA?9?$AAm?$AAs?$AA?9?$AAw?$AAi?$AAn?$AA?9?$AAc?$AAo?$AAr?$AAe?$AA?9?$AAs?$AAt?$AAr?$AAi?$AAn?$AAg?$AA?9?$AAl?$AA1?$AA?9?$AA1?$AA?9?$AA0?$AA?$AA@ 000000018000da20     libucrt:winapi_thunks.obj
 0002:00001a60       ??_C@_1DO@FPAPJEMD@?$AAa?$AAp?$AAi?$AA?9?$AAm?$AAs?$AA?9?$AAw?$AAi?$AAn?$AA?9?$AAc?$AAo?$AAr?$AAe?$AA?9?$AAs?$AAy?$AAs?$AAi?$AAn?$AAf?$AAo?$AA?9?$AAl?$AA1?$AA?9?$AA2?$AA?9?$AA1?$AA?$AA@ 000000018000da60     libucrt:winapi_thunks.obj
 0002:00001aa0       ??_C@_1DK@NDHNAHIO@?$AAa?$AAp?$AAi?$AA?9?$AAm?$AAs?$AA?9?$AAw?$AAi?$AAn?$AA?9?$AAc?$AAo?$AAr?$AAe?$AA?9?$AAw?$AAi?$AAn?$AAr?$AAt?$AA?9?$AAl?$AA1?$AA?9?$AA1?$AA?9?$AA0?$AA?$AA@ 000000018000daa0     libucrt:winapi_thunks.obj
 0002:00001ae0       ??_C@_1DM@KGHDGBCM@?$AAa?$AAp?$AAi?$AA?9?$AAm?$AAs?$AA?9?$AAw?$AAi?$AAn?$AA?9?$AAc?$AAo?$AAr?$AAe?$AA?9?$AAx?$AAs?$AAt?$AAa?$AAt?$AAe?$AA?9?$AAl?$AA2?$AA?9?$AA1?$AA?9?$AA0?$AA?$AA@ 000000018000dae0     libucrt:winapi_thunks.obj
 0002:00001b20       ??_C@_1EO@IJIOEFOH@?$AAa?$AAp?$AAi?$AA?9?$AAm?$AAs?$AA?9?$AAw?$AAi?$AAn?$AA?9?$AAr?$AAt?$AAc?$AAo?$AAr?$AAe?$AA?9?$AAn?$AAt?$AAu?$AAs?$AAe?$AAr?$AA?9?$AAw?$AAi?$AAn?$AAd?$AAo?$AAw?$AA?9@ 000000018000db20     libucrt:winapi_thunks.obj
 0002:00001b70       ??_C@_1FG@HHGEKANL@?$AAa?$AAp?$AAi?$AA?9?$AAm?$AAs?$AA?9?$AAw?$AAi?$AAn?$AA?9?$AAs?$AAe?$AAc?$AAu?$AAr?$AAi?$AAt?$AAy?$AA?9?$AAs?$AAy?$AAs?$AAt?$AAe?$AAm?$AAf?$AAu?$AAn?$AAc?$AAt?$AAi@ 000000018000db70     libucrt:winapi_thunks.obj
 0002:00001bd0       ??_C@_1FG@NCKKOLKO@?$AAe?$AAx?$AAt?$AA?9?$AAm?$AAs?$AA?9?$AAw?$AAi?$AAn?$AA?9?$AAk?$AAe?$AAr?$AAn?$AAe?$AAl?$AA3?$AA2?$AA?9?$AAp?$AAa?$AAc?$AAk?$AAa?$AAg?$AAe?$AA?9?$AAc?$AAu?$AAr?$AAr@ 000000018000dbd0     libucrt:winapi_thunks.obj
 0002:00001c30       ??_C@_1EG@DBIOJECG@?$AAe?$AAx?$AAt?$AA?9?$AAm?$AAs?$AA?9?$AAw?$AAi?$AAn?$AA?9?$AAn?$AAt?$AAu?$AAs?$AAe?$AAr?$AA?9?$AAd?$AAi?$AAa?$AAl?$AAo?$AAg?$AAb?$AAo?$AAx?$AA?9?$AAl?$AA1?$AA?9?$AA1@ 000000018000dc30     libucrt:winapi_thunks.obj
 0002:00001c80       ??_C@_1EO@FIHMJCLF@?$AAe?$AAx?$AAt?$AA?9?$AAm?$AAs?$AA?9?$AAw?$AAi?$AAn?$AA?9?$AAn?$AAt?$AAu?$AAs?$AAe?$AAr?$AA?9?$AAw?$AAi?$AAn?$AAd?$AAo?$AAw?$AAs?$AAt?$AAa?$AAt?$AAi?$AAo?$AAn?$AA?9@ 000000018000dc80     libucrt:winapi_thunks.obj
 0002:00001cd0       ??_C@_1O@BCCLBEOE@?$AAu?$AAs?$AAe?$AAr?$AA3?$AA2?$AA?$AA@ 000000018000dcd0     libucrt:winapi_thunks.obj
 0002:00001d08       ??_C@_0BE@JOGNEJCI@GetCurrentPackageId?$AA@ 000000018000dd08     libucrt:winapi_thunks.obj
 0002:00001d30       ??_C@_0O@KKBNKAPF@LCMapStringEx?$AA@ 000000018000dd30     libucrt:winapi_thunks.obj
 0002:00001d48       ??_C@_0BB@HBDEELFH@LocaleNameToLCID?$AA@ 000000018000dd48     libucrt:winapi_thunks.obj
 0002:00001d80       ??_C@_1M@HPNHIDJI@?$AAj?$AAa?$AA?9?$AAJ?$AAP?$AA?$AA@ 000000018000dd80     libucrt:mbctype.obj
 0002:00001d90       ??_C@_1M@BIBDDEMK@?$AAz?$AAh?$AA?9?$AAC?$AAN?$AA?$AA@ 000000018000dd90     libucrt:mbctype.obj
 0002:00001da0       ??_C@_1M@JLOOOEGK@?$AAk?$AAo?$AA?9?$AAK?$AAR?$AA?$AA@ 000000018000dda0     libucrt:mbctype.obj
 0002:00001db0       ??_C@_1M@CLNBBOPM@?$AAz?$AAh?$AA?9?$AAT?$AAW?$AA?$AA@ 000000018000ddb0     libucrt:mbctype.obj
 0002:00001dc0       __newctype                 000000018000ddc0     libucrt:ctype.obj
 0002:000020c0       __newclmap                 000000018000e0c0     libucrt:ctype.obj
 0002:00002240       __newcumap                 000000018000e240     libucrt:ctype.obj
 0002:000023c0       ??_C@_15PJPFLCCM@?$AAu?$AAk?$AA?$AA@ 000000018000e3c0     libucrt:get_qualified_locale.obj
 0002:00003210       ??_C@_15EMKDOKLE@?$AAa?$AAr?$AA?$AA@ 000000018000f210     libucrt:lcidtoname_downlevel.obj
 0002:00003218       ??_C@_15KNPADPLH@?$AAb?$AAg?$AA?$AA@ 000000018000f218     libucrt:lcidtoname_downlevel.obj
 0002:00003220       ??_C@_15EDMHLDMO@?$AAc?$AAa?$AA?$AA@ 000000018000f220     libucrt:lcidtoname_downlevel.obj
 0002:00003228       ??_C@_1O@BPEAJADD@?$AAz?$AAh?$AA?9?$AAC?$AAH?$AAS?$AA?$AA@ 000000018000f228     libucrt:lcidtoname_downlevel.obj
 0002:00003238       ??_C@_15LJNHCMNK@?$AAc?$AAs?$AA?$AA@ 000000018000f238     libucrt:lcidtoname_downlevel.obj
 0002:00003240       ??_C@_15FOMCIDHG@?$AAd?$AAa?$AA?$AA@ 000000018000f240     libucrt:lcidtoname_downlevel.obj
 0002:00003248       ??_C@_15NBKABECB@?$AAd?$AAe?$AA?$AA@ 000000018000f248     libucrt:lcidtoname_downlevel.obj
 0002:00003250       ??_C@_15GHPEIIAO@?$AAe?$AAl?$AA?$AA@ 000000018000f250     libucrt:lcidtoname_downlevel.obj
 0002:00003258       ??_C@_15MNPNEAIF@?$AAe?$AAn?$AA?$AA@ 000000018000f258     libucrt:lcidtoname_downlevel.obj
 0002:00003260       ??_C@_15GPIOMPMH@?$AAe?$AAs?$AA?$AA@ 000000018000f260     libucrt:lcidtoname_downlevel.obj
 0002:00003268       ??_C@_15NGLOAKJC@?$AAf?$AAi?$AA?$AA@ 000000018000f268     libucrt:lcidtoname_downlevel.obj
 0002:00003270       ??_C@_15FBKGNKAM@?$AAf?$AAr?$AA?$AA@ 000000018000f270     libucrt:lcidtoname_downlevel.obj
 0002:00003278       ??_C@_15KGGCNEFK@?$AAh?$AAe?$AA?$AA@ 000000018000f278     libucrt:lcidtoname_downlevel.obj
 0002:00003280       ??_C@_15PGHLIDMF@?$AAh?$AAu?$AA?$AA@ 000000018000f280     libucrt:lcidtoname_downlevel.obj
 0002:00003288       ??_C@_15BIEMAPLM@?$AAi?$AAs?$AA?$AA@ 000000018000f288     libucrt:lcidtoname_downlevel.obj
 0002:00003290       ??_C@_15IFJLDHAF@?$AAi?$AAt?$AA?$AA@ 000000018000f290     libucrt:lcidtoname_downlevel.obj
 0002:00003298       ??_C@_15GEMIOCAG@?$AAj?$AAa?$AA?$AA@ 000000018000f298     libucrt:lcidtoname_downlevel.obj
 0002:000032a0       ??_C@_15EPELEGJA@?$AAk?$AAo?$AA?$AA@ 000000018000f2a0     libucrt:lcidtoname_downlevel.obj
 0002:000032a8       ??_C@_15NDDHIMN@?$AAn?$AAl?$AA?$AA@ 000000018000f2a8     libucrt:lcidtoname_downlevel.obj
 0002:000032b0       ??_C@_15BPIGNHCD@?$AAn?$AAo?$AA?$AA@ 000000018000f2b0     libucrt:lcidtoname_downlevel.obj
 0002:000032b8       ??_C@_15DEOPBLCG@?$AAp?$AAl?$AA?$AA@ 000000018000f2b8     libucrt:lcidtoname_downlevel.obj
 0002:000032c0       ??_C@_15KBECGEFG@?$AAp?$AAt?$AA?$AA@ 000000018000f2c0     libucrt:lcidtoname_downlevel.obj
 0002:000032c8       ??_C@_15GLJCBFMD@?$AAr?$AAo?$AA?$AA@ 000000018000f2c8     libucrt:lcidtoname_downlevel.obj
 0002:000032d0       ??_C@_15FEDGKCDI@?$AAr?$AAu?$AA?$AA@ 000000018000f2d0     libucrt:lcidtoname_downlevel.obj
 0002:000032d8       ??_C@_15GLKMLLHM@?$AAh?$AAr?$AA?$AA@ 000000018000f2d8     libucrt:lcidtoname_downlevel.obj
 0002:000032e0       ??_C@_15CPKMFBDB@?$AAs?$AAk?$AA?$AA@ 000000018000f2e0     libucrt:lcidtoname_downlevel.obj
 0002:000032e8       ??_C@_15BAAIOGMK@?$AAs?$AAq?$AA?$AA@ 000000018000f2e8     libucrt:lcidtoname_downlevel.obj
 0002:000032f0       ??_C@_15INNPNOHD@?$AAs?$AAv?$AA?$AA@ 000000018000f2f0     libucrt:lcidtoname_downlevel.obj
 0002:000032f8       ??_C@_15CABMMOGH@?$AAt?$AAh?$AA?$AA@ 000000018000f2f8     libucrt:lcidtoname_downlevel.obj
 0002:00003300       ??_C@_15BPLIHJJM@?$AAt?$AAr?$AA?$AA@ 000000018000f300     libucrt:lcidtoname_downlevel.obj
 0002:00003308       ??_C@_15NEOEKKDJ@?$AAu?$AAr?$AA?$AA@ 000000018000f308     libucrt:lcidtoname_downlevel.obj
 0002:00003310       ??_C@_15NFICGAJK@?$AAi?$AAd?$AA?$AA@ 000000018000f310     libucrt:lcidtoname_downlevel.obj
 0002:00003318       ??_C@_15HPJPHDM@?$AAb?$AAe?$AA?$AA@ 000000018000f318     libucrt:lcidtoname_downlevel.obj
 0002:00003320       ??_C@_15LCHLGJII@?$AAs?$AAl?$AA?$AA@ 000000018000f320     libucrt:lcidtoname_downlevel.obj
 0002:00003328       ??_C@_15PCFJPHHO@?$AAe?$AAt?$AA?$AA@ 000000018000f328     libucrt:lcidtoname_downlevel.obj
 0002:00003330       ??_C@_15HPFPGODN@?$AAl?$AAv?$AA?$AA@ 000000018000f330     libucrt:lcidtoname_downlevel.obj
 0002:00003338       ??_C@_15NFFGKGLG@?$AAl?$AAt?$AA?$AA@ 000000018000f338     libucrt:lcidtoname_downlevel.obj
 0002:00003340       ??_C@_15BDAKCCHN@?$AAf?$AAa?$AA?$AA@ 000000018000f340     libucrt:lcidtoname_downlevel.obj
 0002:00003348       ??_C@_15NFGIAIAJ@?$AAv?$AAi?$AA?$AA@ 000000018000f348     libucrt:lcidtoname_downlevel.obj
 0002:00003350       ??_C@_15LMKNDMHN@?$AAh?$AAy?$AA?$AA@ 000000018000f350     libucrt:lcidtoname_downlevel.obj
 0002:00003358       ??_C@_15IJBHMCFL@?$AAa?$AAz?$AA?$AA@ 000000018000f358     libucrt:lcidtoname_downlevel.obj
 0002:00003360       ??_C@_15EKOFJABL@?$AAe?$AAu?$AA?$AA@ 000000018000f360     libucrt:lcidtoname_downlevel.obj
 0002:00003368       ??_C@_15BGHADCNK@?$AAm?$AAk?$AA?$AA@ 000000018000f368     libucrt:lcidtoname_downlevel.obj
 0002:00003370       ??_C@_15JDNICKHM@?$AAa?$AAf?$AA?$AA@ 000000018000f370     libucrt:lcidtoname_downlevel.obj
 0002:00003378       ??_C@_15KPJEDBKD@?$AAk?$AAa?$AA?$AA@ 000000018000f378     libucrt:lcidtoname_downlevel.obj
 0002:00003380       ??_C@_15PDNFFFEO@?$AAf?$AAo?$AA?$AA@ 000000018000f380     libucrt:lcidtoname_downlevel.obj
 0002:00003388       ??_C@_15OMLEGLOC@?$AAh?$AAi?$AA?$AA@ 000000018000f388     libucrt:lcidtoname_downlevel.obj
 0002:00003390       ??_C@_15IDNNENKK@?$AAm?$AAs?$AA?$AA@ 000000018000f390     libucrt:lcidtoname_downlevel.obj
 0002:00003398       ??_C@_15MACJNBMH@?$AAk?$AAk?$AA?$AA@ 000000018000f398     libucrt:lcidtoname_downlevel.obj
 0002:000033a0       ??_C@_15DKDJEOND@?$AAk?$AAy?$AA?$AA@ 000000018000f3a0     libucrt:lcidtoname_downlevel.obj
 0002:000033a8       ??_C@_15DFGDLJBG@?$AAs?$AAw?$AA?$AA@ 000000018000f3a8     libucrt:lcidtoname_downlevel.obj
 0002:000033b0       ??_C@_15BBFAICNG@?$AAu?$AAz?$AA?$AA@ 000000018000f3b0     libucrt:lcidtoname_downlevel.obj
 0002:000033b8       ??_C@_15DKNDCGEA@?$AAt?$AAt?$AA?$AA@ 000000018000f3b8     libucrt:lcidtoname_downlevel.obj
 0002:000033c0       ??_C@_15MGIFMDPL@?$AAp?$AAa?$AA?$AA@ 000000018000f3c0     libucrt:lcidtoname_downlevel.obj
 0002:000033c8       ??_C@_15HCNDBBA@?$AAg?$AAu?$AA?$AA@ 000000018000f3c8     libucrt:lcidtoname_downlevel.obj
 0002:000033d0       ??_C@_15FNBEIBON@?$AAt?$AAa?$AA?$AA@ 000000018000f3d0     libucrt:lcidtoname_downlevel.obj
 0002:000033d8       ??_C@_15NCHGBGLK@?$AAt?$AAe?$AA?$AA@ 000000018000f3d8     libucrt:lcidtoname_downlevel.obj
 0002:000033e0       ??_C@_15PHPHCBPF@?$AAk?$AAn?$AA?$AA@ 000000018000f3e0     libucrt:lcidtoname_downlevel.obj
 0002:000033e8       ??_C@_15DLGBCKMP@?$AAm?$AAr?$AA?$AA@ 000000018000f3e8     libucrt:lcidtoname_downlevel.obj
 0002:000033f0       ??_C@_15EABBLBFF@?$AAs?$AAa?$AA?$AA@ 000000018000f3f0     libucrt:lcidtoname_downlevel.obj
 0002:000033f8       ??_C@_15CBKOMCOI@?$AAm?$AAn?$AA?$AA@ 000000018000f3f8     libucrt:lcidtoname_downlevel.obj
 0002:00003400       ??_C@_15CKDMCJAF@?$AAg?$AAl?$AA?$AA@ 000000018000f400     libucrt:lcidtoname_downlevel.obj
 0002:00003408       ??_C@_17CNJFBPG@?$AAk?$AAo?$AAk?$AA?$AA@ 000000018000f408     libucrt:lcidtoname_downlevel.obj
 0002:00003410       ??_C@_17FFBJICPL@?$AAs?$AAy?$AAr?$AA?$AA@ 000000018000f410     libucrt:lcidtoname_downlevel.obj
 0002:00003418       ??_C@_17KPNDCPAF@?$AAd?$AAi?$AAv?$AA?$AA@ 000000018000f418     libucrt:lcidtoname_downlevel.obj
 0002:00003420       ??_C@_11LOCGONAA@?$AA?$AA@ 000000018000f420     libucrt:lcidtoname_downlevel.obj
 0002:00003428       ??_C@_1M@OKAHONE@?$AAa?$AAr?$AA?9?$AAS?$AAA?$AA?$AA@ 000000018000f428     libucrt:lcidtoname_downlevel.obj
 0002:00003438       ??_C@_1M@FFFIGIGK@?$AAb?$AAg?$AA?9?$AAB?$AAG?$AA?$AA@ 000000018000f438     libucrt:lcidtoname_downlevel.obj
 0002:00003448       ??_C@_1M@BJNKEDC@?$AAc?$AAa?$AA?9?$AAE?$AAS?$AA?$AA@ 000000018000f448     libucrt:lcidtoname_downlevel.obj
 0002:00003458       ??_C@_1M@IJJHFJHA@?$AAc?$AAs?$AA?9?$AAC?$AAZ?$AA?$AA@ 000000018000f458     libucrt:lcidtoname_downlevel.obj
 0002:00003468       ??_C@_1M@CLPEOBGI@?$AAd?$AAa?$AA?9?$AAD?$AAK?$AA?$AA@ 000000018000f468     libucrt:lcidtoname_downlevel.obj
 0002:00003478       ??_C@_1M@MCMADGCB@?$AAd?$AAe?$AA?9?$AAD?$AAE?$AA?$AA@ 000000018000f478     libucrt:lcidtoname_downlevel.obj
 0002:00003488       ??_C@_1M@OOCKEMAM@?$AAe?$AAl?$AA?9?$AAG?$AAR?$AA?$AA@ 000000018000f488     libucrt:lcidtoname_downlevel.obj
 0002:00003498       ??_C@_1M@DDNJFGID@?$AAf?$AAi?$AA?9?$AAF?$AAI?$AA?$AA@ 000000018000f498     libucrt:lcidtoname_downlevel.obj
 0002:000034a8       ??_C@_1M@GLIPPMAC@?$AAf?$AAr?$AA?9?$AAF?$AAR?$AA?$AA@ 000000018000f4a8     libucrt:lcidtoname_downlevel.obj
 0002:000034b8       ??_C@_1M@GFMCHPE@?$AAh?$AAe?$AA?9?$AAI?$AAL?$AA?$AA@ 000000018000f4b8     libucrt:lcidtoname_downlevel.obj
 0002:000034c8       ??_C@_1M@MHLPGNKM@?$AAh?$AAu?$AA?9?$AAH?$AAU?$AA?$AA@ 000000018000f4c8     libucrt:lcidtoname_downlevel.obj
 0002:000034d8       ??_C@_1M@LPDDNNPN@?$AAi?$AAs?$AA?9?$AAI?$AAS?$AA?$AA@ 000000018000f4d8     libucrt:lcidtoname_downlevel.obj
 0002:000034e8       ??_C@_1M@MADIPODN@?$AAi?$AAt?$AA?9?$AAI?$AAT?$AA?$AA@ 000000018000f4e8     libucrt:lcidtoname_downlevel.obj
 0002:000034f8       ??_C@_1M@IHBJJGG@?$AAn?$AAl?$AA?9?$AAN?$AAL?$AA?$AA@ 000000018000f4f8     libucrt:lcidtoname_downlevel.obj
 0002:00003508       ??_C@_1M@EANAGDL@?$AAn?$AAb?$AA?9?$AAN?$AAO?$AA?$AA@ 000000018000f508     libucrt:lcidtoname_downlevel.obj
 0002:00003518       ??_C@_1M@NEIEMEGP@?$AAp?$AAl?$AA?9?$AAP?$AAL?$AA?$AA@ 000000018000f518     libucrt:lcidtoname_downlevel.obj
[...]
 0004:000006fc       $pdata$??$?RV<lambda_99476a1ad63dd22509b5d3e65b0ffc95>@@AEAV<lambda_ad1ced32f4ac17aa236e5ef05d6b3b7c>@@V<lambda_f7424dd8d45958661754dc4f2697e9c3>@@@?$__crt_seh_guarded_call@X@@QEAAX$$QEAV<lambda_99476a1ad63dd22509b5d3e65b0ffc95>@@AEAV<lambda_ad1ced32f4ac17aa236e5ef05d6b3b7c>@@$$QEAV<lambda_f7424dd8d45958661754dc4f2697e9c3>@@@Z 00000001800186fc     libucrt:mbctype.obj
 0004:00000708       $pdata$??R<lambda_ad1ced32f4ac17aa236e5ef05d6b3b7c>@@QEBAXXZ 0000000180018708     libucrt:mbctype.obj
 0004:00000714       $pdata$?getSystemCP@@YAHH@Z 0000000180018714     libucrt:mbctype.obj
 0004:00000720       $pdata$?setSBCS@@YAXPEAU__crt_multibyte_data@@@Z 0000000180018720     libucrt:mbctype.obj
 0004:0000072c       $pdata$?setSBUpLow@@YAXPEAU__crt_multibyte_data@@@Z 000000018001872c     libucrt:mbctype.obj
 0004:00000738       $pdata$?setmbcp_internal@@YAHH_N@Z 0000000180018738     libucrt:mbctype.obj
 0004:00000744       $pdata$__acrt_initialize_multibyte 0000000180018744     libucrt:mbctype.obj
 0004:00000750       $pdata$__acrt_update_thread_multibyte_data 0000000180018750     libucrt:mbctype.obj
 0004:0000075c       $pdata$_setmbcp_nolock     000000018001875c     libucrt:mbctype.obj
 0004:00000768       $pdata$?x_ismbbtype_l@@YAHPEAU__crt_locale_pointers@@IHH@Z 0000000180018768     libucrt:ismbbyte.obj
 0004:00000774       $pdata$__acrt_initialize_command_line 0000000180018774     libucrt:argv_data.obj
 0004:00000780       $pdata$__dcrt_get_narrow_environment_from_os 0000000180018780     libucrt:get_environment_from_os.obj
 0004:0000078c       $pdata$_recalloc_base      000000018001878c     libucrt:recalloc.obj
 0004:00000798       $pdata$__acrt_initialize_heap 0000000180018798     libucrt:heap_handle.obj
 0004:000007a4       $pdata$?initialize_inherited_file_handles_nolock@@YAXXZ 00000001800187a4     libucrt:ioinit.obj
 0004:000007b0       $pdata$?initialize_stdio_handles_nolock@@YAXXZ 00000001800187b0     libucrt:ioinit.obj
 0004:000007bc       $pdata$__acrt_initialize_lowio 00000001800187bc     libucrt:ioinit.obj
 0004:000007c8       $pdata$__acrt_uninitialize_lowio 00000001800187c8     libucrt:ioinit.obj
 0004:000007d4       $pdata$__acrt_execute_initializers 00000001800187d4     libucrt:shared_initialization.obj
 0004:000007e0       $pdata$__acrt_execute_uninitializers 00000001800187e0     libucrt:shared_initialization.obj
 0004:000007ec       $pdata$_callnewh           00000001800187ec     libucrt:new_handler.obj
 0004:000007f8       $pdata$_query_new_handler  00000001800187f8     libucrt:new_handler.obj
 0004:00000804       $pdata$??$?RV<lambda_c36588078e9f5dfd39652860aa6b3aaf>@@AEAV<lambda_ec61778202f4f5fc7e7711acc23c3bca>@@V<lambda_dc9d2797ccde5d239b4a0efae8ebd7db>@@@?$__crt_seh_guarded_call@P6AXH@Z@@QEAAP6AXH@Z$$QEAV<lambda_c36588078e9f5dfd39652860aa6b3aaf>@@AEAV<lambda_ec61778202f4f5fc7e7711acc23c3bca>@@$$QEAV<lambda_dc9d2797ccde5d239b4a0efae8ebd7db>@@@Z 0000000180018804     libucrt:signal.obj
 0004:00000810       $pdata$__acrt_get_sigabrt_handler 0000000180018810     libucrt:signal.obj
 0004:0000081c       $pdata$raise               000000018001881c     libucrt:signal.obj
 0004:00000828       $pdata$__acrt_invoke_user_matherr 0000000180018828     libucrt:matherr.obj
 0004:00000834       $pdata$_mbtowc_l           0000000180018834     libucrt:mbtowc.obj
 0004:00000840       $pdata$_fileno             0000000180018840     libucrt:fileno.obj
 0004:0000084c       $pdata$__acrt_initialize_stdio 000000018001884c     libucrt:_file.obj
 0004:00000858       $pdata$__acrt_uninitialize_stdio 0000000180018858     libucrt:_file.obj
 0004:00000864       $pdata$__pctype_func       0000000180018864     libucrt:ctype.obj
 0004:00000870       $pdata$_isctype_l          0000000180018870     libucrt:isctype.obj
 0004:0000087c       $pdata$__acrt_free_locale  000000018001887c     libucrt:locale_refcounting.obj
 0004:00000888       $pdata$__acrt_locale_free_lc_time_if_unreferenced 0000000180018888     libucrt:locale_refcounting.obj
 0004:00000894       $pdata$__acrt_release_locale_ref 0000000180018894     libucrt:locale_refcounting.obj
 0004:000008a0       $pdata$__acrt_update_thread_locale_data 00000001800188a0     libucrt:locale_refcounting.obj
 0004:000008ac       $pdata$_updatetlocinfoEx_nolock 00000001800188ac     libucrt:locale_refcounting.obj
 0004:000008b8       $pdata$_isleadbyte_l       00000001800188b8     libucrt:_wctype.obj
 0004:000008c4       $pdata$?__acrt_LCMapStringA_stat@@YAHPEAU__crt_locale_pointers@@PEB_WKPEBDHPEADHHH@Z 00000001800188c4     libucrt:lcmapstringa.obj
 0004:000008d0       $pdata$__acrt_LCMapStringA 00000001800188d0     libucrt:lcmapstringa.obj
 0004:000008dc       $pdata$__acrt_locale_free_monetary 00000001800188dc     libucrt:initmon.obj
 0004:000008e8       $pdata$__acrt_locale_free_numeric 00000001800188e8     libucrt:initnum.obj
 0004:000008f4       $pdata$?free_crt_array_internal@@YAXQEAPEBX_K@Z 00000001800188f4     libucrt:inittime.obj
 0004:00000900       $pdata$__acrt_locale_free_time 0000000180018900     libucrt:inittime.obj
 0004:0000090c       $pdata$__acrt_GetStringTypeA 000000018001890c     libucrt:getstringtypea.obj
 0004:00000918       $pdata$?GetTableIndexFromLocaleName@@YAHPEB_W@Z 0000000180018918     libucrt:lcidtoname_downlevel.obj
 0004:00000924       $pdata$__acrt_DownlevelLocaleNameToLCID 0000000180018924     libucrt:lcidtoname_downlevel.obj
 0004:00000930       $pdata$?shortsort@@YAXPEAD0_KP6AHPEBX2@Z@Z 0000000180018930     libucrt:qsort.obj
 0004:0000093c       $pdata$2$?shortsort@@YAXPEAD0_KP6AHPEBX2@Z@Z 000000018001893c     libucrt:qsort.obj
 0004:00000948       $pdata$3$?shortsort@@YAXPEAD0_KP6AHPEBX2@Z@Z 0000000180018948     libucrt:qsort.obj
 0004:00000954       $pdata$qsort               0000000180018954     libucrt:qsort.obj
 0004:00000960       $pdata$4$qsort             0000000180018960     libucrt:qsort.obj
 0004:0000096c       $pdata$5$qsort             000000018001896c     libucrt:qsort.obj
 0004:00000978       $pdata$strncpy_s           0000000180018978     libucrt:strncpy_s.obj
 0004:00000984       $pdata$strpbrk             0000000180018984     libucrt:strpbrk.obj
 0004:00000990       $pdata$_mbsdec_l           0000000180018990     libucrt:mbsdec.obj
 0004:0000099c       $pdata$?initialize_multibyte@@YAHXZ 000000018001899c     libucrt:multibyte_initializer.obj
 0004:000009a8       $pdata$_msize              00000001800189a8     libucrt:msize.obj
 0004:000009b4       $pdata$_realloc_base       00000001800189b4     libucrt:realloc_base.obj
 0004:000009c0       $pdata$__acrt_lowio_create_handle_array 00000001800189c0     libucrt:osfinfo.obj
 0004:000009cc       $pdata$__acrt_lowio_destroy_handle_array 00000001800189cc     libucrt:osfinfo.obj
 0004:000009d8       $pdata$__acrt_lowio_ensure_fh_exists 00000001800189d8     libucrt:osfinfo.obj
 0004:000009e4       $pdata$_free_osfhnd        00000001800189e4     libucrt:osfinfo.obj
 0004:000009f0       $pdata$_get_osfhandle      00000001800189f0     libucrt:osfinfo.obj
 0004:000009fc       $pdata$_isatty             00000001800189fc     libucrt:isatty.obj
 0004:00000a08       $pdata$__acrt_stdio_flush_nolock 0000000180018a08     libucrt:fflush.obj
 0004:00000a14       $pdata$_fflush_nolock      0000000180018a14     libucrt:fflush.obj
 0004:00000a20       $pdata$common_flush_all    0000000180018a20     libucrt:fflush.obj
 0004:00000a2c       $pdata$_fcloseall          0000000180018a2c     libucrt:closeall.obj
 0004:00000a38       $pdata$__acrt_stdio_free_buffer_nolock 0000000180018a38     libucrt:_freebuf.obj
 0004:00000a44       $pdata$??$?RV<lambda_b521505b218e5242e90febf6bfebc422>@@AEAV<lambda_6978c1fb23f02e42e1d9e99668cc68aa>@@V<lambda_314360699dd331753a4119843814e9a7>@@@?$__crt_seh_guarded_call@H@@QEAAH$$QEAV<lambda_b521505b218e5242e90febf6bfebc422>@@AEAV<lambda_6978c1fb23f02e42e1d9e99668cc68aa>@@$$QEAV<lambda_314360699dd331753a4119843814e9a7>@@@Z 0000000180018a44     libucrt:commit.obj
 0004:00000a50       $pdata$_commit             0000000180018a50     libucrt:commit.obj
 0004:00000a5c       $pdata$?write_double_translated_ansi_nolock@@YA?AUwrite_result@?A0x9c548279@@HQEBDI@Z 0000000180018a5c     libucrt:write.obj
 0004:00000a68       $pdata$?write_text_ansi_nolock@@YA?AUwrite_result@?A0x9c548279@@HQEBDI@Z 0000000180018a68     libucrt:write.obj
 0004:00000a74       $pdata$?write_text_utf16le_nolock@@YA?AUwrite_result@?A0x9c548279@@HQEBDI@Z 0000000180018a74     libucrt:write.obj
 0004:00000a80       $pdata$?write_text_utf8_nolock@@YA?AUwrite_result@?A0x9c548279@@HQEBDI@Z 0000000180018a80     libucrt:write.obj
 0004:00000a8c       $pdata$_write              0000000180018a8c     libucrt:write.obj
 0004:00000a98       $pdata$_write_nolock       0000000180018a98     libucrt:write.obj
 0004:00000ab0       $pdata$??$common_lseek_nolock@_J@@YA_JH_JH@Z 0000000180018ab0     libucrt:lseek.obj
 0004:00000abc       $pdata$_fclose_nolock      0000000180018abc     libucrt:fclose.obj
 0004:00000ac8       $pdata$fclose              0000000180018ac8     libucrt:fclose.obj
 0004:00000ad4       $pdata$_putwch_nolock      0000000180018ad4     libucrt:putwch.obj
 0004:00000ae0       $pdata$_call_matherr       0000000180018ae0     libucrt:libm_error.obj
 0004:00000aec       $pdata$_exception_enabled  0000000180018aec     libucrt:libm_error.obj
 0004:00000af8       $pdata$_handle_error       0000000180018af8     libucrt:libm_error.obj
 0004:00000b04       $pdata$__acrt_initialize_fma3 0000000180018b04     libucrt:fma3_available.obj
 0004:00000b10       $pdata$_log10_special      0000000180018b10     libucrt:log_special.obj
 0004:00000b1c       $pdata$_log_special_common 0000000180018b1c     libucrt:log_special.obj
 0004:00000b28       $pdata$??$?RV<lambda_bfedae4ebbf01fab1bb6dcc6a9e276e0>@@AEAV<lambda_2fe9b910cf3cbf4a0ab98a02ba45b3ec>@@V<lambda_237c231691f317818eb88cc1d5d642d6>@@@?$__crt_seh_guarded_call@H@@QEAAH$$QEAV<lambda_bfedae4ebbf01fab1bb6dcc6a9e276e0>@@AEAV<lambda_2fe9b910cf3cbf4a0ab98a02ba45b3ec>@@$$QEAV<lambda_237c231691f317818eb88cc1d5d642d6>@@@Z 0000000180018b28     libucrt:close.obj
 0004:00000b34       $pdata$_close              0000000180018b34     libucrt:close.obj
 0004:00000b40       $pdata$_close_nolock       0000000180018b40     libucrt:close.obj
 0004:00000b4c       $pdata$__dcrt_lowio_initialize_console_output 0000000180018b4c     libucrt:initcon.obj
 0004:00000b58       $pdata$__dcrt_terminate_console_output 0000000180018b58     libucrt:initcon.obj
 0004:00000b70       $pdata$_raise_exc          0000000180018b70     libucrt:fpexcept.obj
 0004:00000b7c       $pdata$_raise_exc_ex       0000000180018b7c     libucrt:fpexcept.obj
 0004:00000b88       $pdata$_set_errno_from_matherr 0000000180018b88     libucrt:fpexcept.obj
 0004:00000b94       $pdata$_clrfp              0000000180018b94     libucrt:fpctrl.obj
 0004:00000ba0       $pdata$_ctrlfp             0000000180018ba0     libucrt:fpctrl.obj
 0004:00000bac       $pdata$_set_statfp         0000000180018bac     libucrt:fpctrl.obj
 0004:00000bb8       $pdata$_statfp             0000000180018bb8     libucrt:fpctrl.obj
 0004:00000bc4       $pdata$?DloadAcquireSectionWriteAccess@@YAXXZ 0000000180018bc4     DelayImp:delayhlp.obj
 0004:00000bd0       $pdata$?DloadGetSRWLockFunctionPointers@@YAEXZ 0000000180018bd0     DelayImp:delayhlp.obj
 0004:00000bdc       $pdata$?DloadMakePermanentImageCommit@@YAXPEAX_K@Z 0000000180018bdc     DelayImp:delayhlp.obj
 0004:00000be8       $pdata$?DloadObtainSection@@YAPEAXPEAK0@Z 0000000180018be8     DelayImp:delayhlp.obj
 0004:00000bf4       $pdata$?DloadProtectSection@@YAXKPEAK@Z 0000000180018bf4     DelayImp:delayhlp.obj
 0004:00000c00       $pdata$?DloadReleaseSectionWriteAccess@@YAXXZ 0000000180018c00     DelayImp:delayhlp.obj
 0004:00000c0c       $pdata$__delayLoadHelper2  0000000180018c0c     DelayImp:delayhlp.obj
 0004:00000c18       $pdata$_IsNonwritableInCurrentImage 0000000180018c18     LIBCMT:pesect.obj
 0004:00000c24       $pdata$__GSHandlerCheck    0000000180018c24     LIBCMT:_gshandler_.obj
 0004:00000c30       $pdata$__GSHandlerCheckCommon 0000000180018c30     LIBCMT:_gshandler_.obj
 0004:00000c6c       $pdata$?fin$0@?0??dllmain_crt_process_attach@@YAHQEAUHINSTANCE__@@QEAX@Z@4HA 0000000180018c6c     LIBCMT:dll_dllmain.obj
 0004:00000c78       $pdata$?fin$0@?0??dllmain_crt_process_detach@@YAH_N@Z@4HA 0000000180018c78     LIBCMT:dll_dllmain.obj
 0004:00000c84       $pdata$?filt$0@?0??dllmain_dispatch@@YAHQEAUHINSTANCE__@@KQEAX@Z@4HA 0000000180018c84     LIBCMT:dll_dllmain.obj
 0004:00000c90       $pdata$__scrt_is_nonwritable_in_current_image$filt$0 0000000180018c90     LIBCMT:utility.obj
 0004:00000c9c       $pdata$?filt$0@?0??common_exit@@YAXHW4_crt_exit_cleanup_mode@@W4_crt_exit_return_mode@@@Z@4HA 0000000180018c9c     libucrt:exit.obj
 0004:00000ca8       $pdata$?fin$1@?0??common_exit@@YAXHW4_crt_exit_cleanup_mode@@W4_crt_exit_return_mode@@@Z@4HA 0000000180018ca8     libucrt:exit.obj
 0004:00000cb4       $pdata$?fin$0@?0???$?RV<lambda_e24bbb7b643b32fcea6fa61b31d4c984>@@AEAV<lambda_275893d493268fdec8709772e3fcec0e>@@V<lambda_9d71df4d7cf3f480f8d633942495c3b0>@@@?$__crt_seh_guarded_call@H@@QEAAH$$QEAV<lambda_e24bbb7b643b32fcea6fa61b31d4c984>@@AEAV<lambda_275893d493268fdec8709772e3fcec0e>@@$$QEAV<lambda_9d71df4d7cf3f480f8d633942495c3b0>@@@Z@4HA 0000000180018cb4     libucrt:onexit.obj
 0004:00000cc0       $pdata$__acrt_update_thread_multibyte_data$fin$0 0000000180018cc0     libucrt:mbctype.obj
 0004:00000ccc       $pdata$_query_new_handler$fin$0 0000000180018ccc     libucrt:new_handler.obj
 0004:00000cd8       $pdata$?fin$0@?0???$?RV<lambda_5e887d1dcbef67a5eb4283622ba103bf>@@AEAV<lambda_4466841279450cc726390878d4a41900>@@V<lambda_341c25c0346d94847f1f3c463c57e077>@@@?$__crt_seh_guarded_call@X@@QEAAX$$QEAV<lambda_5e887d1dcbef67a5eb4283622ba103bf>@@AEAV<lambda_4466841279450cc726390878d4a41900>@@$$QEAV<lambda_341c25c0346d94847f1f3c463c57e077>@@@Z@4HA 0000000180018cd8     libucrt:per_thread_data.obj
 0004:00000cd8       $pdata$?fin$0@?0???$?RV<lambda_46352004c1216016012b18bd6f87e700>@@AEAV<lambda_3bd07e1a1191394380780325891bf33f>@@V<lambda_334532d3f185bcaa59b5be82d7d22bff>@@@?$__crt_seh_guarded_call@X@@QEAAX$$QEAV<lambda_46352004c1216016012b18bd6f87e700>@@AEAV<lambda_3bd07e1a1191394380780325891bf33f>@@$$QEAV<lambda_334532d3f185bcaa59b5be82d7d22bff>@@@Z@4HA 0000000180018cd8     libucrt:per_thread_data.obj
 0004:00000cd8       $pdata$?fin$0@?0???$?RV<lambda_fb3a7dec4e47f37f22dae91bb15c9095>@@AEAV<lambda_698284760c8add0bfb0756c19673e34b>@@V<lambda_dfb8eca1e75fef3034a8fb18dd509707>@@@?$__crt_seh_guarded_call@X@@QEAAX$$QEAV<lambda_fb3a7dec4e47f37f22dae91bb15c9095>@@AEAV<lambda_698284760c8add0bfb0756c19673e34b>@@$$QEAV<lambda_dfb8eca1e75fef3034a8fb18dd509707>@@@Z@4HA 0000000180018cd8     libucrt:per_thread_data.obj
 0004:00000cd8       $pdata$?fin$0@?0???$?RV<lambda_c36588078e9f5dfd39652860aa6b3aaf>@@AEAV<lambda_ec61778202f4f5fc7e7711acc23c3bca>@@V<lambda_dc9d2797ccde5d239b4a0efae8ebd7db>@@@?$__crt_seh_guarded_call@P6AXH@Z@@QEAAP6AXH@Z$$QEAV<lambda_c36588078e9f5dfd39652860aa6b3aaf>@@AEAV<lambda_ec61778202f4f5fc7e7711acc23c3bca>@@$$QEAV<lambda_dc9d2797ccde5d239b4a0efae8ebd7db>@@@Z@4HA 0000000180018cd8     libucrt:signal.obj
 0004:00000cd8       $pdata$?fin$0@?0???$?RV<lambda_b8c45f8f788dd370798f47cfe8ac3a86>@@AEAV<lambda_4e60a939b0d047cfe11ddc22648dfba9>@@V<lambda_332c3edc96d0294ec56c57d38c1cdfd5>@@@?$__crt_seh_guarded_call@H@@QEAAH$$QEAV<lambda_b8c45f8f788dd370798f47cfe8ac3a86>@@AEAV<lambda_4e60a939b0d047cfe11ddc22648dfba9>@@$$QEAV<lambda_332c3edc96d0294ec56c57d38c1cdfd5>@@@Z@4HA 0000000180018cd8     libucrt:onexit.obj
 0004:00000cd8       $pdata$?fin$0@?0???$?RV<lambda_72d1df2b273a38828b1ce30cbf4cdab5>@@AEAV<lambda_876a65b173b8412d3a47c70a915b0cf4>@@V<lambda_41932305e351933ebe8f8be3ed8bb5dc>@@@?$__crt_seh_guarded_call@X@@QEAAX$$QEAV<lambda_72d1df2b273a38828b1ce30cbf4cdab5>@@AEAV<lambda_876a65b173b8412d3a47c70a915b0cf4>@@$$QEAV<lambda_41932305e351933ebe8f8be3ed8bb5dc>@@@Z@4HA 0000000180018cd8     libucrt:per_thread_data.obj
 0004:00000cd8       $pdata$?fin$0@?0???$?RV<lambda_99476a1ad63dd22509b5d3e65b0ffc95>@@AEAV<lambda_ad1ced32f4ac17aa236e5ef05d6b3b7c>@@V<lambda_f7424dd8d45958661754dc4f2697e9c3>@@@?$__crt_seh_guarded_call@X@@QEAAX$$QEAV<lambda_99476a1ad63dd22509b5d3e65b0ffc95>@@AEAV<lambda_ad1ced32f4ac17aa236e5ef05d6b3b7c>@@$$QEAV<lambda_f7424dd8d45958661754dc4f2697e9c3>@@@Z@4HA 0000000180018cd8     libucrt:mbctype.obj
 0004:00000ce4       $pdata$raise$fin$0         0000000180018ce4     libucrt:signal.obj
 0004:00000cf0       $pdata$__acrt_update_thread_locale_data$fin$0 0000000180018cf0     libucrt:locale_refcounting.obj
 0004:00000cf0       $pdata$__acrt_uninitialize_locale$fin$0 0000000180018cf0     libucrt:wsetlocale.obj
 0004:00000cfc       $pdata$__acrt_initialize_lowio$fin$0 0000000180018cfc     libucrt:ioinit.obj
 0004:00000cfc       $pdata$__acrt_lowio_ensure_fh_exists$fin$0 0000000180018cfc     libucrt:osfinfo.obj
 0004:00000d08       $pdata$common_flush_all$fin$0 0000000180018d08     libucrt:fflush.obj
 0004:00000d14       $pdata$common_flush_all$fin$1 0000000180018d14     libucrt:fflush.obj
 0004:00000d20       $pdata$_fcloseall$fin$0    0000000180018d20     libucrt:closeall.obj
 0004:00000d2c       $pdata$?fin$0@?0???$?RV<lambda_b521505b218e5242e90febf6bfebc422>@@AEAV<lambda_6978c1fb23f02e42e1d9e99668cc68aa>@@V<lambda_314360699dd331753a4119843814e9a7>@@@?$__crt_seh_guarded_call@H@@QEAAH$$QEAV<lambda_b521505b218e5242e90febf6bfebc422>@@AEAV<lambda_6978c1fb23f02e42e1d9e99668cc68aa>@@$$QEAV<lambda_314360699dd331753a4119843814e9a7>@@@Z@4HA 0000000180018d2c     libucrt:commit.obj
 0004:00000d2c       $pdata$?fin$0@?0???$?RV<lambda_bfedae4ebbf01fab1bb6dcc6a9e276e0>@@AEAV<lambda_2fe9b910cf3cbf4a0ab98a02ba45b3ec>@@V<lambda_237c231691f317818eb88cc1d5d642d6>@@@?$__crt_seh_guarded_call@H@@QEAAH$$QEAV<lambda_bfedae4ebbf01fab1bb6dcc6a9e276e0>@@AEAV<lambda_2fe9b910cf3cbf4a0ab98a02ba45b3ec>@@$$QEAV<lambda_237c231691f317818eb88cc1d5d642d6>@@@Z@4HA 0000000180018d2c     libucrt:close.obj
 0004:00000d38       $pdata$_write$fin$0        0000000180018d38     libucrt:write.obj
 0004:00000d44       $pdata$fclose$fin$0        0000000180018d44     libucrt:fclose.obj
 0004:00000d50       $pdata$_ctrlfp$filt$0      0000000180018d50     libucrt:fpctrl.obj
 0004:00000d5c       $pdata$_IsNonwritableInCurrentImage$filt$0 0000000180018d5c     LIBCMT:pesect.obj
 0005:00000000       __guard_fids__             0000000180019000     libucrt:initialization.obj
 0005:00000060       __guard_fids___acrt_initialize_ptd 0000000180019060     libucrt:per_thread_data.obj
 0005:00000064       __guard_fids_??$expand_argument_wildcards@D@@YAHQEAD0AEAV?$argument_list@D@?A0xca0879c4@@@Z 0000000180019064     libucrt:argv_wildcards.obj
 0005:00000068       __guard_fids__             0000000180019068     libucrt:locale_initializer.obj
 0005:0000006c       __guard_fids__             000000018001906c     libucrt:multibyte_initializer.obj
 0005:00000070       __guard_fids__             0000000180019070     libucrt:stdio_initializer.obj
 0005:00000074       __guard_fids__             0000000180019074     libucrt:stdio_initializer.obj
 0005:00000078       __guard_fids__             0000000180019078     libucrt:fma3_initializer.obj
 0005:0000007c       __guard_fids__             000000018001907c     libucrt:console_output_initializer.obj
 0005:00000080       __guard_fids_?dllmain_crt_process_attach@@YAHQEAUHINSTANCE__@@QEAX@Z 0000000180019080     LIBCMT:dll_dllmain.obj
 0005:00000088       __guard_fids_?dllmain_dispatch@@YAHQEAUHINSTANCE__@@KQEAX@Z 0000000180019088     LIBCMT:dll_dllmain.obj
 0005:0000008c       __guard_fids__             000000018001908c     LIBCMT:guard_support.obj
 0005:00000090       __guard_fids___vcrt_initialize_ptd 0000000180019090     libvcruntime:per_thread_data.obj
 0006:00000060       $R000000                   000000018001a060     * linker generated manifest res *

 Exports

  ordinal    name

        1    _register_microtime_
